Archive member included to satisfy reference by file (symbol)

d:/gcc_arm_msys2/bin/../lib/gcc/arm-none-eabi/10.3.1/thumb/v7-m/nofp\libgcc.a(_arm_mulsf3.o)
                              ./Output/Kalman_Filter.o (__aeabi_fmul)
d:/gcc_arm_msys2/bin/../lib/gcc/arm-none-eabi/10.3.1/thumb/v7-m/nofp\libgcc.a(_arm_addsubsf3.o)
                              ./Output/Kalman_Filter.o (__aeabi_fsub)
d:/gcc_arm_msys2/bin/../lib/gcc/arm-none-eabi/10.3.1/thumb/v7-m/nofp\libgcc.a(_arm_muldivsf3.o)
                              ./Output/Kalman_Filter.o (__aeabi_fdiv)

Memory Configuration

Name             Origin             Length             Attributes
FLASH            0x08000000         0x00010000         xr
SRAM             0x20000000         0x00005000         xrw
*default*        0x00000000         0xffffffff

Linker script and memory map

LOAD ./Output/config.o
LOAD ./Output/main.o
LOAD ./Output/startup_STM32F1.o
LOAD ./Output/ADC_Driver.o
LOAD ./Output/DMA_Driver.o
LOAD ./Output/FLASH_Driver.o
LOAD ./Output/GPIO_Driver.o
LOAD ./Output/I2C_Driver.o
LOAD ./Output/RCC_Driver.o
LOAD ./Output/TIM_Driver.o
LOAD ./Output/Kalman_Filter.o
LOAD d:/gcc_arm_msys2/bin/../lib/gcc/arm-none-eabi/10.3.1/../../../../arm-none-eabi/lib/thumb/v7-m/nofp\libc.a
LOAD d:/gcc_arm_msys2/bin/../lib/gcc/arm-none-eabi/10.3.1/../../../../arm-none-eabi/lib/thumb/v7-m/nofp\libm.a
LOAD d:/gcc_arm_msys2/bin/../lib/gcc/arm-none-eabi/10.3.1/thumb/v7-m/nofp\libgcc.a
START GROUP
LOAD d:/gcc_arm_msys2/bin/../lib/gcc/arm-none-eabi/10.3.1/thumb/v7-m/nofp\libgcc.a
LOAD d:/gcc_arm_msys2/bin/../lib/gcc/arm-none-eabi/10.3.1/../../../../arm-none-eabi/lib/thumb/v7-m/nofp\libc.a
END GROUP

.text           0x08000000     0x1098
 *(.isr_vector)
 .isr_vector    0x08000000       0xec ./Output/startup_STM32F1.o
                0x08000000                vectors
 *(.text)
 .text          0x080000ec       0x10 ./Output/config.o
                0x080000ec                config_STM32F1
 .text          0x080000fc       0x12 ./Output/main.o
                0x080000fc                main
 *fill*         0x0800010e        0x2 
 .text          0x08000110       0x90 ./Output/startup_STM32F1.o
                0x08000110                Reset_Handler
                0x08000194                EXTI2_IRQHandler
                0x08000194                DebugMon_Handler
                0x08000194                TIM1_CC_IRQHandler
                0x08000194                HardFault_Handler
                0x08000194                SysTick_Handler
                0x08000194                PendSV_Handler
                0x08000194                NMI_Handler
                0x08000194                EXTI3_IRQHandler
                0x08000194                EXTI0_IRQHandler
                0x08000194                I2C2_EV_IRQHandler
                0x08000194                UsageFault_Handler
                0x08000194                ADC1_2_IRQHandler
                0x08000194                SPI1_IRQHandler
                0x08000194                TAMPER_IRQHandler
                0x08000194                DMA1_Channel4_IRQHandler
                0x08000194                USART3_IRQHandler
                0x08000194                RTC_IRQHandler
                0x08000194                DMA1_Channel7_IRQHandler
                0x08000194                RTC_Alarm_IRQHandler
                0x08000194                CAN1_RX1_IRQHandler
                0x08000194                TIM4_IRQHandler
                0x08000194                I2C1_EV_IRQHandler
                0x08000194                DMA1_Channel6_IRQHandler
                0x08000194                TIM3_IRQHandler
                0x08000194                RCC_IRQHandler
                0x08000194                TIM1_TRG_COM_IRQHandler
                0x08000194                DMA1_Channel1_IRQHandler
                0x08000194                Default_Handler
                0x08000194                EXTI15_10_IRQHandler
                0x08000194                EXTI9_5_IRQHandler
                0x08000194                SPI2_IRQHandler
                0x08000194                MemManage_Handler
                0x08000194                SVC_Handler
                0x08000194                DMA1_Channel5_IRQHandler
                0x08000194                EXTI4_IRQHandler
                0x08000194                USB_LP_CAN1_RX0_IRQHandler
                0x08000194                USB_HP_CAN1_TX_IRQHandler
                0x08000194                DMA1_Channel3_IRQHandler
                0x08000194                TIM1_UP_IRQHandler
                0x08000194                WWDG_IRQHandler
                0x08000194                TIM2_IRQHandler
                0x08000194                PVD_Handler
                0x08000194                TIM1_BRK_IRQHandler
                0x08000194                EXTI1_IRQHandler
                0x08000194                USART2_IRQHandler
                0x08000194                I2C2_ER_IRQHandler
                0x08000194                DMA1_Channel2_IRQHandler
                0x08000194                CAN1_SCE_IRQHandler
                0x08000194                FLASH_IRQHandler
                0x08000194                BusFault_Handler
                0x08000194                USART1_IRQHandler
                0x08000194                I2C1_ER_IRQHandler
                0x08000194                USBWakeUp_IRQHandler
 .text          0x080001a0        0xc ./Output/ADC_Driver.o
                0x080001a0                config_ADC
 .text          0x080001ac        0x0 ./Output/DMA_Driver.o
 .text          0x080001ac        0x0 ./Output/FLASH_Driver.o
 .text          0x080001ac       0x74 ./Output/GPIO_Driver.o
                0x080001ac                config_GPIOC
                0x080001dc                config_GPIOB
                0x08000204                config_AFIO
 .text          0x08000220      0x434 ./Output/I2C_Driver.o
                0x08000220                config_I2C
                0x080002ac                start_I2C
                0x080002f0                stop_I2C
                0x08000310                send_address_I2C
                0x08000350                write_I2C
                0x08000394                write_mutil_I2C
                0x080003f0                read_I2C
 .text          0x08000654      0x1cc ./Output/RCC_Driver.o
                0x08000654                enable_clock_peripherals
                0x080006b8                config_RCC
 .text          0x08000820       0x9c ./Output/TIM_Driver.o
                0x08000820                config_TIM4
                0x08000860                delayUs
                0x08000898                toggle_led
 .text          0x080008bc      0x1b8 ./Output/Kalman_Filter.o
                0x080008bc                Kalman_init
                0x080008f6                Kalman_update
                0x0800099e                compute_mean
                0x080009f2                compute_variance
                0x08000a62                kalman_filter_init_with_sample
 .text          0x08000a74      0x168 d:/gcc_arm_msys2/bin/../lib/gcc/arm-none-eabi/10.3.1/thumb/v7-m/nofp\libgcc.a(_arm_mulsf3.o)
 .text          0x08000bdc      0x21c d:/gcc_arm_msys2/bin/../lib/gcc/arm-none-eabi/10.3.1/thumb/v7-m/nofp\libgcc.a(_arm_addsubsf3.o)
                0x08000bdc                __aeabi_frsub
                0x08000be4                __subsf3
                0x08000be4                __aeabi_fsub
                0x08000be8                __aeabi_fadd
                0x08000be8                __addsf3
                0x08000d48                __aeabi_ui2f
                0x08000d48                __floatunsisf
                0x08000d50                __aeabi_i2f
                0x08000d50                __floatsisf
                0x08000d6c                __aeabi_ul2f
                0x08000d6c                __floatundisf
                0x08000d7c                __aeabi_l2f
                0x08000d7c                __floatdisf
 .text          0x08000df8      0x2a0 d:/gcc_arm_msys2/bin/../lib/gcc/arm-none-eabi/10.3.1/thumb/v7-m/nofp\libgcc.a(_arm_muldivsf3.o)
                0x08000df8                __mulsf3
                0x08000df8                __aeabi_fmul
                0x08000f60                __aeabi_fdiv
                0x08000f60                __divsf3
 *(.rodata)
                0x08001098                . = ALIGN (0x4)
                0x08001098                _etext = .
                0x08001098                _la_data = LOADADDR (.data)

.glue_7         0x08001098        0x0
 .glue_7        0x08001098        0x0 linker stubs

.glue_7t        0x08001098        0x0
 .glue_7t       0x08001098        0x0 linker stubs

.vfp11_veneer   0x08001098        0x0
 .vfp11_veneer  0x08001098        0x0 linker stubs

.v4_bx          0x08001098        0x0
 .v4_bx         0x08001098        0x0 linker stubs

.iplt           0x08001098        0x0
 .iplt          0x08001098        0x0 ./Output/config.o

.rel.dyn        0x08001098        0x0
 .rel.iplt      0x08001098        0x0 ./Output/config.o

.data           0x20000000        0x0 load address 0x08001098
                0x20000000                _sdata = .
 *(.data)
 .data          0x20000000        0x0 ./Output/config.o
 .data          0x20000000        0x0 ./Output/main.o
 .data          0x20000000        0x0 ./Output/startup_STM32F1.o
 .data          0x20000000        0x0 ./Output/ADC_Driver.o
 .data          0x20000000        0x0 ./Output/DMA_Driver.o
 .data          0x20000000        0x0 ./Output/FLASH_Driver.o
 .data          0x20000000        0x0 ./Output/GPIO_Driver.o
 .data          0x20000000        0x0 ./Output/I2C_Driver.o
 .data          0x20000000        0x0 ./Output/RCC_Driver.o
 .data          0x20000000        0x0 ./Output/TIM_Driver.o
 .data          0x20000000        0x0 ./Output/Kalman_Filter.o
 .data          0x20000000        0x0 d:/gcc_arm_msys2/bin/../lib/gcc/arm-none-eabi/10.3.1/thumb/v7-m/nofp\libgcc.a(_arm_mulsf3.o)
 .data          0x20000000        0x0 d:/gcc_arm_msys2/bin/../lib/gcc/arm-none-eabi/10.3.1/thumb/v7-m/nofp\libgcc.a(_arm_addsubsf3.o)
 .data          0x20000000        0x0 d:/gcc_arm_msys2/bin/../lib/gcc/arm-none-eabi/10.3.1/thumb/v7-m/nofp\libgcc.a(_arm_muldivsf3.o)
                0x20000000                . = ALIGN (0x4)
                0x20000000                _edata = .

.igot.plt       0x20000000        0x0 load address 0x08001098
 .igot.plt      0x20000000        0x0 ./Output/config.o

.bss            0x20000000        0x0 load address 0x08001098
                0x20000000                _sbss = .
 *(.bss)
 .bss           0x20000000        0x0 ./Output/config.o
 .bss           0x20000000        0x0 ./Output/main.o
 .bss           0x20000000        0x0 ./Output/startup_STM32F1.o
 .bss           0x20000000        0x0 ./Output/ADC_Driver.o
 .bss           0x20000000        0x0 ./Output/DMA_Driver.o
 .bss           0x20000000        0x0 ./Output/FLASH_Driver.o
 .bss           0x20000000        0x0 ./Output/GPIO_Driver.o
 .bss           0x20000000        0x0 ./Output/I2C_Driver.o
 .bss           0x20000000        0x0 ./Output/RCC_Driver.o
 .bss           0x20000000        0x0 ./Output/TIM_Driver.o
 .bss           0x20000000        0x0 ./Output/Kalman_Filter.o
 .bss           0x20000000        0x0 d:/gcc_arm_msys2/bin/../lib/gcc/arm-none-eabi/10.3.1/thumb/v7-m/nofp\libgcc.a(_arm_mulsf3.o)
 .bss           0x20000000        0x0 d:/gcc_arm_msys2/bin/../lib/gcc/arm-none-eabi/10.3.1/thumb/v7-m/nofp\libgcc.a(_arm_addsubsf3.o)
 .bss           0x20000000        0x0 d:/gcc_arm_msys2/bin/../lib/gcc/arm-none-eabi/10.3.1/thumb/v7-m/nofp\libgcc.a(_arm_muldivsf3.o)
 *(.COMMON)
                0x20000000                . = ALIGN (0x4)
                0x20000000                _ebss = .
OUTPUT(./Bin/mpu_6050.elf elf32-littlearm)
LOAD linker stubs

.debug_info     0x00000000     0x1061
 .debug_info    0x00000000       0x9a ./Output/config.o
 .debug_info    0x0000009a       0x9a ./Output/main.o
 .debug_info    0x00000134      0x170 ./Output/startup_STM32F1.o
 .debug_info    0x000002a4       0x9a ./Output/ADC_Driver.o
 .debug_info    0x0000033e       0x80 ./Output/FLASH_Driver.o
 .debug_info    0x000003be      0x1a0 ./Output/GPIO_Driver.o
 .debug_info    0x0000055e      0x2fe ./Output/I2C_Driver.o
 .debug_info    0x0000085c      0x232 ./Output/RCC_Driver.o
 .debug_info    0x00000a8e      0x369 ./Output/TIM_Driver.o
 .debug_info    0x00000df7      0x26a ./Output/Kalman_Filter.o

.debug_abbrev   0x00000000      0x63d
 .debug_abbrev  0x00000000       0x44 ./Output/config.o
 .debug_abbrev  0x00000044       0x44 ./Output/main.o
 .debug_abbrev  0x00000088       0xd5 ./Output/startup_STM32F1.o
 .debug_abbrev  0x0000015d       0x44 ./Output/ADC_Driver.o
 .debug_abbrev  0x000001a1       0x26 ./Output/FLASH_Driver.o
 .debug_abbrev  0x000001c7       0x9d ./Output/GPIO_Driver.o
 .debug_abbrev  0x00000264       0xf7 ./Output/I2C_Driver.o
 .debug_abbrev  0x0000035b      0x10d ./Output/RCC_Driver.o
 .debug_abbrev  0x00000468       0xd2 ./Output/TIM_Driver.o
 .debug_abbrev  0x0000053a      0x103 ./Output/Kalman_Filter.o

.debug_aranges  0x00000000      0x138
 .debug_aranges
                0x00000000       0x20 ./Output/config.o
 .debug_aranges
                0x00000020       0x20 ./Output/main.o
 .debug_aranges
                0x00000040       0x20 ./Output/startup_STM32F1.o
 .debug_aranges
                0x00000060       0x20 ./Output/ADC_Driver.o
 .debug_aranges
                0x00000080       0x18 ./Output/FLASH_Driver.o
 .debug_aranges
                0x00000098       0x20 ./Output/GPIO_Driver.o
 .debug_aranges
                0x000000b8       0x20 ./Output/I2C_Driver.o
 .debug_aranges
                0x000000d8       0x20 ./Output/RCC_Driver.o
 .debug_aranges
                0x000000f8       0x20 ./Output/TIM_Driver.o
 .debug_aranges
                0x00000118       0x20 ./Output/Kalman_Filter.o

.debug_line     0x00000000      0x94f
 .debug_line    0x00000000       0x51 ./Output/config.o
 .debug_line    0x00000051       0x52 ./Output/main.o
 .debug_line    0x000000a3       0xf4 ./Output/startup_STM32F1.o
 .debug_line    0x00000197       0x4e ./Output/ADC_Driver.o
 .debug_line    0x000001e5        0x0 ./Output/DMA_Driver.o
 .debug_line    0x000001e5       0x1d ./Output/FLASH_Driver.o
 .debug_line    0x00000202       0x8e ./Output/GPIO_Driver.o
 .debug_line    0x00000290      0x315 ./Output/I2C_Driver.o
 .debug_line    0x000005a5      0x187 ./Output/RCC_Driver.o
 .debug_line    0x0000072c       0xd4 ./Output/TIM_Driver.o
 .debug_line    0x00000800      0x14f ./Output/Kalman_Filter.o

.debug_str      0x00000000      0x627
 .debug_str     0x00000000      0x107 ./Output/config.o
                                0x147 (size before relaxing)
 .debug_str     0x00000107       0x1e ./Output/main.o
                                0x13b (size before relaxing)
 .debug_str     0x00000125       0x7c ./Output/startup_STM32F1.o
                                0x199 (size before relaxing)
 .debug_str     0x000001a1       0x29 ./Output/ADC_Driver.o
                                0x146 (size before relaxing)
 .debug_str     0x000001ca       0x1e ./Output/DMA_Driver.o
                                 0x99 (size before relaxing)
 .debug_str     0x000001e8       0x22 ./Output/FLASH_Driver.o
                                0x13f (size before relaxing)
 .debug_str     0x0000020a       0x8b ./Output/GPIO_Driver.o
                                0x1a8 (size before relaxing)
 .debug_str     0x00000295       0xf8 ./Output/I2C_Driver.o
                                0x229 (size before relaxing)
 .debug_str     0x0000038d       0xe6 ./Output/RCC_Driver.o
                                0x208 (size before relaxing)
 .debug_str     0x00000473       0xfc ./Output/TIM_Driver.o
                                0x28a (size before relaxing)
 .debug_str     0x0000056f       0xb8 ./Output/Kalman_Filter.o
                                0x1df (size before relaxing)

.comment        0x00000000       0x49
 .comment       0x00000000       0x49 ./Output/config.o
                                 0x4a (size before relaxing)
 .comment       0x00000049       0x4a ./Output/main.o
 .comment       0x00000049       0x4a ./Output/startup_STM32F1.o
 .comment       0x00000049       0x4a ./Output/ADC_Driver.o
 .comment       0x00000049       0x4a ./Output/DMA_Driver.o
 .comment       0x00000049       0x4a ./Output/FLASH_Driver.o
 .comment       0x00000049       0x4a ./Output/GPIO_Driver.o
 .comment       0x00000049       0x4a ./Output/I2C_Driver.o
 .comment       0x00000049       0x4a ./Output/RCC_Driver.o
 .comment       0x00000049       0x4a ./Output/TIM_Driver.o
 .comment       0x00000049       0x4a ./Output/Kalman_Filter.o

.ARM.attributes
                0x00000000       0x2d
 .ARM.attributes
                0x00000000       0x2d ./Output/config.o
 .ARM.attributes
                0x0000002d       0x2d ./Output/main.o
 .ARM.attributes
                0x0000005a       0x2d ./Output/startup_STM32F1.o
 .ARM.attributes
                0x00000087       0x2d ./Output/ADC_Driver.o
 .ARM.attributes
                0x000000b4       0x2d ./Output/DMA_Driver.o
 .ARM.attributes
                0x000000e1       0x2d ./Output/FLASH_Driver.o
 .ARM.attributes
                0x0000010e       0x2d ./Output/GPIO_Driver.o
 .ARM.attributes
                0x0000013b       0x2d ./Output/I2C_Driver.o
 .ARM.attributes
                0x00000168       0x2d ./Output/RCC_Driver.o
 .ARM.attributes
                0x00000195       0x2d ./Output/TIM_Driver.o
 .ARM.attributes
                0x000001c2       0x2d ./Output/Kalman_Filter.o
 .ARM.attributes
                0x000001ef       0x1d d:/gcc_arm_msys2/bin/../lib/gcc/arm-none-eabi/10.3.1/thumb/v7-m/nofp\libgcc.a(_arm_mulsf3.o)
 .ARM.attributes
                0x0000020c       0x1d d:/gcc_arm_msys2/bin/../lib/gcc/arm-none-eabi/10.3.1/thumb/v7-m/nofp\libgcc.a(_arm_addsubsf3.o)
 .ARM.attributes
                0x00000229       0x1d d:/gcc_arm_msys2/bin/../lib/gcc/arm-none-eabi/10.3.1/thumb/v7-m/nofp\libgcc.a(_arm_muldivsf3.o)

.debug_frame    0x00000000      0x4d4
 .debug_frame   0x00000000       0x2c ./Output/config.o
 .debug_frame   0x0000002c       0x2c ./Output/main.o
 .debug_frame   0x00000058       0x50 ./Output/startup_STM32F1.o
 .debug_frame   0x000000a8       0x30 ./Output/ADC_Driver.o
 .debug_frame   0x000000d8       0x70 ./Output/GPIO_Driver.o
 .debug_frame   0x00000148      0x110 ./Output/I2C_Driver.o
 .debug_frame   0x00000258       0x90 ./Output/RCC_Driver.o
 .debug_frame   0x000002e8       0x74 ./Output/TIM_Driver.o
 .debug_frame   0x0000035c       0xd0 ./Output/Kalman_Filter.o
 .debug_frame   0x0000042c       0x24 d:/gcc_arm_msys2/bin/../lib/gcc/arm-none-eabi/10.3.1/thumb/v7-m/nofp\libgcc.a(_arm_mulsf3.o)
 .debug_frame   0x00000450       0x4c d:/gcc_arm_msys2/bin/../lib/gcc/arm-none-eabi/10.3.1/thumb/v7-m/nofp\libgcc.a(_arm_addsubsf3.o)
 .debug_frame   0x0000049c       0x38 d:/gcc_arm_msys2/bin/../lib/gcc/arm-none-eabi/10.3.1/thumb/v7-m/nofp\libgcc.a(_arm_muldivsf3.o)
