Archive member included to satisfy reference by file (symbol)

d:/gcc_arm_msys2/bin/../lib/gcc/arm-none-eabi/10.3.1/../../../../arm-none-eabi/lib/thumb/v7-m/nofp\libc.a(lib_a-memcpy.o)
                              ./FreeRtos_CM3/Output/queue.o (memcpy)
d:/gcc_arm_msys2/bin/../lib/gcc/arm-none-eabi/10.3.1/../../../../arm-none-eabi/lib/thumb/v7-m/nofp\libc.a(lib_a-memset.o)
                              ./FreeRtos_CM3/Output/heap_4.o (memset)
d:/gcc_arm_msys2/bin/../lib/gcc/arm-none-eabi/10.3.1/../../../../arm-none-eabi/lib/thumb/v7-m/nofp\libm.a(lib_a-w_pow.o)
                              ./Output/RCC_Driver.o (pow)
d:/gcc_arm_msys2/bin/../lib/gcc/arm-none-eabi/10.3.1/../../../../arm-none-eabi/lib/thumb/v7-m/nofp\libm.a(lib_a-e_pow.o)
                              d:/gcc_arm_msys2/bin/../lib/gcc/arm-none-eabi/10.3.1/../../../../arm-none-eabi/lib/thumb/v7-m/nofp\libm.a(lib_a-w_pow.o) (__ieee754_pow)
d:/gcc_arm_msys2/bin/../lib/gcc/arm-none-eabi/10.3.1/../../../../arm-none-eabi/lib/thumb/v7-m/nofp\libm.a(lib_a-e_sqrt.o)
                              d:/gcc_arm_msys2/bin/../lib/gcc/arm-none-eabi/10.3.1/../../../../arm-none-eabi/lib/thumb/v7-m/nofp\libm.a(lib_a-e_pow.o) (__ieee754_sqrt)
d:/gcc_arm_msys2/bin/../lib/gcc/arm-none-eabi/10.3.1/../../../../arm-none-eabi/lib/thumb/v7-m/nofp\libm.a(lib_a-math_err.o)
                              d:/gcc_arm_msys2/bin/../lib/gcc/arm-none-eabi/10.3.1/../../../../arm-none-eabi/lib/thumb/v7-m/nofp\libm.a(lib_a-e_pow.o) (__math_uflow)
d:/gcc_arm_msys2/bin/../lib/gcc/arm-none-eabi/10.3.1/../../../../arm-none-eabi/lib/thumb/v7-m/nofp\libm.a(lib_a-s_fabs.o)
                              d:/gcc_arm_msys2/bin/../lib/gcc/arm-none-eabi/10.3.1/../../../../arm-none-eabi/lib/thumb/v7-m/nofp\libm.a(lib_a-e_pow.o) (fabs)
d:/gcc_arm_msys2/bin/../lib/gcc/arm-none-eabi/10.3.1/../../../../arm-none-eabi/lib/thumb/v7-m/nofp\libm.a(lib_a-s_finite.o)
                              d:/gcc_arm_msys2/bin/../lib/gcc/arm-none-eabi/10.3.1/../../../../arm-none-eabi/lib/thumb/v7-m/nofp\libm.a(lib_a-w_pow.o) (finite)
d:/gcc_arm_msys2/bin/../lib/gcc/arm-none-eabi/10.3.1/../../../../arm-none-eabi/lib/thumb/v7-m/nofp\libm.a(lib_a-s_scalbn.o)
                              d:/gcc_arm_msys2/bin/../lib/gcc/arm-none-eabi/10.3.1/../../../../arm-none-eabi/lib/thumb/v7-m/nofp\libm.a(lib_a-e_pow.o) (scalbn)
d:/gcc_arm_msys2/bin/../lib/gcc/arm-none-eabi/10.3.1/thumb/v7-m/nofp\libgcc.a(_arm_muldf3.o)
                              d:/gcc_arm_msys2/bin/../lib/gcc/arm-none-eabi/10.3.1/../../../../arm-none-eabi/lib/thumb/v7-m/nofp\libm.a(lib_a-e_pow.o) (__aeabi_dmul)
d:/gcc_arm_msys2/bin/../lib/gcc/arm-none-eabi/10.3.1/thumb/v7-m/nofp\libgcc.a(_arm_mulsf3.o)
                              ./Output/Kalman_Filter.o (__aeabi_fmul)
d:/gcc_arm_msys2/bin/../lib/gcc/arm-none-eabi/10.3.1/thumb/v7-m/nofp\libgcc.a(_arm_addsubdf3.o)
                              d:/gcc_arm_msys2/bin/../lib/gcc/arm-none-eabi/10.3.1/../../../../arm-none-eabi/lib/thumb/v7-m/nofp\libm.a(lib_a-e_pow.o) (__aeabi_dsub)
d:/gcc_arm_msys2/bin/../lib/gcc/arm-none-eabi/10.3.1/thumb/v7-m/nofp\libgcc.a(_arm_muldivdf3.o)
                              ./Output/RCC_Driver.o (__aeabi_ddiv)
d:/gcc_arm_msys2/bin/../lib/gcc/arm-none-eabi/10.3.1/thumb/v7-m/nofp\libgcc.a(_arm_cmpdf2.o)
                              d:/gcc_arm_msys2/bin/../lib/gcc/arm-none-eabi/10.3.1/../../../../arm-none-eabi/lib/thumb/v7-m/nofp\libm.a(lib_a-w_pow.o) (__aeabi_dcmpeq)
d:/gcc_arm_msys2/bin/../lib/gcc/arm-none-eabi/10.3.1/thumb/v7-m/nofp\libgcc.a(_arm_unorddf2.o)
                              d:/gcc_arm_msys2/bin/../lib/gcc/arm-none-eabi/10.3.1/../../../../arm-none-eabi/lib/thumb/v7-m/nofp\libm.a(lib_a-w_pow.o) (__aeabi_dcmpun)
d:/gcc_arm_msys2/bin/../lib/gcc/arm-none-eabi/10.3.1/thumb/v7-m/nofp\libgcc.a(_arm_fixunsdfsi.o)
                              ./Output/RCC_Driver.o (__aeabi_d2uiz)
d:/gcc_arm_msys2/bin/../lib/gcc/arm-none-eabi/10.3.1/thumb/v7-m/nofp\libgcc.a(_arm_addsubsf3.o)
                              ./Output/Kalman_Filter.o (__aeabi_fsub)
d:/gcc_arm_msys2/bin/../lib/gcc/arm-none-eabi/10.3.1/thumb/v7-m/nofp\libgcc.a(_arm_muldivsf3.o)
                              ./Output/Kalman_Filter.o (__aeabi_fdiv)
d:/gcc_arm_msys2/bin/../lib/gcc/arm-none-eabi/10.3.1/thumb/v7-m/nofp\libgcc.a(_arm_cmpsf2.o)
                              ./Output/main.o (__aeabi_fcmpeq)
d:/gcc_arm_msys2/bin/../lib/gcc/arm-none-eabi/10.3.1/../../../../arm-none-eabi/lib/thumb/v7-m/nofp\libc.a(lib_a-errno.o)
                              d:/gcc_arm_msys2/bin/../lib/gcc/arm-none-eabi/10.3.1/../../../../arm-none-eabi/lib/thumb/v7-m/nofp\libm.a(lib_a-w_pow.o) (__errno)
d:/gcc_arm_msys2/bin/../lib/gcc/arm-none-eabi/10.3.1/../../../../arm-none-eabi/lib/thumb/v7-m/nofp\libc.a(lib_a-impure.o)
                              d:/gcc_arm_msys2/bin/../lib/gcc/arm-none-eabi/10.3.1/../../../../arm-none-eabi/lib/thumb/v7-m/nofp\libc.a(lib_a-errno.o) (_impure_ptr)

Memory Configuration

Name             Origin             Length             Attributes
FLASH            0x08000000         0x00010000         xr
SRAM             0x20000000         0x00005000         xrw
*default*        0x00000000         0xffffffff

Linker script and memory map

LOAD ./FreeRtos_CM3/Output/croutine.o
LOAD ./FreeRtos_CM3/Output/event_groups.o
LOAD ./FreeRtos_CM3/Output/heap_4.o
LOAD ./FreeRtos_CM3/Output/list.o
LOAD ./FreeRtos_CM3/Output/port.o
LOAD ./FreeRtos_CM3/Output/queue.o
LOAD ./FreeRtos_CM3/Output/stream_buffer.o
LOAD ./FreeRtos_CM3/Output/tasks.o
LOAD ./FreeRtos_CM3/Output/timers.o
LOAD ./Output/config.o
LOAD ./Output/freeRTOS_hook.o
LOAD ./Output/handler.o
LOAD ./Output/main.o
LOAD ./Output/startup_STM32F1.o
LOAD ./Output/vTask1.o
LOAD ./Output/vTask2.o
LOAD ./Output/vTask3.o
LOAD ./Output/vTask4.o
LOAD ./Output/ADC_Driver.o
LOAD ./Output/AFIO_Driver.o
LOAD ./Output/DMA_Driver.o
LOAD ./Output/EXTI_Driver.o
LOAD ./Output/FLASH_Driver.o
LOAD ./Output/GPIO_Driver.o
LOAD ./Output/I2C_Driver.o
LOAD ./Output/NVIC_Driver.o
LOAD ./Output/RCC_Driver.o
LOAD ./Output/TIM_Driver.o
LOAD ./Output/USART_Driver.o
LOAD ./Output/Kalman_Filter.o
LOAD ./Output/Motor.o
LOAD ./Output/Servo.o
LOAD d:/gcc_arm_msys2/bin/../lib/gcc/arm-none-eabi/10.3.1/../../../../arm-none-eabi/lib/thumb/v7-m/nofp\libc.a
LOAD d:/gcc_arm_msys2/bin/../lib/gcc/arm-none-eabi/10.3.1/../../../../arm-none-eabi/lib/thumb/v7-m/nofp\libm.a
LOAD d:/gcc_arm_msys2/bin/../lib/gcc/arm-none-eabi/10.3.1/thumb/v7-m/nofp\libgcc.a
START GROUP
LOAD d:/gcc_arm_msys2/bin/../lib/gcc/arm-none-eabi/10.3.1/thumb/v7-m/nofp\libgcc.a
LOAD d:/gcc_arm_msys2/bin/../lib/gcc/arm-none-eabi/10.3.1/../../../../arm-none-eabi/lib/thumb/v7-m/nofp\libc.a
END GROUP

.text           0x08000000     0x8c5c
 *(.isr_vector)
 .isr_vector    0x08000000       0xec ./Output/startup_STM32F1.o
                0x08000000                vectors
 *(.isr_vector)
 *(.text)
 .text          0x080000ec        0x0 ./FreeRtos_CM3/Output/croutine.o
 .text          0x080000ec      0x5e8 ./FreeRtos_CM3/Output/event_groups.o
                0x080000ec                xEventGroupCreate
                0x0800011a                xEventGroupSync
                0x08000278                xEventGroupWaitBits
                0x08000414                xEventGroupClearBits
                0x08000484                xEventGroupGetBitsFromISR
                0x080004ca                xEventGroupSetBits
                0x080005e0                vEventGroupDelete
                0x0800065e                vEventGroupSetBitsCallback
                0x08000678                vEventGroupClearBitsCallback
 .text          0x080006d4      0x4ec ./FreeRtos_CM3/Output/heap_4.o
                0x080006d4                pvPortMalloc
                0x08000850                vPortFree
                0x08000908                xPortGetFreeHeapSize
                0x0800091c                xPortGetMinimumEverFreeHeapSize
                0x08000930                vPortInitialiseBlocks
                0x0800093c                pvPortCalloc
                0x08000b04                vPortGetHeapStats
 .text          0x08000bc0      0x15e ./FreeRtos_CM3/Output/list.o
                0x08000bc0                vListInitialise
                0x08000bfe                vListInitialiseItem
                0x08000c16                vListInsertEnd
                0x08000c5c                vListInsert
                0x08000ccc                uxListRemove
 *fill*         0x08000d1e        0x2 
 .text          0x08000d20      0x40c ./FreeRtos_CM3/Output/port.o
                0x08000d20                pxPortInitialiseStack
                0x08000dd0                SVC_Handler
                0x08000e16                xPortStartScheduler
                0x08000ef8                vPortEndScheduler
                0x08000f2c                vPortEnterCritical
                0x08000f8c                vPortExitCritical
                0x08000fdc                PendSV_Handler
                0x08001026                SysTick_Handler
                0x0800106c                vPortSetupTimerInterrupt
                0x080010b0                vPortValidateInterruptPriority
 .text          0x0800112c     0x11bc ./FreeRtos_CM3/Output/queue.o
                0x0800112c                xQueueGenericReset
                0x0800124c                xQueueGenericCreate
                0x08001326                xQueueGenericSend
                0x08001524                xQueueGenericSendFromISR
                0x08001688                xQueueGiveFromISR
                0x080017d0                xQueueReceive
                0x08001990                xQueueSemaphoreTake
                0x08001b34                xQueuePeek
                0x08001cf8                xQueueReceiveFromISR
                0x08001e26                xQueuePeekFromISR
                0x08001ef8                uxQueueMessagesWaiting
                0x08001f34                uxQueueSpacesAvailable
                0x08001f7a                uxQueueMessagesWaitingFromISR
                0x08001fb4                vQueueDelete
                0x080021be                xQueueIsQueueEmptyFromISR
                0x08002234                xQueueIsQueueFullFromISR
                0x0800227e                vQueueWaitForMessageRestricted
 .text          0x080022e8      0xcd6 ./FreeRtos_CM3/Output/stream_buffer.o
                0x080022e8                xStreamBufferGenericCreate
                0x080023b6                vStreamBufferDelete
                0x08002404                xStreamBufferReset
                0x08002482                xStreamBufferSetTriggerLevel
                0x080024dc                xStreamBufferSpacesAvailable
                0x08002550                xStreamBufferBytesAvailable
                0x0800258a                xStreamBufferSend
                0x08002724                xStreamBufferSendFromISR
                0x0800289a                xStreamBufferReceive
                0x080029ca                xStreamBufferNextMessageLengthBytes
                0x08002a52                xStreamBufferReceiveFromISR
                0x08002baa                xStreamBufferIsEmpty
                0x08002bf8                xStreamBufferIsFull
                0x08002c58                xStreamBufferSendCompletedFromISR
                0x08002ce2                xStreamBufferReceiveCompletedFromISR
 *fill*         0x08002fbe        0x2 
 .text          0x08002fc0     0x2530 ./FreeRtos_CM3/Output/tasks.o
                0x08002fc0                xTaskCreate
                0x08003288                vTaskDelete
                0x080033b0                xTaskDelayUntil
                0x080034ac                vTaskDelay
                0x08003514                uxTaskPriorityGet
                0x08003548                uxTaskPriorityGetFromISR
                0x080035a0                vTaskPrioritySet
                0x08003734                vTaskSuspend
                0x080038d4                vTaskResume
                0x080039e0                xTaskResumeFromISR
                0x08003b1c                vTaskStartScheduler
                0x08003bc0                vTaskEndScheduler
                0x08003bf0                vTaskSuspendAll
                0x08003c0c                xTaskResumeAll
                0x08003e04                xTaskGetTickCount
                0x08003e20                xTaskGetTickCountFromISR
                0x08003e44                uxTaskGetNumberOfTasks
                0x08003e58                pcTaskGetName
                0x08003ea0                xTaskCatchUpTicks
                0x08003ef8                xTaskIncrementTick
                0x08004124                vTaskSwitchContext
                0x08004224                vTaskPlaceOnEventList
                0x0800426c                vTaskPlaceOnUnorderedEventList
                0x08004318                vTaskPlaceOnEventListRestricted
                0x080043a4                xTaskRemoveFromEventList
                0x08004550                vTaskRemoveFromUnorderedEventList
                0x080046d0                vTaskSetTimeOutState
                0x0800471c                vTaskInternalSetTimeOutState
                0x08004748                xTaskCheckForTimeOut
                0x08004814                vTaskMissedYield
                0x0800498c                xTaskGetCurrentTaskHandle
                0x080049a8                xTaskGetSchedulerState
                0x080049e4                uxTaskResetEventItemValue
                0x08004a14                ulTaskGenericNotifyTake
                0x08004aec                xTaskGenericNotifyWait
                0x08004bf4                xTaskGenericNotify
                0x08004e48                xTaskGenericNotifyFromISR
                0x0800510c                vTaskGenericNotifyGiveFromISR
                0x0800531c                xTaskGenericNotifyStateClear
                0x08005390                ulTaskGenericNotifyValueClear
 .text          0x080054f0      0x8b8 ./FreeRtos_CM3/Output/timers.o
                0x080054f0                xTimerCreateTimerTask
                0x08005554                xTimerCreate
                0x08005606                xTimerGenericCommand
                0x080056a0                xTimerGetTimerDaemonTaskHandle
                0x080056d8                xTimerGetPeriod
                0x0800570e                vTimerSetReloadMode
                0x08005774                xTimerGetReloadMode
                0x080057c6                uxTimerGetReloadMode
                0x080057de                xTimerGetExpiryTime
                0x08005818                pcTimerGetName
                0x08005cd4                xTimerIsTimerActive
                0x08005d26                pvTimerGetTimerID
                0x08005d66                vTimerSetTimerID
 .text          0x08005da8       0x54 ./Output/config.o
                0x08005da8                config_STM32F1
 .text          0x08005dfc       0x12 ./Output/freeRTOS_hook.o
                0x08005dfc                vApplicationMallocFailedHook
                0x08005e02                vApplicationStackOverflowHook
 *fill*         0x08005e0e        0x2 
 .text          0x08005e10       0x5c ./Output/handler.o
                0x08005e10                HardFault_Handler
                0x08005e1a                EXTI0_IRQHandler
                0x08005e3c                USART1_IRQHandler
 .text          0x08005e6c       0xcc ./Output/main.o
                0x08005e6c                main
 .text          0x08005f38       0x90 ./Output/startup_STM32F1.o
                0x08005f38                Reset_Handler
                0x08005fbc                EXTI2_IRQHandler
                0x08005fbc                DebugMon_Handler
                0x08005fbc                TIM1_CC_IRQHandler
                0x08005fbc                NMI_Handler
                0x08005fbc                EXTI3_IRQHandler
                0x08005fbc                I2C2_EV_IRQHandler
                0x08005fbc                UsageFault_Handler
                0x08005fbc                ADC1_2_IRQHandler
                0x08005fbc                SPI1_IRQHandler
                0x08005fbc                TAMPER_IRQHandler
                0x08005fbc                DMA1_Channel4_IRQHandler
                0x08005fbc                USART3_IRQHandler
                0x08005fbc                RTC_IRQHandler
                0x08005fbc                DMA1_Channel7_IRQHandler
                0x08005fbc                RTC_Alarm_IRQHandler
                0x08005fbc                CAN1_RX1_IRQHandler
                0x08005fbc                TIM4_IRQHandler
                0x08005fbc                I2C1_EV_IRQHandler
                0x08005fbc                DMA1_Channel6_IRQHandler
                0x08005fbc                TIM3_IRQHandler
                0x08005fbc                RCC_IRQHandler
                0x08005fbc                TIM1_TRG_COM_IRQHandler
                0x08005fbc                DMA1_Channel1_IRQHandler
                0x08005fbc                Default_Handler
                0x08005fbc                EXTI15_10_IRQHandler
                0x08005fbc                EXTI9_5_IRQHandler
                0x08005fbc                SPI2_IRQHandler
                0x08005fbc                MemManage_Handler
                0x08005fbc                DMA1_Channel5_IRQHandler
                0x08005fbc                EXTI4_IRQHandler
                0x08005fbc                USB_LP_CAN1_RX0_IRQHandler
                0x08005fbc                USB_HP_CAN1_TX_IRQHandler
                0x08005fbc                DMA1_Channel3_IRQHandler
                0x08005fbc                TIM1_UP_IRQHandler
                0x08005fbc                WWDG_IRQHandler
                0x08005fbc                TIM2_IRQHandler
                0x08005fbc                PVD_Handler
                0x08005fbc                TIM1_BRK_IRQHandler
                0x08005fbc                EXTI1_IRQHandler
                0x08005fbc                USART2_IRQHandler
                0x08005fbc                I2C2_ER_IRQHandler
                0x08005fbc                DMA1_Channel2_IRQHandler
                0x08005fbc                CAN1_SCE_IRQHandler
                0x08005fbc                FLASH_IRQHandler
                0x08005fbc                BusFault_Handler
                0x08005fbc                I2C1_ER_IRQHandler
                0x08005fbc                USBWakeUp_IRQHandler
 .text          0x08005fc8       0x10 ./Output/vTask1.o
                0x08005fc8                vTask1
 .text          0x08005fd8       0x20 ./Output/vTask2.o
                0x08005fd8                vTask2
 .text          0x08005ff8       0x68 ./Output/vTask3.o
                0x08005ff8                vTask3
 .text          0x08006060      0x1dc ./Output/vTask4.o
                0x08006060                vTask4
 .text          0x0800623c      0x108 ./Output/ADC_Driver.o
                0x0800623c                config_ADC1
 .text          0x08006344       0x38 ./Output/AFIO_Driver.o
                0x08006344                config_AFIO
 .text          0x0800637c       0xd4 ./Output/DMA_Driver.o
                0x0800637c                config_DMA1
                0x08006418                initDMAChannel
 .text          0x08006450       0x28 ./Output/EXTI_Driver.o
                0x08006450                config_EXTI
 .text          0x08006478      0x3a4 ./Output/FLASH_Driver.o
                0x08006478                config_FLASH
                0x08006494                Flash_Lock
                0x080064b0                Flash_Unlock
                0x080064d4                Flash_Erase
                0x08006540                Flash_Write_16bits
                0x080065cc                Flash_Read_16bits
                0x0800661e                Flash_Write_8bits
                0x080066a8                Flash_Read_8bits
                0x080066f8                Flash_Write_32bits
                0x080067b0                Flash_Read_32bits
 .text          0x0800681c      0x110 ./Output/GPIO_Driver.o
                0x0800681c                config_GPIOA
                0x080068c0                config_GPIOC
                0x080068f4                config_GPIOB
 .text          0x0800692c      0x444 ./Output/I2C_Driver.o
                0x0800692c                config_I2C
                0x080069c8                start_I2C
                0x08006a0c                stop_I2C
                0x08006a2c                send_address_I2C
                0x08006a6c                write_I2C
                0x08006ab0                write_mutil_I2C
                0x08006b0c                read_I2C
 .text          0x08006d70       0xd4 ./Output/NVIC_Driver.o
                0x08006e24                config_NVIC
 *fill*         0x08006e44        0x4 
 .text          0x08006e48      0x2fc ./Output/RCC_Driver.o
                0x08006e48                config_RCC
 .text          0x08007144      0x31c ./Output/TIM_Driver.o
                0x08007144                config_TIM1
                0x0800724c                config_TIM2
                0x080072f4                config_TIM3
                0x080073b4                config_TIM4
                0x08007404                toggle_led
                0x08007428                delayUs
 .text          0x08007460       0xf4 ./Output/USART_Driver.o
                0x08007460                config_UART1
                0x0800749c                config_UART2
                0x080074f8                config_UART3
 .text          0x08007554      0x1b8 ./Output/Kalman_Filter.o
                0x08007554                Kalman_init
                0x0800758e                Kalman_update
                0x08007636                compute_mean
                0x0800768a                compute_variance
                0x080076fa                kalman_filter_init_with_sample
 .text          0x0800770c       0xc0 ./Output/Motor.o
                0x0800770c                control_DC1
                0x0800773c                control_DC2
                0x0800776c                control_DC3
                0x0800779c                control_DC4
 .text          0x080077cc       0xd8 ./Output/Servo.o
                0x080077cc                servo1
                0x08007838                servo2
 .text          0x080078a4       0xec d:/gcc_arm_msys2/bin/../lib/gcc/arm-none-eabi/10.3.1/../../../../arm-none-eabi/lib/thumb/v7-m/nofp\libc.a(lib_a-memcpy.o)
                0x080078a4                memcpy
 .text          0x08007990        0x0 d:/gcc_arm_msys2/bin/../lib/gcc/arm-none-eabi/10.3.1/../../../../arm-none-eabi/lib/thumb/v7-m/nofp\libc.a(lib_a-memset.o)
 .text          0x08007990        0x0 d:/gcc_arm_msys2/bin/../lib/gcc/arm-none-eabi/10.3.1/../../../../arm-none-eabi/lib/thumb/v7-m/nofp\libm.a(lib_a-w_pow.o)
 .text          0x08007990        0x0 d:/gcc_arm_msys2/bin/../lib/gcc/arm-none-eabi/10.3.1/../../../../arm-none-eabi/lib/thumb/v7-m/nofp\libm.a(lib_a-e_pow.o)
 .text          0x08007990        0x0 d:/gcc_arm_msys2/bin/../lib/gcc/arm-none-eabi/10.3.1/../../../../arm-none-eabi/lib/thumb/v7-m/nofp\libm.a(lib_a-e_sqrt.o)
 .text          0x08007990        0x0 d:/gcc_arm_msys2/bin/../lib/gcc/arm-none-eabi/10.3.1/../../../../arm-none-eabi/lib/thumb/v7-m/nofp\libm.a(lib_a-math_err.o)
 .text          0x08007990        0x0 d:/gcc_arm_msys2/bin/../lib/gcc/arm-none-eabi/10.3.1/../../../../arm-none-eabi/lib/thumb/v7-m/nofp\libm.a(lib_a-s_fabs.o)
 .text          0x08007990        0x0 d:/gcc_arm_msys2/bin/../lib/gcc/arm-none-eabi/10.3.1/../../../../arm-none-eabi/lib/thumb/v7-m/nofp\libm.a(lib_a-s_finite.o)
 .text          0x08007990        0x0 d:/gcc_arm_msys2/bin/../lib/gcc/arm-none-eabi/10.3.1/../../../../arm-none-eabi/lib/thumb/v7-m/nofp\libm.a(lib_a-s_scalbn.o)
 .text          0x08007990      0x254 d:/gcc_arm_msys2/bin/../lib/gcc/arm-none-eabi/10.3.1/thumb/v7-m/nofp\libgcc.a(_arm_muldf3.o)
 .text          0x08007be4      0x168 d:/gcc_arm_msys2/bin/../lib/gcc/arm-none-eabi/10.3.1/thumb/v7-m/nofp\libgcc.a(_arm_mulsf3.o)
 .text          0x08007d4c      0x378 d:/gcc_arm_msys2/bin/../lib/gcc/arm-none-eabi/10.3.1/thumb/v7-m/nofp\libgcc.a(_arm_addsubdf3.o)
                0x08007d4c                __aeabi_drsub
                0x08007d54                __aeabi_dsub
                0x08007d54                __subdf3
                0x08007d58                __aeabi_dadd
                0x08007d58                __adddf3
                0x08007fd0                __floatunsidf
                0x08007fd0                __aeabi_ui2d
                0x08007ff0                __floatsidf
                0x08007ff0                __aeabi_i2d
                0x08008014                __aeabi_f2d
                0x08008014                __extendsfdf2
                0x08008058                __floatundidf
                0x08008058                __aeabi_ul2d
                0x08008068                __floatdidf
                0x08008068                __aeabi_l2d
 .text          0x080080c4      0x424 d:/gcc_arm_msys2/bin/../lib/gcc/arm-none-eabi/10.3.1/thumb/v7-m/nofp\libgcc.a(_arm_muldivdf3.o)
                0x080080c4                __aeabi_dmul
                0x080080c4                __muldf3
                0x08008318                __divdf3
                0x08008318                __aeabi_ddiv
 .text          0x080084e8      0x110 d:/gcc_arm_msys2/bin/../lib/gcc/arm-none-eabi/10.3.1/thumb/v7-m/nofp\libgcc.a(_arm_cmpdf2.o)
                0x080084e8                __gtdf2
                0x080084e8                __gedf2
                0x080084f0                __ltdf2
                0x080084f0                __ledf2
                0x080084f8                __nedf2
                0x080084f8                __eqdf2
                0x080084f8                __cmpdf2
                0x08008574                __aeabi_cdrcmple
                0x08008584                __aeabi_cdcmpeq
                0x08008584                __aeabi_cdcmple
                0x08008594                __aeabi_dcmpeq
                0x080085a8                __aeabi_dcmplt
                0x080085bc                __aeabi_dcmple
                0x080085d0                __aeabi_dcmpge
                0x080085e4                __aeabi_dcmpgt
 .text          0x080085f8       0x2c d:/gcc_arm_msys2/bin/../lib/gcc/arm-none-eabi/10.3.1/thumb/v7-m/nofp\libgcc.a(_arm_unorddf2.o)
                0x080085f8                __unorddf2
                0x080085f8                __aeabi_dcmpun
 .text          0x08008624       0x40 d:/gcc_arm_msys2/bin/../lib/gcc/arm-none-eabi/10.3.1/thumb/v7-m/nofp\libgcc.a(_arm_fixunsdfsi.o)
                0x08008624                __aeabi_d2uiz
                0x08008624                __fixunsdfsi
 .text          0x08008664      0x21c d:/gcc_arm_msys2/bin/../lib/gcc/arm-none-eabi/10.3.1/thumb/v7-m/nofp\libgcc.a(_arm_addsubsf3.o)
                0x08008664                __aeabi_frsub
                0x0800866c                __subsf3
                0x0800866c                __aeabi_fsub
                0x08008670                __aeabi_fadd
                0x08008670                __addsf3
                0x080087d0                __aeabi_ui2f
                0x080087d0                __floatunsisf
                0x080087d8                __aeabi_i2f
                0x080087d8                __floatsisf
                0x080087f4                __aeabi_ul2f
                0x080087f4                __floatundisf
                0x08008804                __aeabi_l2f
                0x08008804                __floatdisf
 .text          0x08008880      0x2a0 d:/gcc_arm_msys2/bin/../lib/gcc/arm-none-eabi/10.3.1/thumb/v7-m/nofp\libgcc.a(_arm_muldivsf3.o)
                0x08008880                __mulsf3
                0x08008880                __aeabi_fmul
                0x080089e8                __aeabi_fdiv
                0x080089e8                __divsf3
 .text          0x08008b20       0xec d:/gcc_arm_msys2/bin/../lib/gcc/arm-none-eabi/10.3.1/thumb/v7-m/nofp\libgcc.a(_arm_cmpsf2.o)
                0x08008b20                __gesf2
                0x08008b20                __gtsf2
                0x08008b28                __lesf2
                0x08008b28                __ltsf2
                0x08008b30                __nesf2
                0x08008b30                __eqsf2
                0x08008b30                __cmpsf2
                0x08008b90                __aeabi_cfrcmple
                0x08008b98                __aeabi_cfcmpeq
                0x08008b98                __aeabi_cfcmple
                0x08008ba8                __aeabi_fcmpeq
                0x08008bbc                __aeabi_fcmplt
                0x08008bd0                __aeabi_fcmple
                0x08008be4                __aeabi_fcmpge
                0x08008bf8                __aeabi_fcmpgt
 .text          0x08008c0c        0x0 d:/gcc_arm_msys2/bin/../lib/gcc/arm-none-eabi/10.3.1/../../../../arm-none-eabi/lib/thumb/v7-m/nofp\libc.a(lib_a-errno.o)
 .text          0x08008c0c        0x0 d:/gcc_arm_msys2/bin/../lib/gcc/arm-none-eabi/10.3.1/../../../../arm-none-eabi/lib/thumb/v7-m/nofp\libc.a(lib_a-impure.o)
 *(.rodata)
 .rodata        0x08008c0c        0x4 ./FreeRtos_CM3/Output/heap_4.o
 .rodata        0x08008c10        0x4 ./FreeRtos_CM3/Output/port.o
 .rodata        0x08008c14        0x5 ./FreeRtos_CM3/Output/tasks.o
 *fill*         0x08008c19        0x3 
 .rodata        0x08008c1c        0x8 ./FreeRtos_CM3/Output/timers.o
 .rodata        0x08008c24       0x36 ./Output/main.o
                0x08008c5c                . = ALIGN (0x4)
 *fill*         0x08008c5a        0x2 
                0x08008c5c                _etext = .
                0x08009cdc                _la_data = LOADADDR (.data)

.glue_7         0x08008c5c        0x0
 .glue_7        0x08008c5c        0x0 linker stubs

.glue_7t        0x08008c5c        0x0
 .glue_7t       0x08008c5c        0x0 linker stubs

.vfp11_veneer   0x08008c5c        0x0
 .vfp11_veneer  0x08008c5c        0x0 linker stubs

.v4_bx          0x08008c5c        0x0
 .v4_bx         0x08008c5c        0x0 linker stubs

.iplt           0x08008c5c        0x0
 .iplt          0x08008c5c        0x0 ./FreeRtos_CM3/Output/event_groups.o

.text.memset    0x08008c5c       0xa4
 .text.memset   0x08008c5c       0xa4 d:/gcc_arm_msys2/bin/../lib/gcc/arm-none-eabi/10.3.1/../../../../arm-none-eabi/lib/thumb/v7-m/nofp\libc.a(lib_a-memset.o)
                0x08008c5c                memset

.text.pow       0x08008d00       0xdc
 .text.pow      0x08008d00       0xdc d:/gcc_arm_msys2/bin/../lib/gcc/arm-none-eabi/10.3.1/../../../../arm-none-eabi/lib/thumb/v7-m/nofp\libm.a(lib_a-w_pow.o)
                0x08008d00                pow

.text.__ieee754_pow
                0x08008de0      0xb08
 .text.__ieee754_pow
                0x08008de0      0xb08 d:/gcc_arm_msys2/bin/../lib/gcc/arm-none-eabi/10.3.1/../../../../arm-none-eabi/lib/thumb/v7-m/nofp\libm.a(lib_a-e_pow.o)
                0x08008de0                __ieee754_pow

.text.__ieee754_sqrt
                0x080098e8      0x18c
 .text.__ieee754_sqrt
                0x080098e8      0x18c d:/gcc_arm_msys2/bin/../lib/gcc/arm-none-eabi/10.3.1/../../../../arm-none-eabi/lib/thumb/v7-m/nofp\libm.a(lib_a-e_sqrt.o)
                0x080098e8                __ieee754_sqrt

.text.with_errno
                0x08009a74       0x18
 .text.with_errno
                0x08009a74       0x18 d:/gcc_arm_msys2/bin/../lib/gcc/arm-none-eabi/10.3.1/../../../../arm-none-eabi/lib/thumb/v7-m/nofp\libm.a(lib_a-math_err.o)

.text.xflow     0x08009a8c       0x30
 .text.xflow    0x08009a8c       0x30 d:/gcc_arm_msys2/bin/../lib/gcc/arm-none-eabi/10.3.1/../../../../arm-none-eabi/lib/thumb/v7-m/nofp\libm.a(lib_a-math_err.o)

.text.__math_uflow
                0x08009abc        0xc
 .text.__math_uflow
                0x08009abc        0xc d:/gcc_arm_msys2/bin/../lib/gcc/arm-none-eabi/10.3.1/../../../../arm-none-eabi/lib/thumb/v7-m/nofp\libm.a(lib_a-math_err.o)
                0x08009abc                __math_uflow

.text.__math_may_uflow
                0x08009ac8        0xc
 .text.__math_may_uflow
                0x08009ac8        0xc d:/gcc_arm_msys2/bin/../lib/gcc/arm-none-eabi/10.3.1/../../../../arm-none-eabi/lib/thumb/v7-m/nofp\libm.a(lib_a-math_err.o)
                0x08009ac8                __math_may_uflow

.text.__math_oflow
                0x08009ad4        0xc
 .text.__math_oflow
                0x08009ad4        0xc d:/gcc_arm_msys2/bin/../lib/gcc/arm-none-eabi/10.3.1/../../../../arm-none-eabi/lib/thumb/v7-m/nofp\libm.a(lib_a-math_err.o)
                0x08009ad4                __math_oflow

.text.__math_divzero
                0x08009ae0       0x34
 .text.__math_divzero
                0x08009ae0       0x34 d:/gcc_arm_msys2/bin/../lib/gcc/arm-none-eabi/10.3.1/../../../../arm-none-eabi/lib/thumb/v7-m/nofp\libm.a(lib_a-math_err.o)
                0x08009ae0                __math_divzero

.text.__math_invalid
                0x08009b14       0x3c
 .text.__math_invalid
                0x08009b14       0x3c d:/gcc_arm_msys2/bin/../lib/gcc/arm-none-eabi/10.3.1/../../../../arm-none-eabi/lib/thumb/v7-m/nofp\libm.a(lib_a-math_err.o)
                0x08009b14                __math_invalid

.text.__math_check_uflow
                0x08009b50       0x24
 .text.__math_check_uflow
                0x08009b50       0x24 d:/gcc_arm_msys2/bin/../lib/gcc/arm-none-eabi/10.3.1/../../../../arm-none-eabi/lib/thumb/v7-m/nofp\libm.a(lib_a-math_err.o)
                0x08009b50                __math_check_uflow

.text.__math_check_oflow
                0x08009b74       0x44
 .text.__math_check_oflow
                0x08009b74       0x44 d:/gcc_arm_msys2/bin/../lib/gcc/arm-none-eabi/10.3.1/../../../../arm-none-eabi/lib/thumb/v7-m/nofp\libm.a(lib_a-math_err.o)
                0x08009b74                __math_check_oflow

.text.fabs      0x08009bb8        0x8
 .text.fabs     0x08009bb8        0x8 d:/gcc_arm_msys2/bin/../lib/gcc/arm-none-eabi/10.3.1/../../../../arm-none-eabi/lib/thumb/v7-m/nofp\libm.a(lib_a-s_fabs.o)
                0x08009bb8                fabs

.text.finite    0x08009bc0        0xc
 .text.finite   0x08009bc0        0xc d:/gcc_arm_msys2/bin/../lib/gcc/arm-none-eabi/10.3.1/../../../../arm-none-eabi/lib/thumb/v7-m/nofp\libm.a(lib_a-s_finite.o)
                0x08009bc0                finite

.text.scalbn    0x08009bd0       0xfc
 .text.scalbn   0x08009bd0       0xfc d:/gcc_arm_msys2/bin/../lib/gcc/arm-none-eabi/10.3.1/../../../../arm-none-eabi/lib/thumb/v7-m/nofp\libm.a(lib_a-s_scalbn.o)
                0x08009bd0                scalbn

.text.__errno   0x08009ccc        0xc
 .text.__errno  0x08009ccc        0xc d:/gcc_arm_msys2/bin/../lib/gcc/arm-none-eabi/10.3.1/../../../../arm-none-eabi/lib/thumb/v7-m/nofp\libc.a(lib_a-errno.o)
                0x08009ccc                __errno

.rodata._global_impure_ptr
                0x08009cd8        0x4
 .rodata._global_impure_ptr
                0x08009cd8        0x4 d:/gcc_arm_msys2/bin/../lib/gcc/arm-none-eabi/10.3.1/../../../../arm-none-eabi/lib/thumb/v7-m/nofp\libc.a(lib_a-impure.o)
                0x08009cd8                _global_impure_ptr

.rel.dyn        0x08009cdc        0x0
 .rel.iplt      0x08009cdc        0x0 ./FreeRtos_CM3/Output/event_groups.o

.data           0x20000000       0x24 load address 0x08009cdc
                0x20000000                _sdata = .
 *(.data)
 .data          0x20000000        0x0 ./FreeRtos_CM3/Output/croutine.o
 .data          0x20000000        0x0 ./FreeRtos_CM3/Output/event_groups.o
 .data          0x20000000        0x0 ./FreeRtos_CM3/Output/heap_4.o
 .data          0x20000000        0x0 ./FreeRtos_CM3/Output/list.o
 .data          0x20000000        0x4 ./FreeRtos_CM3/Output/port.o
 .data          0x20000004        0x0 ./FreeRtos_CM3/Output/queue.o
 .data          0x20000004        0x0 ./FreeRtos_CM3/Output/stream_buffer.o
 .data          0x20000004        0x4 ./FreeRtos_CM3/Output/tasks.o
                0x20000004                uxTopUsedPriority
 .data          0x20000008        0x0 ./FreeRtos_CM3/Output/timers.o
 .data          0x20000008        0x0 ./Output/config.o
 .data          0x20000008        0x0 ./Output/freeRTOS_hook.o
 .data          0x20000008        0x0 ./Output/handler.o
 .data          0x20000008       0x14 ./Output/main.o
                0x20000008                writeBuff
 .data          0x2000001c        0x0 ./Output/startup_STM32F1.o
 .data          0x2000001c        0x0 ./Output/vTask1.o
 .data          0x2000001c        0x0 ./Output/vTask2.o
 .data          0x2000001c        0x0 ./Output/vTask3.o
 .data          0x2000001c        0x0 ./Output/vTask4.o
 .data          0x2000001c        0x0 ./Output/ADC_Driver.o
 .data          0x2000001c        0x0 ./Output/AFIO_Driver.o
 .data          0x2000001c        0x0 ./Output/DMA_Driver.o
 .data          0x2000001c        0x0 ./Output/EXTI_Driver.o
 .data          0x2000001c        0x0 ./Output/FLASH_Driver.o
 .data          0x2000001c        0x0 ./Output/GPIO_Driver.o
 .data          0x2000001c        0x0 ./Output/I2C_Driver.o
 .data          0x2000001c        0x0 ./Output/NVIC_Driver.o
 .data          0x2000001c        0x0 ./Output/RCC_Driver.o
 .data          0x2000001c        0x0 ./Output/TIM_Driver.o
 .data          0x2000001c        0x8 ./Output/USART_Driver.o
                0x2000001c                uartPositionHeadU2
                0x20000020                uartPositionHeadU3
 .data          0x20000024        0x0 ./Output/Kalman_Filter.o
 .data          0x20000024        0x0 ./Output/Motor.o
 .data          0x20000024        0x0 ./Output/Servo.o
 .data          0x20000024        0x0 d:/gcc_arm_msys2/bin/../lib/gcc/arm-none-eabi/10.3.1/../../../../arm-none-eabi/lib/thumb/v7-m/nofp\libc.a(lib_a-memcpy.o)
 .data          0x20000024        0x0 d:/gcc_arm_msys2/bin/../lib/gcc/arm-none-eabi/10.3.1/../../../../arm-none-eabi/lib/thumb/v7-m/nofp\libc.a(lib_a-memset.o)
 .data          0x20000024        0x0 d:/gcc_arm_msys2/bin/../lib/gcc/arm-none-eabi/10.3.1/../../../../arm-none-eabi/lib/thumb/v7-m/nofp\libm.a(lib_a-w_pow.o)
 .data          0x20000024        0x0 d:/gcc_arm_msys2/bin/../lib/gcc/arm-none-eabi/10.3.1/../../../../arm-none-eabi/lib/thumb/v7-m/nofp\libm.a(lib_a-e_pow.o)
 .data          0x20000024        0x0 d:/gcc_arm_msys2/bin/../lib/gcc/arm-none-eabi/10.3.1/../../../../arm-none-eabi/lib/thumb/v7-m/nofp\libm.a(lib_a-e_sqrt.o)
 .data          0x20000024        0x0 d:/gcc_arm_msys2/bin/../lib/gcc/arm-none-eabi/10.3.1/../../../../arm-none-eabi/lib/thumb/v7-m/nofp\libm.a(lib_a-math_err.o)
 .data          0x20000024        0x0 d:/gcc_arm_msys2/bin/../lib/gcc/arm-none-eabi/10.3.1/../../../../arm-none-eabi/lib/thumb/v7-m/nofp\libm.a(lib_a-s_fabs.o)
 .data          0x20000024        0x0 d:/gcc_arm_msys2/bin/../lib/gcc/arm-none-eabi/10.3.1/../../../../arm-none-eabi/lib/thumb/v7-m/nofp\libm.a(lib_a-s_finite.o)
 .data          0x20000024        0x0 d:/gcc_arm_msys2/bin/../lib/gcc/arm-none-eabi/10.3.1/../../../../arm-none-eabi/lib/thumb/v7-m/nofp\libm.a(lib_a-s_scalbn.o)
 .data          0x20000024        0x0 d:/gcc_arm_msys2/bin/../lib/gcc/arm-none-eabi/10.3.1/thumb/v7-m/nofp\libgcc.a(_arm_muldf3.o)
 .data          0x20000024        0x0 d:/gcc_arm_msys2/bin/../lib/gcc/arm-none-eabi/10.3.1/thumb/v7-m/nofp\libgcc.a(_arm_mulsf3.o)
 .data          0x20000024        0x0 d:/gcc_arm_msys2/bin/../lib/gcc/arm-none-eabi/10.3.1/thumb/v7-m/nofp\libgcc.a(_arm_addsubdf3.o)
 .data          0x20000024        0x0 d:/gcc_arm_msys2/bin/../lib/gcc/arm-none-eabi/10.3.1/thumb/v7-m/nofp\libgcc.a(_arm_muldivdf3.o)
 .data          0x20000024        0x0 d:/gcc_arm_msys2/bin/../lib/gcc/arm-none-eabi/10.3.1/thumb/v7-m/nofp\libgcc.a(_arm_cmpdf2.o)
 .data          0x20000024        0x0 d:/gcc_arm_msys2/bin/../lib/gcc/arm-none-eabi/10.3.1/thumb/v7-m/nofp\libgcc.a(_arm_unorddf2.o)
 .data          0x20000024        0x0 d:/gcc_arm_msys2/bin/../lib/gcc/arm-none-eabi/10.3.1/thumb/v7-m/nofp\libgcc.a(_arm_fixunsdfsi.o)
 .data          0x20000024        0x0 d:/gcc_arm_msys2/bin/../lib/gcc/arm-none-eabi/10.3.1/thumb/v7-m/nofp\libgcc.a(_arm_addsubsf3.o)
 .data          0x20000024        0x0 d:/gcc_arm_msys2/bin/../lib/gcc/arm-none-eabi/10.3.1/thumb/v7-m/nofp\libgcc.a(_arm_muldivsf3.o)
 .data          0x20000024        0x0 d:/gcc_arm_msys2/bin/../lib/gcc/arm-none-eabi/10.3.1/thumb/v7-m/nofp\libgcc.a(_arm_cmpsf2.o)
 .data          0x20000024        0x0 d:/gcc_arm_msys2/bin/../lib/gcc/arm-none-eabi/10.3.1/../../../../arm-none-eabi/lib/thumb/v7-m/nofp\libc.a(lib_a-errno.o)
 .data          0x20000024        0x0 d:/gcc_arm_msys2/bin/../lib/gcc/arm-none-eabi/10.3.1/../../../../arm-none-eabi/lib/thumb/v7-m/nofp\libc.a(lib_a-impure.o)
                0x20000024                . = ALIGN (0x4)
                0x20000024                _edata = .

.igot.plt       0x20000024        0x0 load address 0x08009d00
 .igot.plt      0x20000024        0x0 ./FreeRtos_CM3/Output/event_groups.o

.data._impure_ptr
                0x20000024        0x4 load address 0x08009d00
 .data._impure_ptr
                0x20000024        0x4 d:/gcc_arm_msys2/bin/../lib/gcc/arm-none-eabi/10.3.1/../../../../arm-none-eabi/lib/thumb/v7-m/nofp\libc.a(lib_a-impure.o)
                0x20000024                _impure_ptr

.data.impure_data
                0x20000028      0x428 load address 0x08009d04
 .data.impure_data
                0x20000028      0x428 d:/gcc_arm_msys2/bin/../lib/gcc/arm-none-eabi/10.3.1/../../../../arm-none-eabi/lib/thumb/v7-m/nofp\libc.a(lib_a-impure.o)

.bss            0x20000450     0x29dc load address 0x0800a12c
                0x20000450                _sbss = .
 *(.bss)
 .bss           0x20000450        0x0 ./FreeRtos_CM3/Output/croutine.o
 .bss           0x20000450        0x0 ./FreeRtos_CM3/Output/event_groups.o
 .bss           0x20000450     0x281c ./FreeRtos_CM3/Output/heap_4.o
 .bss           0x20002c6c        0x0 ./FreeRtos_CM3/Output/list.o
 .bss           0x20002c6c        0x8 ./FreeRtos_CM3/Output/port.o
 .bss           0x20002c74        0x0 ./FreeRtos_CM3/Output/queue.o
 .bss           0x20002c74        0x0 ./FreeRtos_CM3/Output/stream_buffer.o
 .bss           0x20002c74      0x104 ./FreeRtos_CM3/Output/tasks.o
                0x20002c74                pxCurrentTCB
 .bss           0x20002d78       0x3c ./FreeRtos_CM3/Output/timers.o
 .bss           0x20002db4        0x0 ./Output/config.o
 .bss           0x20002db4        0x0 ./Output/freeRTOS_hook.o
 .bss           0x20002db4        0x0 ./Output/handler.o
 .bss           0x20002db4       0x14 ./Output/main.o
                0x20002db4                readBuff
 .bss           0x20002dc8        0x0 ./Output/startup_STM32F1.o
 .bss           0x20002dc8        0x0 ./Output/vTask1.o
 .bss           0x20002dc8        0x2 ./Output/vTask2.o
                0x20002dc8                temCNT
 .bss           0x20002dca        0x8 ./Output/vTask3.o
                0x20002dca                speedMotor1
                0x20002dcc                speedMotor2
                0x20002dce                speedMotor3
                0x20002dd0                speedMotor4
 .bss           0x20002dd2        0x0 ./Output/vTask4.o
 *fill*         0x20002dd2        0x2 
 .bss           0x20002dd4       0x24 ./Output/ADC_Driver.o
                0x20002dd4                clockADC
                0x20002dd8                valueADC1
 .bss           0x20002df8        0x0 ./Output/AFIO_Driver.o
 .bss           0x20002df8        0x0 ./Output/DMA_Driver.o
 .bss           0x20002df8        0x0 ./Output/EXTI_Driver.o
 .bss           0x20002df8        0x0 ./Output/FLASH_Driver.o
 .bss           0x20002df8        0x0 ./Output/GPIO_Driver.o
 .bss           0x20002df8        0x0 ./Output/I2C_Driver.o
 .bss           0x20002df8        0x0 ./Output/NVIC_Driver.o
 .bss           0x20002df8       0x10 ./Output/RCC_Driver.o
                0x20002df8                SystemCoreClock
                0x20002dfc                clockOfHCLK
                0x20002e00                clockOfPCLK1
                0x20002e04                clockOfPCLK2
 .bss           0x20002e08        0x0 ./Output/TIM_Driver.o
 .bss           0x20002e08       0x21 ./Output/USART_Driver.o
                0x20002e08                rxBufferU2
                0x20002e14                rxBufferU3
                0x20002e28                rxDataU1
 .bss           0x20002e29        0x0 ./Output/Kalman_Filter.o
 .bss           0x20002e29        0x0 ./Output/Motor.o
 .bss           0x20002e29        0x0 ./Output/Servo.o
 .bss           0x20002e29        0x0 d:/gcc_arm_msys2/bin/../lib/gcc/arm-none-eabi/10.3.1/../../../../arm-none-eabi/lib/thumb/v7-m/nofp\libc.a(lib_a-memcpy.o)
 .bss           0x20002e29        0x0 d:/gcc_arm_msys2/bin/../lib/gcc/arm-none-eabi/10.3.1/../../../../arm-none-eabi/lib/thumb/v7-m/nofp\libc.a(lib_a-memset.o)
 .bss           0x20002e29        0x0 d:/gcc_arm_msys2/bin/../lib/gcc/arm-none-eabi/10.3.1/../../../../arm-none-eabi/lib/thumb/v7-m/nofp\libm.a(lib_a-w_pow.o)
 .bss           0x20002e29        0x0 d:/gcc_arm_msys2/bin/../lib/gcc/arm-none-eabi/10.3.1/../../../../arm-none-eabi/lib/thumb/v7-m/nofp\libm.a(lib_a-e_pow.o)
 .bss           0x20002e29        0x0 d:/gcc_arm_msys2/bin/../lib/gcc/arm-none-eabi/10.3.1/../../../../arm-none-eabi/lib/thumb/v7-m/nofp\libm.a(lib_a-e_sqrt.o)
 .bss           0x20002e29        0x0 d:/gcc_arm_msys2/bin/../lib/gcc/arm-none-eabi/10.3.1/../../../../arm-none-eabi/lib/thumb/v7-m/nofp\libm.a(lib_a-math_err.o)
 .bss           0x20002e29        0x0 d:/gcc_arm_msys2/bin/../lib/gcc/arm-none-eabi/10.3.1/../../../../arm-none-eabi/lib/thumb/v7-m/nofp\libm.a(lib_a-s_fabs.o)
 .bss           0x20002e29        0x0 d:/gcc_arm_msys2/bin/../lib/gcc/arm-none-eabi/10.3.1/../../../../arm-none-eabi/lib/thumb/v7-m/nofp\libm.a(lib_a-s_finite.o)
 .bss           0x20002e29        0x0 d:/gcc_arm_msys2/bin/../lib/gcc/arm-none-eabi/10.3.1/../../../../arm-none-eabi/lib/thumb/v7-m/nofp\libm.a(lib_a-s_scalbn.o)
 .bss           0x20002e29        0x0 d:/gcc_arm_msys2/bin/../lib/gcc/arm-none-eabi/10.3.1/thumb/v7-m/nofp\libgcc.a(_arm_muldf3.o)
 .bss           0x20002e29        0x0 d:/gcc_arm_msys2/bin/../lib/gcc/arm-none-eabi/10.3.1/thumb/v7-m/nofp\libgcc.a(_arm_mulsf3.o)
 .bss           0x20002e29        0x0 d:/gcc_arm_msys2/bin/../lib/gcc/arm-none-eabi/10.3.1/thumb/v7-m/nofp\libgcc.a(_arm_addsubdf3.o)
 .bss           0x20002e29        0x0 d:/gcc_arm_msys2/bin/../lib/gcc/arm-none-eabi/10.3.1/thumb/v7-m/nofp\libgcc.a(_arm_muldivdf3.o)
 .bss           0x20002e29        0x0 d:/gcc_arm_msys2/bin/../lib/gcc/arm-none-eabi/10.3.1/thumb/v7-m/nofp\libgcc.a(_arm_cmpdf2.o)
 .bss           0x20002e29        0x0 d:/gcc_arm_msys2/bin/../lib/gcc/arm-none-eabi/10.3.1/thumb/v7-m/nofp\libgcc.a(_arm_unorddf2.o)
 .bss           0x20002e29        0x0 d:/gcc_arm_msys2/bin/../lib/gcc/arm-none-eabi/10.3.1/thumb/v7-m/nofp\libgcc.a(_arm_fixunsdfsi.o)
 .bss           0x20002e29        0x0 d:/gcc_arm_msys2/bin/../lib/gcc/arm-none-eabi/10.3.1/thumb/v7-m/nofp\libgcc.a(_arm_addsubsf3.o)
 .bss           0x20002e29        0x0 d:/gcc_arm_msys2/bin/../lib/gcc/arm-none-eabi/10.3.1/thumb/v7-m/nofp\libgcc.a(_arm_muldivsf3.o)
 .bss           0x20002e29        0x0 d:/gcc_arm_msys2/bin/../lib/gcc/arm-none-eabi/10.3.1/thumb/v7-m/nofp\libgcc.a(_arm_cmpsf2.o)
 .bss           0x20002e29        0x0 d:/gcc_arm_msys2/bin/../lib/gcc/arm-none-eabi/10.3.1/../../../../arm-none-eabi/lib/thumb/v7-m/nofp\libc.a(lib_a-errno.o)
 .bss           0x20002e29        0x0 d:/gcc_arm_msys2/bin/../lib/gcc/arm-none-eabi/10.3.1/../../../../arm-none-eabi/lib/thumb/v7-m/nofp\libc.a(lib_a-impure.o)
 *(.COMMON)
                0x20002e2c                . = ALIGN (0x4)
 *fill*         0x20002e29        0x3 
                0x20002e2c                _ebss = .
OUTPUT(./Bin/robot_line.elf elf32-littlearm)
LOAD linker stubs

.debug_info     0x00000000     0x9d34
 .debug_info    0x00000000       0x72 ./FreeRtos_CM3/Output/croutine.o
 .debug_info    0x00000072      0x892 ./FreeRtos_CM3/Output/event_groups.o
 .debug_info    0x00000904      0x500 ./FreeRtos_CM3/Output/heap_4.o
 .debug_info    0x00000e04      0x2cd ./FreeRtos_CM3/Output/list.o
 .debug_info    0x000010d1      0x49d ./FreeRtos_CM3/Output/port.o
 .debug_info    0x0000156e     0x132c ./FreeRtos_CM3/Output/queue.o
 .debug_info    0x0000289a     0x1131 ./FreeRtos_CM3/Output/stream_buffer.o
 .debug_info    0x000039cb     0x1eb5 ./FreeRtos_CM3/Output/tasks.o
 .debug_info    0x00005880      0xc19 ./FreeRtos_CM3/Output/timers.o
 .debug_info    0x00006499      0x274 ./Output/config.o
 .debug_info    0x0000670d       0xec ./Output/freeRTOS_hook.o
 .debug_info    0x000067f9      0x24e ./Output/handler.o
 .debug_info    0x00006a47      0x15c ./Output/main.o
 .debug_info    0x00006ba3      0x183 ./Output/startup_STM32F1.o
 .debug_info    0x00006d26       0xd0 ./Output/vTask1.o
 .debug_info    0x00006df6      0x346 ./Output/vTask2.o
 .debug_info    0x0000713c      0x130 ./Output/vTask3.o
 .debug_info    0x0000726c      0x182 ./Output/vTask4.o
 .debug_info    0x000073ee      0x35d ./Output/ADC_Driver.o
 .debug_info    0x0000774b      0x1ba ./Output/AFIO_Driver.o
 .debug_info    0x00007905      0x21c ./Output/DMA_Driver.o
 .debug_info    0x00007b21      0x11a ./Output/EXTI_Driver.o
 .debug_info    0x00007c3b      0x423 ./Output/FLASH_Driver.o
 .debug_info    0x0000805e      0x1e3 ./Output/GPIO_Driver.o
 .debug_info    0x00008241      0x3e2 ./Output/I2C_Driver.o
 .debug_info    0x00008623      0x2aa ./Output/NVIC_Driver.o
 .debug_info    0x000088cd      0x314 ./Output/RCC_Driver.o
 .debug_info    0x00008be1      0x4c0 ./Output/TIM_Driver.o
 .debug_info    0x000090a1      0x327 ./Output/USART_Driver.o
 .debug_info    0x000093c8      0x26a ./Output/Kalman_Filter.o
 .debug_info    0x00009632      0x398 ./Output/Motor.o
 .debug_info    0x000099ca      0x36a ./Output/Servo.o

.debug_abbrev   0x00000000     0x2316
 .debug_abbrev  0x00000000       0x26 ./FreeRtos_CM3/Output/croutine.o
 .debug_abbrev  0x00000026      0x20b ./FreeRtos_CM3/Output/event_groups.o
 .debug_abbrev  0x00000231      0x1f2 ./FreeRtos_CM3/Output/heap_4.o
 .debug_abbrev  0x00000423       0xef ./FreeRtos_CM3/Output/list.o
 .debug_abbrev  0x00000512      0x22c ./FreeRtos_CM3/Output/port.o
 .debug_abbrev  0x0000073e      0x207 ./FreeRtos_CM3/Output/queue.o
 .debug_abbrev  0x00000945      0x220 ./FreeRtos_CM3/Output/stream_buffer.o
 .debug_abbrev  0x00000b65      0x2b8 ./FreeRtos_CM3/Output/tasks.o
 .debug_abbrev  0x00000e1d      0x20e ./FreeRtos_CM3/Output/timers.o
 .debug_abbrev  0x0000102b       0xbf ./Output/config.o
 .debug_abbrev  0x000010ea       0x92 ./Output/freeRTOS_hook.o
 .debug_abbrev  0x0000117c       0xb8 ./Output/handler.o
 .debug_abbrev  0x00001234       0xb0 ./Output/main.o
 .debug_abbrev  0x000012e4       0xeb ./Output/startup_STM32F1.o
 .debug_abbrev  0x000013cf       0x6b ./Output/vTask1.o
 .debug_abbrev  0x0000143a       0xc5 ./Output/vTask2.o
 .debug_abbrev  0x000014ff       0x7e ./Output/vTask3.o
 .debug_abbrev  0x0000157d       0xbc ./Output/vTask4.o
 .debug_abbrev  0x00001639      0x182 ./Output/ADC_Driver.o
 .debug_abbrev  0x000017bb       0x9d ./Output/AFIO_Driver.o
 .debug_abbrev  0x00001858      0x106 ./Output/DMA_Driver.o
 .debug_abbrev  0x0000195e       0x8b ./Output/EXTI_Driver.o
 .debug_abbrev  0x000019e9      0x128 ./Output/FLASH_Driver.o
 .debug_abbrev  0x00001b11       0x8b ./Output/GPIO_Driver.o
 .debug_abbrev  0x00001b9c       0xf7 ./Output/I2C_Driver.o
 .debug_abbrev  0x00001c93       0xce ./Output/NVIC_Driver.o
 .debug_abbrev  0x00001d61      0x12f ./Output/RCC_Driver.o
 .debug_abbrev  0x00001e90      0x125 ./Output/TIM_Driver.o
 .debug_abbrev  0x00001fb5       0xbf ./Output/USART_Driver.o
 .debug_abbrev  0x00002074      0x103 ./Output/Kalman_Filter.o
 .debug_abbrev  0x00002177       0xc7 ./Output/Motor.o
 .debug_abbrev  0x0000223e       0xd8 ./Output/Servo.o

.debug_aranges  0x00000000      0x3f8
 .debug_aranges
                0x00000000       0x18 ./FreeRtos_CM3/Output/croutine.o
 .debug_aranges
                0x00000018       0x20 ./FreeRtos_CM3/Output/event_groups.o
 .debug_aranges
                0x00000038       0x20 ./FreeRtos_CM3/Output/heap_4.o
 .debug_aranges
                0x00000058       0x20 ./FreeRtos_CM3/Output/list.o
 .debug_aranges
                0x00000078       0x20 ./FreeRtos_CM3/Output/port.o
 .debug_aranges
                0x00000098       0x20 ./FreeRtos_CM3/Output/queue.o
 .debug_aranges
                0x000000b8       0x20 ./FreeRtos_CM3/Output/stream_buffer.o
 .debug_aranges
                0x000000d8       0x20 ./FreeRtos_CM3/Output/tasks.o
 .debug_aranges
                0x000000f8       0x20 ./FreeRtos_CM3/Output/timers.o
 .debug_aranges
                0x00000118       0x20 ./Output/config.o
 .debug_aranges
                0x00000138       0x20 ./Output/freeRTOS_hook.o
 .debug_aranges
                0x00000158       0x20 ./Output/handler.o
 .debug_aranges
                0x00000178       0x20 ./Output/main.o
 .debug_aranges
                0x00000198       0x20 ./Output/startup_STM32F1.o
 .debug_aranges
                0x000001b8       0x20 ./Output/vTask1.o
 .debug_aranges
                0x000001d8       0x20 ./Output/vTask2.o
 .debug_aranges
                0x000001f8       0x20 ./Output/vTask3.o
 .debug_aranges
                0x00000218       0x20 ./Output/vTask4.o
 .debug_aranges
                0x00000238       0x20 ./Output/ADC_Driver.o
 .debug_aranges
                0x00000258       0x20 ./Output/AFIO_Driver.o
 .debug_aranges
                0x00000278       0x20 ./Output/DMA_Driver.o
 .debug_aranges
                0x00000298       0x20 ./Output/EXTI_Driver.o
 .debug_aranges
                0x000002b8       0x20 ./Output/FLASH_Driver.o
 .debug_aranges
                0x000002d8       0x20 ./Output/GPIO_Driver.o
 .debug_aranges
                0x000002f8       0x20 ./Output/I2C_Driver.o
 .debug_aranges
                0x00000318       0x20 ./Output/NVIC_Driver.o
 .debug_aranges
                0x00000338       0x20 ./Output/RCC_Driver.o
 .debug_aranges
                0x00000358       0x20 ./Output/TIM_Driver.o
 .debug_aranges
                0x00000378       0x20 ./Output/USART_Driver.o
 .debug_aranges
                0x00000398       0x20 ./Output/Kalman_Filter.o
 .debug_aranges
                0x000003b8       0x20 ./Output/Motor.o
 .debug_aranges
                0x000003d8       0x20 ./Output/Servo.o

.debug_line     0x00000000     0x5c4d
 .debug_line    0x00000000       0x1d ./FreeRtos_CM3/Output/croutine.o
 .debug_line    0x0000001d      0x47d ./FreeRtos_CM3/Output/event_groups.o
 .debug_line    0x0000049a      0x407 ./FreeRtos_CM3/Output/heap_4.o
 .debug_line    0x000008a1      0x1b5 ./FreeRtos_CM3/Output/list.o
 .debug_line    0x00000a56      0x315 ./FreeRtos_CM3/Output/port.o
 .debug_line    0x00000d6b      0xcb5 ./FreeRtos_CM3/Output/queue.o
 .debug_line    0x00001a20      0x8d7 ./FreeRtos_CM3/Output/stream_buffer.o
 .debug_line    0x000022f7     0x112a ./FreeRtos_CM3/Output/tasks.o
 .debug_line    0x00003421      0x567 ./FreeRtos_CM3/Output/timers.o
 .debug_line    0x00003988      0x11a ./Output/config.o
 .debug_line    0x00003aa2       0x8d ./Output/freeRTOS_hook.o
 .debug_line    0x00003b2f      0x13f ./Output/handler.o
 .debug_line    0x00003c6e      0x105 ./Output/main.o
 .debug_line    0x00003d73       0xf2 ./Output/startup_STM32F1.o
 .debug_line    0x00003e65      0x109 ./Output/vTask1.o
 .debug_line    0x00003f6e      0x141 ./Output/vTask2.o
 .debug_line    0x000040af      0x128 ./Output/vTask3.o
 .debug_line    0x000041d7      0x19d ./Output/vTask4.o
 .debug_line    0x00004374      0x17a ./Output/ADC_Driver.o
 .debug_line    0x000044ee      0x11a ./Output/AFIO_Driver.o
 .debug_line    0x00004608      0x130 ./Output/DMA_Driver.o
 .debug_line    0x00004738       0xf6 ./Output/EXTI_Driver.o
 .debug_line    0x0000482e      0x436 ./Output/FLASH_Driver.o
 .debug_line    0x00004c64      0x14e ./Output/GPIO_Driver.o
 .debug_line    0x00004db2      0x3b4 ./Output/I2C_Driver.o
 .debug_line    0x00005166      0x14c ./Output/NVIC_Driver.o
 .debug_line    0x000052b2      0x299 ./Output/RCC_Driver.o
 .debug_line    0x0000554b      0x20a ./Output/TIM_Driver.o
 .debug_line    0x00005755      0x149 ./Output/USART_Driver.o
 .debug_line    0x0000589e      0x14f ./Output/Kalman_Filter.o
 .debug_line    0x000059ed      0x121 ./Output/Motor.o
 .debug_line    0x00005b0e      0x13f ./Output/Servo.o

.debug_str      0x00000000     0x2f4b
 .debug_str     0x00000000       0xef ./FreeRtos_CM3/Output/croutine.o
                                0x128 (size before relaxing)
 .debug_str     0x000000ef      0x38e ./FreeRtos_CM3/Output/event_groups.o
                                0x4f5 (size before relaxing)
 .debug_str     0x0000047d      0x2ec ./FreeRtos_CM3/Output/heap_4.o
                                0x460 (size before relaxing)
 .debug_str     0x00000769       0x89 ./FreeRtos_CM3/Output/list.o
                                0x277 (size before relaxing)
 .debug_str     0x000007f2      0x21c ./FreeRtos_CM3/Output/port.o
                                0x3bf (size before relaxing)
 .debug_str     0x00000a0e      0x467 ./FreeRtos_CM3/Output/queue.o
                                0x720 (size before relaxing)
 .debug_str     0x00000e75      0x4e5 ./FreeRtos_CM3/Output/stream_buffer.o
                                0x778 (size before relaxing)
 .debug_str     0x0000135a      0x992 ./FreeRtos_CM3/Output/tasks.o
                                0xd7a (size before relaxing)
 .debug_str     0x00001cec      0x42d ./FreeRtos_CM3/Output/timers.o
                                0x711 (size before relaxing)
 .debug_str     0x00002119       0xc5 ./Output/config.o
                                0x1f5 (size before relaxing)
 .debug_str     0x000021de       0x5d ./Output/freeRTOS_hook.o
                                0x1ac (size before relaxing)
 .debug_str     0x0000223b       0xd0 ./Output/handler.o
                                0x227 (size before relaxing)
 .debug_str     0x0000230b       0x48 ./Output/main.o
                                0x179 (size before relaxing)
 .debug_str     0x00002353       0x88 ./Output/startup_STM32F1.o
                                0x1a5 (size before relaxing)
 .debug_str     0x000023db       0x22 ./Output/vTask1.o
                                0x16b (size before relaxing)
 .debug_str     0x000023fd       0xfa ./Output/vTask2.o
                                0x29d (size before relaxing)
 .debug_str     0x000024f7       0x52 ./Output/vTask3.o
                                0x1af (size before relaxing)
 .debug_str     0x00002549       0x65 ./Output/vTask4.o
                                0x1c0 (size before relaxing)
 .debug_str     0x000025ae       0xae ./Output/ADC_Driver.o
                                0x267 (size before relaxing)
 .debug_str     0x0000265c       0x50 ./Output/AFIO_Driver.o
                                0x1ca (size before relaxing)
 .debug_str     0x000026ac       0x63 ./Output/DMA_Driver.o
                                0x210 (size before relaxing)
 .debug_str     0x0000270f       0x2c ./Output/EXTI_Driver.o
                                0x17a (size before relaxing)
 .debug_str     0x0000273b      0x110 ./Output/FLASH_Driver.o
                                0x26c (size before relaxing)
 .debug_str     0x0000284b       0x47 ./Output/GPIO_Driver.o
                                0x1ce (size before relaxing)
 .debug_str     0x00002892       0xa0 ./Output/I2C_Driver.o
                                0x2a2 (size before relaxing)
 .debug_str     0x00002932      0x363 ./Output/NVIC_Driver.o
                                0x4ab (size before relaxing)
 .debug_str     0x00002c95       0xad ./Output/RCC_Driver.o
                                0x289 (size before relaxing)
 .debug_str     0x00002d42       0x63 ./Output/TIM_Driver.o
                                0x340 (size before relaxing)
 .debug_str     0x00002da5       0x49 ./Output/USART_Driver.o
                                0x27d (size before relaxing)
 .debug_str     0x00002dee       0xb8 ./Output/Kalman_Filter.o
                                0x1df (size before relaxing)
 .debug_str     0x00002ea6       0x5f ./Output/Motor.o
                                0x2bb (size before relaxing)
 .debug_str     0x00002f05       0x46 ./Output/Servo.o
                                0x2a2 (size before relaxing)

.comment        0x00000000       0x49
 .comment       0x00000000       0x49 ./FreeRtos_CM3/Output/croutine.o
                                 0x4a (size before relaxing)
 .comment       0x00000049       0x4a ./FreeRtos_CM3/Output/event_groups.o
 .comment       0x00000049       0x4a ./FreeRtos_CM3/Output/heap_4.o
 .comment       0x00000049       0x4a ./FreeRtos_CM3/Output/list.o
 .comment       0x00000049       0x4a ./FreeRtos_CM3/Output/port.o
 .comment       0x00000049       0x4a ./FreeRtos_CM3/Output/queue.o
 .comment       0x00000049       0x4a ./FreeRtos_CM3/Output/stream_buffer.o
 .comment       0x00000049       0x4a ./FreeRtos_CM3/Output/tasks.o
 .comment       0x00000049       0x4a ./FreeRtos_CM3/Output/timers.o
 .comment       0x00000049       0x4a ./Output/config.o
 .comment       0x00000049       0x4a ./Output/freeRTOS_hook.o
 .comment       0x00000049       0x4a ./Output/handler.o
 .comment       0x00000049       0x4a ./Output/main.o
 .comment       0x00000049       0x4a ./Output/startup_STM32F1.o
 .comment       0x00000049       0x4a ./Output/vTask1.o
 .comment       0x00000049       0x4a ./Output/vTask2.o
 .comment       0x00000049       0x4a ./Output/vTask3.o
 .comment       0x00000049       0x4a ./Output/vTask4.o
 .comment       0x00000049       0x4a ./Output/ADC_Driver.o
 .comment       0x00000049       0x4a ./Output/AFIO_Driver.o
 .comment       0x00000049       0x4a ./Output/DMA_Driver.o
 .comment       0x00000049       0x4a ./Output/EXTI_Driver.o
 .comment       0x00000049       0x4a ./Output/FLASH_Driver.o
 .comment       0x00000049       0x4a ./Output/GPIO_Driver.o
 .comment       0x00000049       0x4a ./Output/I2C_Driver.o
 .comment       0x00000049       0x4a ./Output/NVIC_Driver.o
 .comment       0x00000049       0x4a ./Output/RCC_Driver.o
 .comment       0x00000049       0x4a ./Output/TIM_Driver.o
 .comment       0x00000049       0x4a ./Output/USART_Driver.o
 .comment       0x00000049       0x4a ./Output/Kalman_Filter.o
 .comment       0x00000049       0x4a ./Output/Motor.o
 .comment       0x00000049       0x4a ./Output/Servo.o

.ARM.attributes
                0x00000000       0x2b
 .ARM.attributes
                0x00000000       0x2d ./FreeRtos_CM3/Output/croutine.o
 .ARM.attributes
                0x0000002d       0x2d ./FreeRtos_CM3/Output/event_groups.o
 .ARM.attributes
                0x0000005a       0x2d ./FreeRtos_CM3/Output/heap_4.o
 .ARM.attributes
                0x00000087       0x2d ./FreeRtos_CM3/Output/list.o
 .ARM.attributes
                0x000000b4       0x2d ./FreeRtos_CM3/Output/port.o
 .ARM.attributes
                0x000000e1       0x2d ./FreeRtos_CM3/Output/queue.o
 .ARM.attributes
                0x0000010e       0x2d ./FreeRtos_CM3/Output/stream_buffer.o
 .ARM.attributes
                0x0000013b       0x2d ./FreeRtos_CM3/Output/tasks.o
 .ARM.attributes
                0x00000168       0x2d ./FreeRtos_CM3/Output/timers.o
 .ARM.attributes
                0x00000195       0x2d ./Output/config.o
 .ARM.attributes
                0x000001c2       0x2d ./Output/freeRTOS_hook.o
 .ARM.attributes
                0x000001ef       0x2d ./Output/handler.o
 .ARM.attributes
                0x0000021c       0x2d ./Output/main.o
 .ARM.attributes
                0x00000249       0x2d ./Output/startup_STM32F1.o
 .ARM.attributes
                0x00000276       0x2d ./Output/vTask1.o
 .ARM.attributes
                0x000002a3       0x2d ./Output/vTask2.o
 .ARM.attributes
                0x000002d0       0x2d ./Output/vTask3.o
 .ARM.attributes
                0x000002fd       0x2d ./Output/vTask4.o
 .ARM.attributes
                0x0000032a       0x2d ./Output/ADC_Driver.o
 .ARM.attributes
                0x00000357       0x2d ./Output/AFIO_Driver.o
 .ARM.attributes
                0x00000384       0x2d ./Output/DMA_Driver.o
 .ARM.attributes
                0x000003b1       0x2d ./Output/EXTI_Driver.o
 .ARM.attributes
                0x000003de       0x2d ./Output/FLASH_Driver.o
 .ARM.attributes
                0x0000040b       0x2d ./Output/GPIO_Driver.o
 .ARM.attributes
                0x00000438       0x2d ./Output/I2C_Driver.o
 .ARM.attributes
                0x00000465       0x2d ./Output/NVIC_Driver.o
 .ARM.attributes
                0x00000492       0x2d ./Output/RCC_Driver.o
 .ARM.attributes
                0x000004bf       0x2d ./Output/TIM_Driver.o
 .ARM.attributes
                0x000004ec       0x2d ./Output/USART_Driver.o
 .ARM.attributes
                0x00000519       0x2d ./Output/Kalman_Filter.o
 .ARM.attributes
                0x00000546       0x2d ./Output/Motor.o
 .ARM.attributes
                0x00000573       0x2d ./Output/Servo.o
 .ARM.attributes
                0x000005a0       0x1b d:/gcc_arm_msys2/bin/../lib/gcc/arm-none-eabi/10.3.1/../../../../arm-none-eabi/lib/thumb/v7-m/nofp\libc.a(lib_a-memcpy.o)
 .ARM.attributes
                0x000005bb       0x2d d:/gcc_arm_msys2/bin/../lib/gcc/arm-none-eabi/10.3.1/../../../../arm-none-eabi/lib/thumb/v7-m/nofp\libc.a(lib_a-memset.o)
 .ARM.attributes
                0x000005e8       0x2d d:/gcc_arm_msys2/bin/../lib/gcc/arm-none-eabi/10.3.1/../../../../arm-none-eabi/lib/thumb/v7-m/nofp\libm.a(lib_a-w_pow.o)
 .ARM.attributes
                0x00000615       0x2d d:/gcc_arm_msys2/bin/../lib/gcc/arm-none-eabi/10.3.1/../../../../arm-none-eabi/lib/thumb/v7-m/nofp\libm.a(lib_a-e_pow.o)
 .ARM.attributes
                0x00000642       0x2d d:/gcc_arm_msys2/bin/../lib/gcc/arm-none-eabi/10.3.1/../../../../arm-none-eabi/lib/thumb/v7-m/nofp\libm.a(lib_a-e_sqrt.o)
 .ARM.attributes
                0x0000066f       0x2d d:/gcc_arm_msys2/bin/../lib/gcc/arm-none-eabi/10.3.1/../../../../arm-none-eabi/lib/thumb/v7-m/nofp\libm.a(lib_a-math_err.o)
 .ARM.attributes
                0x0000069c       0x2d d:/gcc_arm_msys2/bin/../lib/gcc/arm-none-eabi/10.3.1/../../../../arm-none-eabi/lib/thumb/v7-m/nofp\libm.a(lib_a-s_fabs.o)
 .ARM.attributes
                0x000006c9       0x2d d:/gcc_arm_msys2/bin/../lib/gcc/arm-none-eabi/10.3.1/../../../../arm-none-eabi/lib/thumb/v7-m/nofp\libm.a(lib_a-s_finite.o)
 .ARM.attributes
                0x000006f6       0x2d d:/gcc_arm_msys2/bin/../lib/gcc/arm-none-eabi/10.3.1/../../../../arm-none-eabi/lib/thumb/v7-m/nofp\libm.a(lib_a-s_scalbn.o)
 .ARM.attributes
                0x00000723       0x1d d:/gcc_arm_msys2/bin/../lib/gcc/arm-none-eabi/10.3.1/thumb/v7-m/nofp\libgcc.a(_arm_muldf3.o)
 .ARM.attributes
                0x00000740       0x1d d:/gcc_arm_msys2/bin/../lib/gcc/arm-none-eabi/10.3.1/thumb/v7-m/nofp\libgcc.a(_arm_mulsf3.o)
 .ARM.attributes
                0x0000075d       0x1d d:/gcc_arm_msys2/bin/../lib/gcc/arm-none-eabi/10.3.1/thumb/v7-m/nofp\libgcc.a(_arm_addsubdf3.o)
 .ARM.attributes
                0x0000077a       0x1d d:/gcc_arm_msys2/bin/../lib/gcc/arm-none-eabi/10.3.1/thumb/v7-m/nofp\libgcc.a(_arm_muldivdf3.o)
 .ARM.attributes
                0x00000797       0x1d d:/gcc_arm_msys2/bin/../lib/gcc/arm-none-eabi/10.3.1/thumb/v7-m/nofp\libgcc.a(_arm_cmpdf2.o)
 .ARM.attributes
                0x000007b4       0x1d d:/gcc_arm_msys2/bin/../lib/gcc/arm-none-eabi/10.3.1/thumb/v7-m/nofp\libgcc.a(_arm_unorddf2.o)
 .ARM.attributes
                0x000007d1       0x1d d:/gcc_arm_msys2/bin/../lib/gcc/arm-none-eabi/10.3.1/thumb/v7-m/nofp\libgcc.a(_arm_fixunsdfsi.o)
 .ARM.attributes
                0x000007ee       0x1d d:/gcc_arm_msys2/bin/../lib/gcc/arm-none-eabi/10.3.1/thumb/v7-m/nofp\libgcc.a(_arm_addsubsf3.o)
 .ARM.attributes
                0x0000080b       0x1d d:/gcc_arm_msys2/bin/../lib/gcc/arm-none-eabi/10.3.1/thumb/v7-m/nofp\libgcc.a(_arm_muldivsf3.o)
 .ARM.attributes
                0x00000828       0x1d d:/gcc_arm_msys2/bin/../lib/gcc/arm-none-eabi/10.3.1/thumb/v7-m/nofp\libgcc.a(_arm_cmpsf2.o)
 .ARM.attributes
                0x00000845       0x2d d:/gcc_arm_msys2/bin/../lib/gcc/arm-none-eabi/10.3.1/../../../../arm-none-eabi/lib/thumb/v7-m/nofp\libc.a(lib_a-errno.o)
 .ARM.attributes
                0x00000872       0x2d d:/gcc_arm_msys2/bin/../lib/gcc/arm-none-eabi/10.3.1/../../../../arm-none-eabi/lib/thumb/v7-m/nofp\libc.a(lib_a-impure.o)

.debug_frame    0x00000000     0x2750
 .debug_frame   0x00000000      0x180 ./FreeRtos_CM3/Output/event_groups.o
 .debug_frame   0x00000180      0x150 ./FreeRtos_CM3/Output/heap_4.o
 .debug_frame   0x000002d0       0xd8 ./FreeRtos_CM3/Output/list.o
 .debug_frame   0x000003a8      0x198 ./FreeRtos_CM3/Output/port.o
 .debug_frame   0x00000540      0x35c ./FreeRtos_CM3/Output/queue.o
 .debug_frame   0x0000089c      0x334 ./FreeRtos_CM3/Output/stream_buffer.o
 .debug_frame   0x00000bd0      0x710 ./FreeRtos_CM3/Output/tasks.o
 .debug_frame   0x000012e0      0x378 ./FreeRtos_CM3/Output/timers.o
 .debug_frame   0x00001658       0x2c ./Output/config.o
 .debug_frame   0x00001684       0x44 ./Output/freeRTOS_hook.o
 .debug_frame   0x000016c8       0x6c ./Output/handler.o
 .debug_frame   0x00001734       0x30 ./Output/main.o
 .debug_frame   0x00001764       0x50 ./Output/startup_STM32F1.o
 .debug_frame   0x000017b4       0x30 ./Output/vTask1.o
 .debug_frame   0x000017e4       0x30 ./Output/vTask2.o
 .debug_frame   0x00001814       0x30 ./Output/vTask3.o
 .debug_frame   0x00001844       0x30 ./Output/vTask4.o
 .debug_frame   0x00001874       0x68 ./Output/ADC_Driver.o
 .debug_frame   0x000018dc       0x30 ./Output/AFIO_Driver.o
 .debug_frame   0x0000190c       0x58 ./Output/DMA_Driver.o
 .debug_frame   0x00001964       0x30 ./Output/EXTI_Driver.o
 .debug_frame   0x00001994      0x178 ./Output/FLASH_Driver.o
 .debug_frame   0x00001b0c       0x70 ./Output/GPIO_Driver.o
 .debug_frame   0x00001b7c      0x110 ./Output/I2C_Driver.o
 .debug_frame   0x00001c8c       0xa4 ./Output/NVIC_Driver.o
 .debug_frame   0x00001d30       0x98 ./Output/RCC_Driver.o
 .debug_frame   0x00001dc8       0xd4 ./Output/TIM_Driver.o
 .debug_frame   0x00001e9c       0x70 ./Output/USART_Driver.o
 .debug_frame   0x00001f0c       0xd0 ./Output/Kalman_Filter.o
 .debug_frame   0x00001fdc       0xb0 ./Output/Motor.o
 .debug_frame   0x0000208c       0x60 ./Output/Servo.o
 .debug_frame   0x000020ec       0x2c d:/gcc_arm_msys2/bin/../lib/gcc/arm-none-eabi/10.3.1/../../../../arm-none-eabi/lib/thumb/v7-m/nofp\libc.a(lib_a-memset.o)
 .debug_frame   0x00002118       0x34 d:/gcc_arm_msys2/bin/../lib/gcc/arm-none-eabi/10.3.1/../../../../arm-none-eabi/lib/thumb/v7-m/nofp\libm.a(lib_a-w_pow.o)
 .debug_frame   0x0000214c       0x7c d:/gcc_arm_msys2/bin/../lib/gcc/arm-none-eabi/10.3.1/../../../../arm-none-eabi/lib/thumb/v7-m/nofp\libm.a(lib_a-e_pow.o)
 .debug_frame   0x000021c8       0x34 d:/gcc_arm_msys2/bin/../lib/gcc/arm-none-eabi/10.3.1/../../../../arm-none-eabi/lib/thumb/v7-m/nofp\libm.a(lib_a-e_sqrt.o)
 .debug_frame   0x000021fc      0x124 d:/gcc_arm_msys2/bin/../lib/gcc/arm-none-eabi/10.3.1/../../../../arm-none-eabi/lib/thumb/v7-m/nofp\libm.a(lib_a-math_err.o)
 .debug_frame   0x00002320       0x20 d:/gcc_arm_msys2/bin/../lib/gcc/arm-none-eabi/10.3.1/../../../../arm-none-eabi/lib/thumb/v7-m/nofp\libm.a(lib_a-s_fabs.o)
 .debug_frame   0x00002340       0x20 d:/gcc_arm_msys2/bin/../lib/gcc/arm-none-eabi/10.3.1/../../../../arm-none-eabi/lib/thumb/v7-m/nofp\libm.a(lib_a-s_finite.o)
 .debug_frame   0x00002360       0x2c d:/gcc_arm_msys2/bin/../lib/gcc/arm-none-eabi/10.3.1/../../../../arm-none-eabi/lib/thumb/v7-m/nofp\libm.a(lib_a-s_scalbn.o)
 .debug_frame   0x0000238c       0x30 d:/gcc_arm_msys2/bin/../lib/gcc/arm-none-eabi/10.3.1/thumb/v7-m/nofp\libgcc.a(_arm_muldf3.o)
 .debug_frame   0x000023bc       0x24 d:/gcc_arm_msys2/bin/../lib/gcc/arm-none-eabi/10.3.1/thumb/v7-m/nofp\libgcc.a(_arm_mulsf3.o)
 .debug_frame   0x000023e0       0xac d:/gcc_arm_msys2/bin/../lib/gcc/arm-none-eabi/10.3.1/thumb/v7-m/nofp\libgcc.a(_arm_addsubdf3.o)
 .debug_frame   0x0000248c       0x50 d:/gcc_arm_msys2/bin/../lib/gcc/arm-none-eabi/10.3.1/thumb/v7-m/nofp\libgcc.a(_arm_muldivdf3.o)
 .debug_frame   0x000024dc       0xc4 d:/gcc_arm_msys2/bin/../lib/gcc/arm-none-eabi/10.3.1/thumb/v7-m/nofp\libgcc.a(_arm_cmpdf2.o)
 .debug_frame   0x000025a0       0x20 d:/gcc_arm_msys2/bin/../lib/gcc/arm-none-eabi/10.3.1/thumb/v7-m/nofp\libgcc.a(_arm_unorddf2.o)
 .debug_frame   0x000025c0       0x24 d:/gcc_arm_msys2/bin/../lib/gcc/arm-none-eabi/10.3.1/thumb/v7-m/nofp\libgcc.a(_arm_fixunsdfsi.o)
 .debug_frame   0x000025e4       0x4c d:/gcc_arm_msys2/bin/../lib/gcc/arm-none-eabi/10.3.1/thumb/v7-m/nofp\libgcc.a(_arm_addsubsf3.o)
 .debug_frame   0x00002630       0x38 d:/gcc_arm_msys2/bin/../lib/gcc/arm-none-eabi/10.3.1/thumb/v7-m/nofp\libgcc.a(_arm_muldivsf3.o)
 .debug_frame   0x00002668       0xc8 d:/gcc_arm_msys2/bin/../lib/gcc/arm-none-eabi/10.3.1/thumb/v7-m/nofp\libgcc.a(_arm_cmpsf2.o)
 .debug_frame   0x00002730       0x20 d:/gcc_arm_msys2/bin/../lib/gcc/arm-none-eabi/10.3.1/../../../../arm-none-eabi/lib/thumb/v7-m/nofp\libc.a(lib_a-errno.o)
