Archive member included to satisfy reference by file (symbol)

d:/gcc_arm_msys2/bin/../lib/gcc/arm-none-eabi/10.3.1/../../../../arm-none-eabi/lib/thumb/v7-m/nofp\libc.a(lib_a-memcpy.o)
                              ./FreeRtos_CM3/Output/queue.o (memcpy)
d:/gcc_arm_msys2/bin/../lib/gcc/arm-none-eabi/10.3.1/../../../../arm-none-eabi/lib/thumb/v7-m/nofp\libc.a(lib_a-memset.o)
                              ./FreeRtos_CM3/Output/heap_4.o (memset)
d:/gcc_arm_msys2/bin/../lib/gcc/arm-none-eabi/10.3.1/../../../../arm-none-eabi/lib/thumb/v7-m/nofp\libm.a(lib_a-w_pow.o)
                              ./Output/RCC_Driver.o (pow)
d:/gcc_arm_msys2/bin/../lib/gcc/arm-none-eabi/10.3.1/../../../../arm-none-eabi/lib/thumb/v7-m/nofp\libm.a(lib_a-e_pow.o)
                              d:/gcc_arm_msys2/bin/../lib/gcc/arm-none-eabi/10.3.1/../../../../arm-none-eabi/lib/thumb/v7-m/nofp\libm.a(lib_a-w_pow.o) (__ieee754_pow)
d:/gcc_arm_msys2/bin/../lib/gcc/arm-none-eabi/10.3.1/../../../../arm-none-eabi/lib/thumb/v7-m/nofp\libm.a(lib_a-e_sqrt.o)
                              d:/gcc_arm_msys2/bin/../lib/gcc/arm-none-eabi/10.3.1/../../../../arm-none-eabi/lib/thumb/v7-m/nofp\libm.a(lib_a-e_pow.o) (__ieee754_sqrt)
d:/gcc_arm_msys2/bin/../lib/gcc/arm-none-eabi/10.3.1/../../../../arm-none-eabi/lib/thumb/v7-m/nofp\libm.a(lib_a-math_err.o)
                              d:/gcc_arm_msys2/bin/../lib/gcc/arm-none-eabi/10.3.1/../../../../arm-none-eabi/lib/thumb/v7-m/nofp\libm.a(lib_a-e_pow.o) (__math_uflow)
d:/gcc_arm_msys2/bin/../lib/gcc/arm-none-eabi/10.3.1/../../../../arm-none-eabi/lib/thumb/v7-m/nofp\libm.a(lib_a-s_fabs.o)
                              d:/gcc_arm_msys2/bin/../lib/gcc/arm-none-eabi/10.3.1/../../../../arm-none-eabi/lib/thumb/v7-m/nofp\libm.a(lib_a-e_pow.o) (fabs)
d:/gcc_arm_msys2/bin/../lib/gcc/arm-none-eabi/10.3.1/../../../../arm-none-eabi/lib/thumb/v7-m/nofp\libm.a(lib_a-s_finite.o)
                              d:/gcc_arm_msys2/bin/../lib/gcc/arm-none-eabi/10.3.1/../../../../arm-none-eabi/lib/thumb/v7-m/nofp\libm.a(lib_a-w_pow.o) (finite)
d:/gcc_arm_msys2/bin/../lib/gcc/arm-none-eabi/10.3.1/../../../../arm-none-eabi/lib/thumb/v7-m/nofp\libm.a(lib_a-s_scalbn.o)
                              d:/gcc_arm_msys2/bin/../lib/gcc/arm-none-eabi/10.3.1/../../../../arm-none-eabi/lib/thumb/v7-m/nofp\libm.a(lib_a-e_pow.o) (scalbn)
d:/gcc_arm_msys2/bin/../lib/gcc/arm-none-eabi/10.3.1/thumb/v7-m/nofp\libgcc.a(_arm_muldf3.o)
                              d:/gcc_arm_msys2/bin/../lib/gcc/arm-none-eabi/10.3.1/../../../../arm-none-eabi/lib/thumb/v7-m/nofp\libm.a(lib_a-e_pow.o) (__aeabi_dmul)
d:/gcc_arm_msys2/bin/../lib/gcc/arm-none-eabi/10.3.1/thumb/v7-m/nofp\libgcc.a(_arm_mulsf3.o)
                              ./Output/Kalman_Filter.o (__aeabi_fmul)
d:/gcc_arm_msys2/bin/../lib/gcc/arm-none-eabi/10.3.1/thumb/v7-m/nofp\libgcc.a(_arm_addsubdf3.o)
                              d:/gcc_arm_msys2/bin/../lib/gcc/arm-none-eabi/10.3.1/../../../../arm-none-eabi/lib/thumb/v7-m/nofp\libm.a(lib_a-e_pow.o) (__aeabi_dsub)
d:/gcc_arm_msys2/bin/../lib/gcc/arm-none-eabi/10.3.1/thumb/v7-m/nofp\libgcc.a(_arm_muldivdf3.o)
                              ./Output/RCC_Driver.o (__aeabi_ddiv)
d:/gcc_arm_msys2/bin/../lib/gcc/arm-none-eabi/10.3.1/thumb/v7-m/nofp\libgcc.a(_arm_cmpdf2.o)
                              d:/gcc_arm_msys2/bin/../lib/gcc/arm-none-eabi/10.3.1/../../../../arm-none-eabi/lib/thumb/v7-m/nofp\libm.a(lib_a-w_pow.o) (__aeabi_dcmpeq)
d:/gcc_arm_msys2/bin/../lib/gcc/arm-none-eabi/10.3.1/thumb/v7-m/nofp\libgcc.a(_arm_unorddf2.o)
                              d:/gcc_arm_msys2/bin/../lib/gcc/arm-none-eabi/10.3.1/../../../../arm-none-eabi/lib/thumb/v7-m/nofp\libm.a(lib_a-w_pow.o) (__aeabi_dcmpun)
d:/gcc_arm_msys2/bin/../lib/gcc/arm-none-eabi/10.3.1/thumb/v7-m/nofp\libgcc.a(_arm_fixunsdfsi.o)
                              ./Output/RCC_Driver.o (__aeabi_d2uiz)
d:/gcc_arm_msys2/bin/../lib/gcc/arm-none-eabi/10.3.1/thumb/v7-m/nofp\libgcc.a(_arm_addsubsf3.o)
                              ./Output/Kalman_Filter.o (__aeabi_fsub)
d:/gcc_arm_msys2/bin/../lib/gcc/arm-none-eabi/10.3.1/thumb/v7-m/nofp\libgcc.a(_arm_muldivsf3.o)
                              ./Output/Kalman_Filter.o (__aeabi_fdiv)
d:/gcc_arm_msys2/bin/../lib/gcc/arm-none-eabi/10.3.1/../../../../arm-none-eabi/lib/thumb/v7-m/nofp\libc.a(lib_a-errno.o)
                              d:/gcc_arm_msys2/bin/../lib/gcc/arm-none-eabi/10.3.1/../../../../arm-none-eabi/lib/thumb/v7-m/nofp\libm.a(lib_a-w_pow.o) (__errno)
d:/gcc_arm_msys2/bin/../lib/gcc/arm-none-eabi/10.3.1/../../../../arm-none-eabi/lib/thumb/v7-m/nofp\libc.a(lib_a-impure.o)
                              d:/gcc_arm_msys2/bin/../lib/gcc/arm-none-eabi/10.3.1/../../../../arm-none-eabi/lib/thumb/v7-m/nofp\libc.a(lib_a-errno.o) (_impure_ptr)

Memory Configuration

Name             Origin             Length             Attributes
FLASH            0x08000000         0x00010000         xr
SRAM             0x20000000         0x00005000         xrw
*default*        0x00000000         0xffffffff

Linker script and memory map

LOAD ./FreeRtos_CM3/Output/croutine.o
LOAD ./FreeRtos_CM3/Output/event_groups.o
LOAD ./FreeRtos_CM3/Output/heap_4.o
LOAD ./FreeRtos_CM3/Output/list.o
LOAD ./FreeRtos_CM3/Output/port.o
LOAD ./FreeRtos_CM3/Output/queue.o
LOAD ./FreeRtos_CM3/Output/stream_buffer.o
LOAD ./FreeRtos_CM3/Output/tasks.o
LOAD ./FreeRtos_CM3/Output/timers.o
LOAD ./Output/config.o
LOAD ./Output/freeRTOS_hook.o
LOAD ./Output/handler.o
LOAD ./Output/main.o
LOAD ./Output/startup_STM32F1.o
LOAD ./Output/ADC_Driver.o
LOAD ./Output/DMA_Driver.o
LOAD ./Output/FLASH_Driver.o
LOAD ./Output/GPIO_Driver.o
LOAD ./Output/I2C_Driver.o
LOAD ./Output/RCC_Driver.o
LOAD ./Output/TIM_Driver.o
LOAD ./Output/Kalman_Filter.o
LOAD ./Output/Servo.o
LOAD d:/gcc_arm_msys2/bin/../lib/gcc/arm-none-eabi/10.3.1/../../../../arm-none-eabi/lib/thumb/v7-m/nofp\libc.a
LOAD d:/gcc_arm_msys2/bin/../lib/gcc/arm-none-eabi/10.3.1/../../../../arm-none-eabi/lib/thumb/v7-m/nofp\libm.a
LOAD d:/gcc_arm_msys2/bin/../lib/gcc/arm-none-eabi/10.3.1/thumb/v7-m/nofp\libgcc.a
START GROUP
LOAD d:/gcc_arm_msys2/bin/../lib/gcc/arm-none-eabi/10.3.1/thumb/v7-m/nofp\libgcc.a
LOAD d:/gcc_arm_msys2/bin/../lib/gcc/arm-none-eabi/10.3.1/../../../../arm-none-eabi/lib/thumb/v7-m/nofp\libc.a
END GROUP

.text           0x08000000     0x81dc
 *(.isr_vector)
 .isr_vector    0x08000000       0xec ./Output/startup_STM32F1.o
                0x08000000                vectors
 *(.isr_vector)
 *(.text)
 .text          0x080000ec        0x0 ./FreeRtos_CM3/Output/croutine.o
 .text          0x080000ec      0x5e8 ./FreeRtos_CM3/Output/event_groups.o
                0x080000ec                xEventGroupCreate
                0x0800011a                xEventGroupSync
                0x08000278                xEventGroupWaitBits
                0x08000414                xEventGroupClearBits
                0x08000484                xEventGroupGetBitsFromISR
                0x080004ca                xEventGroupSetBits
                0x080005e0                vEventGroupDelete
                0x0800065e                vEventGroupSetBitsCallback
                0x08000678                vEventGroupClearBitsCallback
 .text          0x080006d4      0x4ec ./FreeRtos_CM3/Output/heap_4.o
                0x080006d4                pvPortMalloc
                0x08000850                vPortFree
                0x08000908                xPortGetFreeHeapSize
                0x0800091c                xPortGetMinimumEverFreeHeapSize
                0x08000930                vPortInitialiseBlocks
                0x0800093c                pvPortCalloc
                0x08000b04                vPortGetHeapStats
 .text          0x08000bc0      0x15e ./FreeRtos_CM3/Output/list.o
                0x08000bc0                vListInitialise
                0x08000bfe                vListInitialiseItem
                0x08000c16                vListInsertEnd
                0x08000c5c                vListInsert
                0x08000ccc                uxListRemove
 *fill*         0x08000d1e        0x2 
 .text          0x08000d20      0x40c ./FreeRtos_CM3/Output/port.o
                0x08000d20                pxPortInitialiseStack
                0x08000dd0                SVC_Handler
                0x08000e16                xPortStartScheduler
                0x08000ef8                vPortEndScheduler
                0x08000f2c                vPortEnterCritical
                0x08000f8c                vPortExitCritical
                0x08000fdc                PendSV_Handler
                0x08001026                SysTick_Handler
                0x0800106c                vPortSetupTimerInterrupt
                0x080010b0                vPortValidateInterruptPriority
 .text          0x0800112c     0x11bc ./FreeRtos_CM3/Output/queue.o
                0x0800112c                xQueueGenericReset
                0x0800124c                xQueueGenericCreate
                0x08001326                xQueueGenericSend
                0x08001524                xQueueGenericSendFromISR
                0x08001688                xQueueGiveFromISR
                0x080017d0                xQueueReceive
                0x08001990                xQueueSemaphoreTake
                0x08001b34                xQueuePeek
                0x08001cf8                xQueueReceiveFromISR
                0x08001e26                xQueuePeekFromISR
                0x08001ef8                uxQueueMessagesWaiting
                0x08001f34                uxQueueSpacesAvailable
                0x08001f7a                uxQueueMessagesWaitingFromISR
                0x08001fb4                vQueueDelete
                0x080021be                xQueueIsQueueEmptyFromISR
                0x08002234                xQueueIsQueueFullFromISR
                0x0800227e                vQueueWaitForMessageRestricted
 .text          0x080022e8      0xcd6 ./FreeRtos_CM3/Output/stream_buffer.o
                0x080022e8                xStreamBufferGenericCreate
                0x080023b6                vStreamBufferDelete
                0x08002404                xStreamBufferReset
                0x08002482                xStreamBufferSetTriggerLevel
                0x080024dc                xStreamBufferSpacesAvailable
                0x08002550                xStreamBufferBytesAvailable
                0x0800258a                xStreamBufferSend
                0x08002724                xStreamBufferSendFromISR
                0x0800289a                xStreamBufferReceive
                0x080029ca                xStreamBufferNextMessageLengthBytes
                0x08002a52                xStreamBufferReceiveFromISR
                0x08002baa                xStreamBufferIsEmpty
                0x08002bf8                xStreamBufferIsFull
                0x08002c58                xStreamBufferSendCompletedFromISR
                0x08002ce2                xStreamBufferReceiveCompletedFromISR
 *fill*         0x08002fbe        0x2 
 .text          0x08002fc0     0x2530 ./FreeRtos_CM3/Output/tasks.o
                0x08002fc0                xTaskCreate
                0x08003288                vTaskDelete
                0x080033b0                xTaskDelayUntil
                0x080034ac                vTaskDelay
                0x08003514                uxTaskPriorityGet
                0x08003548                uxTaskPriorityGetFromISR
                0x080035a0                vTaskPrioritySet
                0x08003734                vTaskSuspend
                0x080038d4                vTaskResume
                0x080039e0                xTaskResumeFromISR
                0x08003b1c                vTaskStartScheduler
                0x08003bc0                vTaskEndScheduler
                0x08003bf0                vTaskSuspendAll
                0x08003c0c                xTaskResumeAll
                0x08003e04                xTaskGetTickCount
                0x08003e20                xTaskGetTickCountFromISR
                0x08003e44                uxTaskGetNumberOfTasks
                0x08003e58                pcTaskGetName
                0x08003ea0                xTaskCatchUpTicks
                0x08003ef8                xTaskIncrementTick
                0x08004124                vTaskSwitchContext
                0x08004224                vTaskPlaceOnEventList
                0x0800426c                vTaskPlaceOnUnorderedEventList
                0x08004318                vTaskPlaceOnEventListRestricted
                0x080043a4                xTaskRemoveFromEventList
                0x08004550                vTaskRemoveFromUnorderedEventList
                0x080046d0                vTaskSetTimeOutState
                0x0800471c                vTaskInternalSetTimeOutState
                0x08004748                xTaskCheckForTimeOut
                0x08004814                vTaskMissedYield
                0x0800498c                xTaskGetCurrentTaskHandle
                0x080049a8                xTaskGetSchedulerState
                0x080049e4                uxTaskResetEventItemValue
                0x08004a14                ulTaskGenericNotifyTake
                0x08004aec                xTaskGenericNotifyWait
                0x08004bf4                xTaskGenericNotify
                0x08004e48                xTaskGenericNotifyFromISR
                0x0800510c                vTaskGenericNotifyGiveFromISR
                0x0800531c                xTaskGenericNotifyStateClear
                0x08005390                ulTaskGenericNotifyValueClear
 .text          0x080054f0      0x8b8 ./FreeRtos_CM3/Output/timers.o
                0x080054f0                xTimerCreateTimerTask
                0x08005554                xTimerCreate
                0x08005606                xTimerGenericCommand
                0x080056a0                xTimerGetTimerDaemonTaskHandle
                0x080056d8                xTimerGetPeriod
                0x0800570e                vTimerSetReloadMode
                0x08005774                xTimerGetReloadMode
                0x080057c6                uxTimerGetReloadMode
                0x080057de                xTimerGetExpiryTime
                0x08005818                pcTimerGetName
                0x08005cd4                xTimerIsTimerActive
                0x08005d26                pvTimerGetTimerID
                0x08005d66                vTimerSetTimerID
 .text          0x08005da8       0x4c ./Output/config.o
                0x08005da8                config_STM32F1
 .text          0x08005df4       0x12 ./Output/freeRTOS_hook.o
                0x08005df4                vApplicationMallocFailedHook
                0x08005dfa                vApplicationStackOverflowHook
 .text          0x08005e06        0xa ./Output/handler.o
                0x08005e06                HardFault_Handler
 .text          0x08005e10       0x70 ./Output/main.o
                0x08005e10                vTaskBlinkLED
                0x08005e54                main
 .text          0x08005e80       0x90 ./Output/startup_STM32F1.o
                0x08005e80                Reset_Handler
                0x08005f04                EXTI2_IRQHandler
                0x08005f04                DebugMon_Handler
                0x08005f04                TIM1_CC_IRQHandler
                0x08005f04                NMI_Handler
                0x08005f04                EXTI3_IRQHandler
                0x08005f04                EXTI0_IRQHandler
                0x08005f04                I2C2_EV_IRQHandler
                0x08005f04                UsageFault_Handler
                0x08005f04                ADC1_2_IRQHandler
                0x08005f04                SPI1_IRQHandler
                0x08005f04                TAMPER_IRQHandler
                0x08005f04                DMA1_Channel4_IRQHandler
                0x08005f04                USART3_IRQHandler
                0x08005f04                RTC_IRQHandler
                0x08005f04                DMA1_Channel7_IRQHandler
                0x08005f04                RTC_Alarm_IRQHandler
                0x08005f04                CAN1_RX1_IRQHandler
                0x08005f04                TIM4_IRQHandler
                0x08005f04                I2C1_EV_IRQHandler
                0x08005f04                DMA1_Channel6_IRQHandler
                0x08005f04                TIM3_IRQHandler
                0x08005f04                RCC_IRQHandler
                0x08005f04                TIM1_TRG_COM_IRQHandler
                0x08005f04                DMA1_Channel1_IRQHandler
                0x08005f04                Default_Handler
                0x08005f04                EXTI15_10_IRQHandler
                0x08005f04                EXTI9_5_IRQHandler
                0x08005f04                SPI2_IRQHandler
                0x08005f04                MemManage_Handler
                0x08005f04                DMA1_Channel5_IRQHandler
                0x08005f04                EXTI4_IRQHandler
                0x08005f04                USB_LP_CAN1_RX0_IRQHandler
                0x08005f04                USB_HP_CAN1_TX_IRQHandler
                0x08005f04                DMA1_Channel3_IRQHandler
                0x08005f04                TIM1_UP_IRQHandler
                0x08005f04                WWDG_IRQHandler
                0x08005f04                TIM2_IRQHandler
                0x08005f04                PVD_Handler
                0x08005f04                TIM1_BRK_IRQHandler
                0x08005f04                EXTI1_IRQHandler
                0x08005f04                USART2_IRQHandler
                0x08005f04                I2C2_ER_IRQHandler
                0x08005f04                DMA1_Channel2_IRQHandler
                0x08005f04                CAN1_SCE_IRQHandler
                0x08005f04                FLASH_IRQHandler
                0x08005f04                BusFault_Handler
                0x08005f04                USART1_IRQHandler
                0x08005f04                I2C1_ER_IRQHandler
                0x08005f04                USBWakeUp_IRQHandler
 .text          0x08005f10      0x108 ./Output/ADC_Driver.o
                0x08005f10                config_ADC1
 .text          0x08006018       0xd4 ./Output/DMA_Driver.o
                0x08006018                config_DMA1
                0x080060b4                initDMAChannel
 .text          0x080060ec        0x0 ./Output/FLASH_Driver.o
 .text          0x080060ec      0x130 ./Output/GPIO_Driver.o
                0x080060ec                config_GPIOA
                0x08006160                config_GPIOC
                0x08006194                config_GPIOB
                0x080061e4                config_AFIO
 .text          0x0800621c      0x444 ./Output/I2C_Driver.o
                0x0800621c                config_I2C
                0x080062b8                start_I2C
                0x080062fc                stop_I2C
                0x0800631c                send_address_I2C
                0x0800635c                write_I2C
                0x080063a0                write_mutil_I2C
                0x080063fc                read_I2C
 .text          0x08006660      0x2fc ./Output/RCC_Driver.o
                0x08006660                config_RCC
 .text          0x0800695c      0x350 ./Output/TIM_Driver.o
                0x0800695c                config_TIM1
                0x08006a98                config_TIM2
                0x08006b40                config_TIM3
                0x08006c00                config_TIM4
                0x08006c50                toggle_led
                0x08006c74                delayUs
 .text          0x08006cac      0x1b8 ./Output/Kalman_Filter.o
                0x08006cac                Kalman_init
                0x08006ce6                Kalman_update
                0x08006d8e                compute_mean
                0x08006de2                compute_variance
                0x08006e52                kalman_filter_init_with_sample
 .text          0x08006e64       0xd8 ./Output/Servo.o
                0x08006e64                servo1
                0x08006ed0                servo2
 .text          0x08006f3c       0xec d:/gcc_arm_msys2/bin/../lib/gcc/arm-none-eabi/10.3.1/../../../../arm-none-eabi/lib/thumb/v7-m/nofp\libc.a(lib_a-memcpy.o)
                0x08006f3c                memcpy
 .text          0x08007028        0x0 d:/gcc_arm_msys2/bin/../lib/gcc/arm-none-eabi/10.3.1/../../../../arm-none-eabi/lib/thumb/v7-m/nofp\libc.a(lib_a-memset.o)
 .text          0x08007028        0x0 d:/gcc_arm_msys2/bin/../lib/gcc/arm-none-eabi/10.3.1/../../../../arm-none-eabi/lib/thumb/v7-m/nofp\libm.a(lib_a-w_pow.o)
 .text          0x08007028        0x0 d:/gcc_arm_msys2/bin/../lib/gcc/arm-none-eabi/10.3.1/../../../../arm-none-eabi/lib/thumb/v7-m/nofp\libm.a(lib_a-e_pow.o)
 .text          0x08007028        0x0 d:/gcc_arm_msys2/bin/../lib/gcc/arm-none-eabi/10.3.1/../../../../arm-none-eabi/lib/thumb/v7-m/nofp\libm.a(lib_a-e_sqrt.o)
 .text          0x08007028        0x0 d:/gcc_arm_msys2/bin/../lib/gcc/arm-none-eabi/10.3.1/../../../../arm-none-eabi/lib/thumb/v7-m/nofp\libm.a(lib_a-math_err.o)
 .text          0x08007028        0x0 d:/gcc_arm_msys2/bin/../lib/gcc/arm-none-eabi/10.3.1/../../../../arm-none-eabi/lib/thumb/v7-m/nofp\libm.a(lib_a-s_fabs.o)
 .text          0x08007028        0x0 d:/gcc_arm_msys2/bin/../lib/gcc/arm-none-eabi/10.3.1/../../../../arm-none-eabi/lib/thumb/v7-m/nofp\libm.a(lib_a-s_finite.o)
 .text          0x08007028        0x0 d:/gcc_arm_msys2/bin/../lib/gcc/arm-none-eabi/10.3.1/../../../../arm-none-eabi/lib/thumb/v7-m/nofp\libm.a(lib_a-s_scalbn.o)
 .text          0x08007028      0x254 d:/gcc_arm_msys2/bin/../lib/gcc/arm-none-eabi/10.3.1/thumb/v7-m/nofp\libgcc.a(_arm_muldf3.o)
 .text          0x0800727c      0x168 d:/gcc_arm_msys2/bin/../lib/gcc/arm-none-eabi/10.3.1/thumb/v7-m/nofp\libgcc.a(_arm_mulsf3.o)
 .text          0x080073e4      0x378 d:/gcc_arm_msys2/bin/../lib/gcc/arm-none-eabi/10.3.1/thumb/v7-m/nofp\libgcc.a(_arm_addsubdf3.o)
                0x080073e4                __aeabi_drsub
                0x080073ec                __aeabi_dsub
                0x080073ec                __subdf3
                0x080073f0                __aeabi_dadd
                0x080073f0                __adddf3
                0x08007668                __floatunsidf
                0x08007668                __aeabi_ui2d
                0x08007688                __floatsidf
                0x08007688                __aeabi_i2d
                0x080076ac                __aeabi_f2d
                0x080076ac                __extendsfdf2
                0x080076f0                __floatundidf
                0x080076f0                __aeabi_ul2d
                0x08007700                __floatdidf
                0x08007700                __aeabi_l2d
 .text          0x0800775c      0x424 d:/gcc_arm_msys2/bin/../lib/gcc/arm-none-eabi/10.3.1/thumb/v7-m/nofp\libgcc.a(_arm_muldivdf3.o)
                0x0800775c                __aeabi_dmul
                0x0800775c                __muldf3
                0x080079b0                __divdf3
                0x080079b0                __aeabi_ddiv
 .text          0x08007b80      0x110 d:/gcc_arm_msys2/bin/../lib/gcc/arm-none-eabi/10.3.1/thumb/v7-m/nofp\libgcc.a(_arm_cmpdf2.o)
                0x08007b80                __gtdf2
                0x08007b80                __gedf2
                0x08007b88                __ltdf2
                0x08007b88                __ledf2
                0x08007b90                __nedf2
                0x08007b90                __eqdf2
                0x08007b90                __cmpdf2
                0x08007c0c                __aeabi_cdrcmple
                0x08007c1c                __aeabi_cdcmpeq
                0x08007c1c                __aeabi_cdcmple
                0x08007c2c                __aeabi_dcmpeq
                0x08007c40                __aeabi_dcmplt
                0x08007c54                __aeabi_dcmple
                0x08007c68                __aeabi_dcmpge
                0x08007c7c                __aeabi_dcmpgt
 .text          0x08007c90       0x2c d:/gcc_arm_msys2/bin/../lib/gcc/arm-none-eabi/10.3.1/thumb/v7-m/nofp\libgcc.a(_arm_unorddf2.o)
                0x08007c90                __unorddf2
                0x08007c90                __aeabi_dcmpun
 .text          0x08007cbc       0x40 d:/gcc_arm_msys2/bin/../lib/gcc/arm-none-eabi/10.3.1/thumb/v7-m/nofp\libgcc.a(_arm_fixunsdfsi.o)
                0x08007cbc                __aeabi_d2uiz
                0x08007cbc                __fixunsdfsi
 .text          0x08007cfc      0x21c d:/gcc_arm_msys2/bin/../lib/gcc/arm-none-eabi/10.3.1/thumb/v7-m/nofp\libgcc.a(_arm_addsubsf3.o)
                0x08007cfc                __aeabi_frsub
                0x08007d04                __subsf3
                0x08007d04                __aeabi_fsub
                0x08007d08                __aeabi_fadd
                0x08007d08                __addsf3
                0x08007e68                __aeabi_ui2f
                0x08007e68                __floatunsisf
                0x08007e70                __aeabi_i2f
                0x08007e70                __floatsisf
                0x08007e8c                __aeabi_ul2f
                0x08007e8c                __floatundisf
                0x08007e9c                __aeabi_l2f
                0x08007e9c                __floatdisf
 .text          0x08007f18      0x2a0 d:/gcc_arm_msys2/bin/../lib/gcc/arm-none-eabi/10.3.1/thumb/v7-m/nofp\libgcc.a(_arm_muldivsf3.o)
                0x08007f18                __mulsf3
                0x08007f18                __aeabi_fmul
                0x08008080                __aeabi_fdiv
                0x08008080                __divsf3
 .text          0x080081b8        0x0 d:/gcc_arm_msys2/bin/../lib/gcc/arm-none-eabi/10.3.1/../../../../arm-none-eabi/lib/thumb/v7-m/nofp\libc.a(lib_a-errno.o)
 .text          0x080081b8        0x0 d:/gcc_arm_msys2/bin/../lib/gcc/arm-none-eabi/10.3.1/../../../../arm-none-eabi/lib/thumb/v7-m/nofp\libc.a(lib_a-impure.o)
 *(.rodata)
 .rodata        0x080081b8        0x4 ./FreeRtos_CM3/Output/heap_4.o
 .rodata        0x080081bc        0x4 ./FreeRtos_CM3/Output/port.o
 .rodata        0x080081c0        0x5 ./FreeRtos_CM3/Output/tasks.o
 *fill*         0x080081c5        0x3 
 .rodata        0x080081c8        0x8 ./FreeRtos_CM3/Output/timers.o
 .rodata        0x080081d0        0xa ./Output/main.o
                0x080081dc                . = ALIGN (0x4)
 *fill*         0x080081da        0x2 
                0x080081dc                _etext = .
                0x0800925c                _la_data = LOADADDR (.data)

.glue_7         0x080081dc        0x0
 .glue_7        0x080081dc        0x0 linker stubs

.glue_7t        0x080081dc        0x0
 .glue_7t       0x080081dc        0x0 linker stubs

.vfp11_veneer   0x080081dc        0x0
 .vfp11_veneer  0x080081dc        0x0 linker stubs

.v4_bx          0x080081dc        0x0
 .v4_bx         0x080081dc        0x0 linker stubs

.iplt           0x080081dc        0x0
 .iplt          0x080081dc        0x0 ./FreeRtos_CM3/Output/event_groups.o

.text.memset    0x080081dc       0xa4
 .text.memset   0x080081dc       0xa4 d:/gcc_arm_msys2/bin/../lib/gcc/arm-none-eabi/10.3.1/../../../../arm-none-eabi/lib/thumb/v7-m/nofp\libc.a(lib_a-memset.o)
                0x080081dc                memset

.text.pow       0x08008280       0xdc
 .text.pow      0x08008280       0xdc d:/gcc_arm_msys2/bin/../lib/gcc/arm-none-eabi/10.3.1/../../../../arm-none-eabi/lib/thumb/v7-m/nofp\libm.a(lib_a-w_pow.o)
                0x08008280                pow

.text.__ieee754_pow
                0x08008360      0xb08
 .text.__ieee754_pow
                0x08008360      0xb08 d:/gcc_arm_msys2/bin/../lib/gcc/arm-none-eabi/10.3.1/../../../../arm-none-eabi/lib/thumb/v7-m/nofp\libm.a(lib_a-e_pow.o)
                0x08008360                __ieee754_pow

.text.__ieee754_sqrt
                0x08008e68      0x18c
 .text.__ieee754_sqrt
                0x08008e68      0x18c d:/gcc_arm_msys2/bin/../lib/gcc/arm-none-eabi/10.3.1/../../../../arm-none-eabi/lib/thumb/v7-m/nofp\libm.a(lib_a-e_sqrt.o)
                0x08008e68                __ieee754_sqrt

.text.with_errno
                0x08008ff4       0x18
 .text.with_errno
                0x08008ff4       0x18 d:/gcc_arm_msys2/bin/../lib/gcc/arm-none-eabi/10.3.1/../../../../arm-none-eabi/lib/thumb/v7-m/nofp\libm.a(lib_a-math_err.o)

.text.xflow     0x0800900c       0x30
 .text.xflow    0x0800900c       0x30 d:/gcc_arm_msys2/bin/../lib/gcc/arm-none-eabi/10.3.1/../../../../arm-none-eabi/lib/thumb/v7-m/nofp\libm.a(lib_a-math_err.o)

.text.__math_uflow
                0x0800903c        0xc
 .text.__math_uflow
                0x0800903c        0xc d:/gcc_arm_msys2/bin/../lib/gcc/arm-none-eabi/10.3.1/../../../../arm-none-eabi/lib/thumb/v7-m/nofp\libm.a(lib_a-math_err.o)
                0x0800903c                __math_uflow

.text.__math_may_uflow
                0x08009048        0xc
 .text.__math_may_uflow
                0x08009048        0xc d:/gcc_arm_msys2/bin/../lib/gcc/arm-none-eabi/10.3.1/../../../../arm-none-eabi/lib/thumb/v7-m/nofp\libm.a(lib_a-math_err.o)
                0x08009048                __math_may_uflow

.text.__math_oflow
                0x08009054        0xc
 .text.__math_oflow
                0x08009054        0xc d:/gcc_arm_msys2/bin/../lib/gcc/arm-none-eabi/10.3.1/../../../../arm-none-eabi/lib/thumb/v7-m/nofp\libm.a(lib_a-math_err.o)
                0x08009054                __math_oflow

.text.__math_divzero
                0x08009060       0x34
 .text.__math_divzero
                0x08009060       0x34 d:/gcc_arm_msys2/bin/../lib/gcc/arm-none-eabi/10.3.1/../../../../arm-none-eabi/lib/thumb/v7-m/nofp\libm.a(lib_a-math_err.o)
                0x08009060                __math_divzero

.text.__math_invalid
                0x08009094       0x3c
 .text.__math_invalid
                0x08009094       0x3c d:/gcc_arm_msys2/bin/../lib/gcc/arm-none-eabi/10.3.1/../../../../arm-none-eabi/lib/thumb/v7-m/nofp\libm.a(lib_a-math_err.o)
                0x08009094                __math_invalid

.text.__math_check_uflow
                0x080090d0       0x24
 .text.__math_check_uflow
                0x080090d0       0x24 d:/gcc_arm_msys2/bin/../lib/gcc/arm-none-eabi/10.3.1/../../../../arm-none-eabi/lib/thumb/v7-m/nofp\libm.a(lib_a-math_err.o)
                0x080090d0                __math_check_uflow

.text.__math_check_oflow
                0x080090f4       0x44
 .text.__math_check_oflow
                0x080090f4       0x44 d:/gcc_arm_msys2/bin/../lib/gcc/arm-none-eabi/10.3.1/../../../../arm-none-eabi/lib/thumb/v7-m/nofp\libm.a(lib_a-math_err.o)
                0x080090f4                __math_check_oflow

.text.fabs      0x08009138        0x8
 .text.fabs     0x08009138        0x8 d:/gcc_arm_msys2/bin/../lib/gcc/arm-none-eabi/10.3.1/../../../../arm-none-eabi/lib/thumb/v7-m/nofp\libm.a(lib_a-s_fabs.o)
                0x08009138                fabs

.text.finite    0x08009140        0xc
 .text.finite   0x08009140        0xc d:/gcc_arm_msys2/bin/../lib/gcc/arm-none-eabi/10.3.1/../../../../arm-none-eabi/lib/thumb/v7-m/nofp\libm.a(lib_a-s_finite.o)
                0x08009140                finite

.text.scalbn    0x08009150       0xfc
 .text.scalbn   0x08009150       0xfc d:/gcc_arm_msys2/bin/../lib/gcc/arm-none-eabi/10.3.1/../../../../arm-none-eabi/lib/thumb/v7-m/nofp\libm.a(lib_a-s_scalbn.o)
                0x08009150                scalbn

.text.__errno   0x0800924c        0xc
 .text.__errno  0x0800924c        0xc d:/gcc_arm_msys2/bin/../lib/gcc/arm-none-eabi/10.3.1/../../../../arm-none-eabi/lib/thumb/v7-m/nofp\libc.a(lib_a-errno.o)
                0x0800924c                __errno

.rodata._global_impure_ptr
                0x08009258        0x4
 .rodata._global_impure_ptr
                0x08009258        0x4 d:/gcc_arm_msys2/bin/../lib/gcc/arm-none-eabi/10.3.1/../../../../arm-none-eabi/lib/thumb/v7-m/nofp\libc.a(lib_a-impure.o)
                0x08009258                _global_impure_ptr

.rel.dyn        0x0800925c        0x0
 .rel.iplt      0x0800925c        0x0 ./FreeRtos_CM3/Output/event_groups.o

.data           0x20000000        0x8 load address 0x0800925c
                0x20000000                _sdata = .
 *(.data)
 .data          0x20000000        0x0 ./FreeRtos_CM3/Output/croutine.o
 .data          0x20000000        0x0 ./FreeRtos_CM3/Output/event_groups.o
 .data          0x20000000        0x0 ./FreeRtos_CM3/Output/heap_4.o
 .data          0x20000000        0x0 ./FreeRtos_CM3/Output/list.o
 .data          0x20000000        0x4 ./FreeRtos_CM3/Output/port.o
 .data          0x20000004        0x0 ./FreeRtos_CM3/Output/queue.o
 .data          0x20000004        0x0 ./FreeRtos_CM3/Output/stream_buffer.o
 .data          0x20000004        0x4 ./FreeRtos_CM3/Output/tasks.o
                0x20000004                uxTopUsedPriority
 .data          0x20000008        0x0 ./FreeRtos_CM3/Output/timers.o
 .data          0x20000008        0x0 ./Output/config.o
 .data          0x20000008        0x0 ./Output/freeRTOS_hook.o
 .data          0x20000008        0x0 ./Output/handler.o
 .data          0x20000008        0x0 ./Output/main.o
 .data          0x20000008        0x0 ./Output/startup_STM32F1.o
 .data          0x20000008        0x0 ./Output/ADC_Driver.o
 .data          0x20000008        0x0 ./Output/DMA_Driver.o
 .data          0x20000008        0x0 ./Output/FLASH_Driver.o
 .data          0x20000008        0x0 ./Output/GPIO_Driver.o
 .data          0x20000008        0x0 ./Output/I2C_Driver.o
 .data          0x20000008        0x0 ./Output/RCC_Driver.o
 .data          0x20000008        0x0 ./Output/TIM_Driver.o
 .data          0x20000008        0x0 ./Output/Kalman_Filter.o
 .data          0x20000008        0x0 ./Output/Servo.o
 .data          0x20000008        0x0 d:/gcc_arm_msys2/bin/../lib/gcc/arm-none-eabi/10.3.1/../../../../arm-none-eabi/lib/thumb/v7-m/nofp\libc.a(lib_a-memcpy.o)
 .data          0x20000008        0x0 d:/gcc_arm_msys2/bin/../lib/gcc/arm-none-eabi/10.3.1/../../../../arm-none-eabi/lib/thumb/v7-m/nofp\libc.a(lib_a-memset.o)
 .data          0x20000008        0x0 d:/gcc_arm_msys2/bin/../lib/gcc/arm-none-eabi/10.3.1/../../../../arm-none-eabi/lib/thumb/v7-m/nofp\libm.a(lib_a-w_pow.o)
 .data          0x20000008        0x0 d:/gcc_arm_msys2/bin/../lib/gcc/arm-none-eabi/10.3.1/../../../../arm-none-eabi/lib/thumb/v7-m/nofp\libm.a(lib_a-e_pow.o)
 .data          0x20000008        0x0 d:/gcc_arm_msys2/bin/../lib/gcc/arm-none-eabi/10.3.1/../../../../arm-none-eabi/lib/thumb/v7-m/nofp\libm.a(lib_a-e_sqrt.o)
 .data          0x20000008        0x0 d:/gcc_arm_msys2/bin/../lib/gcc/arm-none-eabi/10.3.1/../../../../arm-none-eabi/lib/thumb/v7-m/nofp\libm.a(lib_a-math_err.o)
 .data          0x20000008        0x0 d:/gcc_arm_msys2/bin/../lib/gcc/arm-none-eabi/10.3.1/../../../../arm-none-eabi/lib/thumb/v7-m/nofp\libm.a(lib_a-s_fabs.o)
 .data          0x20000008        0x0 d:/gcc_arm_msys2/bin/../lib/gcc/arm-none-eabi/10.3.1/../../../../arm-none-eabi/lib/thumb/v7-m/nofp\libm.a(lib_a-s_finite.o)
 .data          0x20000008        0x0 d:/gcc_arm_msys2/bin/../lib/gcc/arm-none-eabi/10.3.1/../../../../arm-none-eabi/lib/thumb/v7-m/nofp\libm.a(lib_a-s_scalbn.o)
 .data          0x20000008        0x0 d:/gcc_arm_msys2/bin/../lib/gcc/arm-none-eabi/10.3.1/thumb/v7-m/nofp\libgcc.a(_arm_muldf3.o)
 .data          0x20000008        0x0 d:/gcc_arm_msys2/bin/../lib/gcc/arm-none-eabi/10.3.1/thumb/v7-m/nofp\libgcc.a(_arm_mulsf3.o)
 .data          0x20000008        0x0 d:/gcc_arm_msys2/bin/../lib/gcc/arm-none-eabi/10.3.1/thumb/v7-m/nofp\libgcc.a(_arm_addsubdf3.o)
 .data          0x20000008        0x0 d:/gcc_arm_msys2/bin/../lib/gcc/arm-none-eabi/10.3.1/thumb/v7-m/nofp\libgcc.a(_arm_muldivdf3.o)
 .data          0x20000008        0x0 d:/gcc_arm_msys2/bin/../lib/gcc/arm-none-eabi/10.3.1/thumb/v7-m/nofp\libgcc.a(_arm_cmpdf2.o)
 .data          0x20000008        0x0 d:/gcc_arm_msys2/bin/../lib/gcc/arm-none-eabi/10.3.1/thumb/v7-m/nofp\libgcc.a(_arm_unorddf2.o)
 .data          0x20000008        0x0 d:/gcc_arm_msys2/bin/../lib/gcc/arm-none-eabi/10.3.1/thumb/v7-m/nofp\libgcc.a(_arm_fixunsdfsi.o)
 .data          0x20000008        0x0 d:/gcc_arm_msys2/bin/../lib/gcc/arm-none-eabi/10.3.1/thumb/v7-m/nofp\libgcc.a(_arm_addsubsf3.o)
 .data          0x20000008        0x0 d:/gcc_arm_msys2/bin/../lib/gcc/arm-none-eabi/10.3.1/thumb/v7-m/nofp\libgcc.a(_arm_muldivsf3.o)
 .data          0x20000008        0x0 d:/gcc_arm_msys2/bin/../lib/gcc/arm-none-eabi/10.3.1/../../../../arm-none-eabi/lib/thumb/v7-m/nofp\libc.a(lib_a-errno.o)
 .data          0x20000008        0x0 d:/gcc_arm_msys2/bin/../lib/gcc/arm-none-eabi/10.3.1/../../../../arm-none-eabi/lib/thumb/v7-m/nofp\libc.a(lib_a-impure.o)
                0x20000008                . = ALIGN (0x4)
                0x20000008                _edata = .

.igot.plt       0x20000008        0x0 load address 0x08009264
 .igot.plt      0x20000008        0x0 ./FreeRtos_CM3/Output/event_groups.o

.data._impure_ptr
                0x20000008        0x4 load address 0x08009264
 .data._impure_ptr
                0x20000008        0x4 d:/gcc_arm_msys2/bin/../lib/gcc/arm-none-eabi/10.3.1/../../../../arm-none-eabi/lib/thumb/v7-m/nofp\libc.a(lib_a-impure.o)
                0x20000008                _impure_ptr

.data.impure_data
                0x20000010      0x428 load address 0x08009268
 .data.impure_data
                0x20000010      0x428 d:/gcc_arm_msys2/bin/../lib/gcc/arm-none-eabi/10.3.1/../../../../arm-none-eabi/lib/thumb/v7-m/nofp\libc.a(lib_a-impure.o)

.bss            0x20000438     0x2998 load address 0x08009690
                0x20000438                _sbss = .
 *(.bss)
 .bss           0x20000438        0x0 ./FreeRtos_CM3/Output/croutine.o
 .bss           0x20000438        0x0 ./FreeRtos_CM3/Output/event_groups.o
 .bss           0x20000438     0x281c ./FreeRtos_CM3/Output/heap_4.o
 .bss           0x20002c54        0x0 ./FreeRtos_CM3/Output/list.o
 .bss           0x20002c54        0x8 ./FreeRtos_CM3/Output/port.o
 .bss           0x20002c5c        0x0 ./FreeRtos_CM3/Output/queue.o
 .bss           0x20002c5c        0x0 ./FreeRtos_CM3/Output/stream_buffer.o
 .bss           0x20002c5c      0x104 ./FreeRtos_CM3/Output/tasks.o
                0x20002c5c                pxCurrentTCB
 .bss           0x20002d60       0x3c ./FreeRtos_CM3/Output/timers.o
 .bss           0x20002d9c        0x0 ./Output/config.o
 .bss           0x20002d9c        0x0 ./Output/freeRTOS_hook.o
 .bss           0x20002d9c        0x0 ./Output/handler.o
 .bss           0x20002d9c        0x0 ./Output/main.o
 .bss           0x20002d9c        0x0 ./Output/startup_STM32F1.o
 .bss           0x20002d9c       0x24 ./Output/ADC_Driver.o
                0x20002d9c                clockADC
                0x20002da0                valueADC1
 .bss           0x20002dc0        0x0 ./Output/DMA_Driver.o
 .bss           0x20002dc0        0x0 ./Output/FLASH_Driver.o
 .bss           0x20002dc0        0x0 ./Output/GPIO_Driver.o
 .bss           0x20002dc0        0x0 ./Output/I2C_Driver.o
 .bss           0x20002dc0       0x10 ./Output/RCC_Driver.o
                0x20002dc0                SystemCoreClock
                0x20002dc4                clockOfHCLK
                0x20002dc8                clockOfPCLK1
                0x20002dcc                clockOfPCLK2
 .bss           0x20002dd0        0x0 ./Output/TIM_Driver.o
 .bss           0x20002dd0        0x0 ./Output/Kalman_Filter.o
 .bss           0x20002dd0        0x0 ./Output/Servo.o
 .bss           0x20002dd0        0x0 d:/gcc_arm_msys2/bin/../lib/gcc/arm-none-eabi/10.3.1/../../../../arm-none-eabi/lib/thumb/v7-m/nofp\libc.a(lib_a-memcpy.o)
 .bss           0x20002dd0        0x0 d:/gcc_arm_msys2/bin/../lib/gcc/arm-none-eabi/10.3.1/../../../../arm-none-eabi/lib/thumb/v7-m/nofp\libc.a(lib_a-memset.o)
 .bss           0x20002dd0        0x0 d:/gcc_arm_msys2/bin/../lib/gcc/arm-none-eabi/10.3.1/../../../../arm-none-eabi/lib/thumb/v7-m/nofp\libm.a(lib_a-w_pow.o)
 .bss           0x20002dd0        0x0 d:/gcc_arm_msys2/bin/../lib/gcc/arm-none-eabi/10.3.1/../../../../arm-none-eabi/lib/thumb/v7-m/nofp\libm.a(lib_a-e_pow.o)
 .bss           0x20002dd0        0x0 d:/gcc_arm_msys2/bin/../lib/gcc/arm-none-eabi/10.3.1/../../../../arm-none-eabi/lib/thumb/v7-m/nofp\libm.a(lib_a-e_sqrt.o)
 .bss           0x20002dd0        0x0 d:/gcc_arm_msys2/bin/../lib/gcc/arm-none-eabi/10.3.1/../../../../arm-none-eabi/lib/thumb/v7-m/nofp\libm.a(lib_a-math_err.o)
 .bss           0x20002dd0        0x0 d:/gcc_arm_msys2/bin/../lib/gcc/arm-none-eabi/10.3.1/../../../../arm-none-eabi/lib/thumb/v7-m/nofp\libm.a(lib_a-s_fabs.o)
 .bss           0x20002dd0        0x0 d:/gcc_arm_msys2/bin/../lib/gcc/arm-none-eabi/10.3.1/../../../../arm-none-eabi/lib/thumb/v7-m/nofp\libm.a(lib_a-s_finite.o)
 .bss           0x20002dd0        0x0 d:/gcc_arm_msys2/bin/../lib/gcc/arm-none-eabi/10.3.1/../../../../arm-none-eabi/lib/thumb/v7-m/nofp\libm.a(lib_a-s_scalbn.o)
 .bss           0x20002dd0        0x0 d:/gcc_arm_msys2/bin/../lib/gcc/arm-none-eabi/10.3.1/thumb/v7-m/nofp\libgcc.a(_arm_muldf3.o)
 .bss           0x20002dd0        0x0 d:/gcc_arm_msys2/bin/../lib/gcc/arm-none-eabi/10.3.1/thumb/v7-m/nofp\libgcc.a(_arm_mulsf3.o)
 .bss           0x20002dd0        0x0 d:/gcc_arm_msys2/bin/../lib/gcc/arm-none-eabi/10.3.1/thumb/v7-m/nofp\libgcc.a(_arm_addsubdf3.o)
 .bss           0x20002dd0        0x0 d:/gcc_arm_msys2/bin/../lib/gcc/arm-none-eabi/10.3.1/thumb/v7-m/nofp\libgcc.a(_arm_muldivdf3.o)
 .bss           0x20002dd0        0x0 d:/gcc_arm_msys2/bin/../lib/gcc/arm-none-eabi/10.3.1/thumb/v7-m/nofp\libgcc.a(_arm_cmpdf2.o)
 .bss           0x20002dd0        0x0 d:/gcc_arm_msys2/bin/../lib/gcc/arm-none-eabi/10.3.1/thumb/v7-m/nofp\libgcc.a(_arm_unorddf2.o)
 .bss           0x20002dd0        0x0 d:/gcc_arm_msys2/bin/../lib/gcc/arm-none-eabi/10.3.1/thumb/v7-m/nofp\libgcc.a(_arm_fixunsdfsi.o)
 .bss           0x20002dd0        0x0 d:/gcc_arm_msys2/bin/../lib/gcc/arm-none-eabi/10.3.1/thumb/v7-m/nofp\libgcc.a(_arm_addsubsf3.o)
 .bss           0x20002dd0        0x0 d:/gcc_arm_msys2/bin/../lib/gcc/arm-none-eabi/10.3.1/thumb/v7-m/nofp\libgcc.a(_arm_muldivsf3.o)
 .bss           0x20002dd0        0x0 d:/gcc_arm_msys2/bin/../lib/gcc/arm-none-eabi/10.3.1/../../../../arm-none-eabi/lib/thumb/v7-m/nofp\libc.a(lib_a-errno.o)
 .bss           0x20002dd0        0x0 d:/gcc_arm_msys2/bin/../lib/gcc/arm-none-eabi/10.3.1/../../../../arm-none-eabi/lib/thumb/v7-m/nofp\libc.a(lib_a-impure.o)
 *(.COMMON)
                0x20002dd0                . = ALIGN (0x4)
                0x20002dd0                _ebss = .
OUTPUT(./Bin/robot_line.elf elf32-littlearm)
LOAD linker stubs

.debug_info     0x00000000     0x853e
 .debug_info    0x00000000       0x72 ./FreeRtos_CM3/Output/croutine.o
 .debug_info    0x00000072      0x892 ./FreeRtos_CM3/Output/event_groups.o
 .debug_info    0x00000904      0x500 ./FreeRtos_CM3/Output/heap_4.o
 .debug_info    0x00000e04      0x2cd ./FreeRtos_CM3/Output/list.o
 .debug_info    0x000010d1      0x49d ./FreeRtos_CM3/Output/port.o
 .debug_info    0x0000156e     0x132c ./FreeRtos_CM3/Output/queue.o
 .debug_info    0x0000289a     0x1131 ./FreeRtos_CM3/Output/stream_buffer.o
 .debug_info    0x000039cb     0x1eb5 ./FreeRtos_CM3/Output/tasks.o
 .debug_info    0x00005880      0xc19 ./FreeRtos_CM3/Output/timers.o
 .debug_info    0x00006499      0x26a ./Output/config.o
 .debug_info    0x00006703       0xec ./Output/freeRTOS_hook.o
 .debug_info    0x000067ef       0x9a ./Output/handler.o
 .debug_info    0x00006889      0x158 ./Output/main.o
 .debug_info    0x000069e1      0x183 ./Output/startup_STM32F1.o
 .debug_info    0x00006b64      0x353 ./Output/ADC_Driver.o
 .debug_info    0x00006eb7      0x21c ./Output/DMA_Driver.o
 .debug_info    0x000070d3       0x80 ./Output/FLASH_Driver.o
 .debug_info    0x00007153      0x261 ./Output/GPIO_Driver.o
 .debug_info    0x000073b4      0x3e2 ./Output/I2C_Driver.o
 .debug_info    0x00007796      0x314 ./Output/RCC_Driver.o
 .debug_info    0x00007aaa      0x4c0 ./Output/TIM_Driver.o
 .debug_info    0x00007f6a      0x26a ./Output/Kalman_Filter.o
 .debug_info    0x000081d4      0x36a ./Output/Servo.o

.debug_abbrev   0x00000000     0x1bd9
 .debug_abbrev  0x00000000       0x26 ./FreeRtos_CM3/Output/croutine.o
 .debug_abbrev  0x00000026      0x20b ./FreeRtos_CM3/Output/event_groups.o
 .debug_abbrev  0x00000231      0x1f2 ./FreeRtos_CM3/Output/heap_4.o
 .debug_abbrev  0x00000423       0xef ./FreeRtos_CM3/Output/list.o
 .debug_abbrev  0x00000512      0x22c ./FreeRtos_CM3/Output/port.o
 .debug_abbrev  0x0000073e      0x207 ./FreeRtos_CM3/Output/queue.o
 .debug_abbrev  0x00000945      0x220 ./FreeRtos_CM3/Output/stream_buffer.o
 .debug_abbrev  0x00000b65      0x2b8 ./FreeRtos_CM3/Output/tasks.o
 .debug_abbrev  0x00000e1d      0x20e ./FreeRtos_CM3/Output/timers.o
 .debug_abbrev  0x0000102b       0xbf ./Output/config.o
 .debug_abbrev  0x000010ea       0x92 ./Output/freeRTOS_hook.o
 .debug_abbrev  0x0000117c       0x44 ./Output/handler.o
 .debug_abbrev  0x000011c0       0xbd ./Output/main.o
 .debug_abbrev  0x0000127d       0xeb ./Output/startup_STM32F1.o
 .debug_abbrev  0x00001368      0x182 ./Output/ADC_Driver.o
 .debug_abbrev  0x000014ea      0x106 ./Output/DMA_Driver.o
 .debug_abbrev  0x000015f0       0x26 ./Output/FLASH_Driver.o
 .debug_abbrev  0x00001616       0x9d ./Output/GPIO_Driver.o
 .debug_abbrev  0x000016b3       0xf7 ./Output/I2C_Driver.o
 .debug_abbrev  0x000017aa      0x12f ./Output/RCC_Driver.o
 .debug_abbrev  0x000018d9      0x125 ./Output/TIM_Driver.o
 .debug_abbrev  0x000019fe      0x103 ./Output/Kalman_Filter.o
 .debug_abbrev  0x00001b01       0xd8 ./Output/Servo.o

.debug_aranges  0x00000000      0x2d0
 .debug_aranges
                0x00000000       0x18 ./FreeRtos_CM3/Output/croutine.o
 .debug_aranges
                0x00000018       0x20 ./FreeRtos_CM3/Output/event_groups.o
 .debug_aranges
                0x00000038       0x20 ./FreeRtos_CM3/Output/heap_4.o
 .debug_aranges
                0x00000058       0x20 ./FreeRtos_CM3/Output/list.o
 .debug_aranges
                0x00000078       0x20 ./FreeRtos_CM3/Output/port.o
 .debug_aranges
                0x00000098       0x20 ./FreeRtos_CM3/Output/queue.o
 .debug_aranges
                0x000000b8       0x20 ./FreeRtos_CM3/Output/stream_buffer.o
 .debug_aranges
                0x000000d8       0x20 ./FreeRtos_CM3/Output/tasks.o
 .debug_aranges
                0x000000f8       0x20 ./FreeRtos_CM3/Output/timers.o
 .debug_aranges
                0x00000118       0x20 ./Output/config.o
 .debug_aranges
                0x00000138       0x20 ./Output/freeRTOS_hook.o
 .debug_aranges
                0x00000158       0x20 ./Output/handler.o
 .debug_aranges
                0x00000178       0x20 ./Output/main.o
 .debug_aranges
                0x00000198       0x20 ./Output/startup_STM32F1.o
 .debug_aranges
                0x000001b8       0x20 ./Output/ADC_Driver.o
 .debug_aranges
                0x000001d8       0x20 ./Output/DMA_Driver.o
 .debug_aranges
                0x000001f8       0x18 ./Output/FLASH_Driver.o
 .debug_aranges
                0x00000210       0x20 ./Output/GPIO_Driver.o
 .debug_aranges
                0x00000230       0x20 ./Output/I2C_Driver.o
 .debug_aranges
                0x00000250       0x20 ./Output/RCC_Driver.o
 .debug_aranges
                0x00000270       0x20 ./Output/TIM_Driver.o
 .debug_aranges
                0x00000290       0x20 ./Output/Kalman_Filter.o
 .debug_aranges
                0x000002b0       0x20 ./Output/Servo.o

.debug_line     0x00000000     0x4cef
 .debug_line    0x00000000       0x1d ./FreeRtos_CM3/Output/croutine.o
 .debug_line    0x0000001d      0x47d ./FreeRtos_CM3/Output/event_groups.o
 .debug_line    0x0000049a      0x407 ./FreeRtos_CM3/Output/heap_4.o
 .debug_line    0x000008a1      0x1b5 ./FreeRtos_CM3/Output/list.o
 .debug_line    0x00000a56      0x315 ./FreeRtos_CM3/Output/port.o
 .debug_line    0x00000d6b      0xcb5 ./FreeRtos_CM3/Output/queue.o
 .debug_line    0x00001a20      0x8d7 ./FreeRtos_CM3/Output/stream_buffer.o
 .debug_line    0x000022f7     0x112a ./FreeRtos_CM3/Output/tasks.o
 .debug_line    0x00003421      0x567 ./FreeRtos_CM3/Output/timers.o
 .debug_line    0x00003988      0x118 ./Output/config.o
 .debug_line    0x00003aa0       0x8d ./Output/freeRTOS_hook.o
 .debug_line    0x00003b2d       0x52 ./Output/handler.o
 .debug_line    0x00003b7f      0x164 ./Output/main.o
 .debug_line    0x00003ce3       0xf2 ./Output/startup_STM32F1.o
 .debug_line    0x00003dd5      0x17a ./Output/ADC_Driver.o
 .debug_line    0x00003f4f      0x130 ./Output/DMA_Driver.o
 .debug_line    0x0000407f       0x1d ./Output/FLASH_Driver.o
 .debug_line    0x0000409c      0x155 ./Output/GPIO_Driver.o
 .debug_line    0x000041f1      0x3b4 ./Output/I2C_Driver.o
 .debug_line    0x000045a5      0x299 ./Output/RCC_Driver.o
 .debug_line    0x0000483e      0x223 ./Output/TIM_Driver.o
 .debug_line    0x00004a61      0x14f ./Output/Kalman_Filter.o
 .debug_line    0x00004bb0      0x13f ./Output/Servo.o

.debug_str      0x00000000     0x28c7
 .debug_str     0x00000000       0xef ./FreeRtos_CM3/Output/croutine.o
                                0x128 (size before relaxing)
 .debug_str     0x000000ef      0x38e ./FreeRtos_CM3/Output/event_groups.o
                                0x4f5 (size before relaxing)
 .debug_str     0x0000047d      0x2ec ./FreeRtos_CM3/Output/heap_4.o
                                0x460 (size before relaxing)
 .debug_str     0x00000769       0x89 ./FreeRtos_CM3/Output/list.o
                                0x277 (size before relaxing)
 .debug_str     0x000007f2      0x21c ./FreeRtos_CM3/Output/port.o
                                0x3bf (size before relaxing)
 .debug_str     0x00000a0e      0x467 ./FreeRtos_CM3/Output/queue.o
                                0x720 (size before relaxing)
 .debug_str     0x00000e75      0x4e5 ./FreeRtos_CM3/Output/stream_buffer.o
                                0x778 (size before relaxing)
 .debug_str     0x0000135a      0x992 ./FreeRtos_CM3/Output/tasks.o
                                0xd7a (size before relaxing)
 .debug_str     0x00001cec      0x42d ./FreeRtos_CM3/Output/timers.o
                                0x711 (size before relaxing)
 .debug_str     0x00002119       0xc5 ./Output/config.o
                                0x1f5 (size before relaxing)
 .debug_str     0x000021de       0x5d ./Output/freeRTOS_hook.o
                                0x1ac (size before relaxing)
 .debug_str     0x0000223b       0x2e ./Output/handler.o
                                0x14b (size before relaxing)
 .debug_str     0x00002269       0x43 ./Output/main.o
                                0x18c (size before relaxing)
 .debug_str     0x000022ac       0x88 ./Output/startup_STM32F1.o
                                0x1a5 (size before relaxing)
 .debug_str     0x00002334       0xae ./Output/ADC_Driver.o
                                0x267 (size before relaxing)
 .debug_str     0x000023e2       0x63 ./Output/DMA_Driver.o
                                0x210 (size before relaxing)
 .debug_str     0x00002445       0x22 ./Output/FLASH_Driver.o
                                0x13f (size before relaxing)
 .debug_str     0x00002467       0x81 ./Output/GPIO_Driver.o
                                0x208 (size before relaxing)
 .debug_str     0x000024e8       0xf0 ./Output/I2C_Driver.o
                                0x2a2 (size before relaxing)
 .debug_str     0x000025d8       0xd1 ./Output/RCC_Driver.o
                                0x289 (size before relaxing)
 .debug_str     0x000026a9      0x120 ./Output/TIM_Driver.o
                                0x340 (size before relaxing)
 .debug_str     0x000027c9       0xb8 ./Output/Kalman_Filter.o
                                0x1df (size before relaxing)
 .debug_str     0x00002881       0x46 ./Output/Servo.o
                                0x2a2 (size before relaxing)

.comment        0x00000000       0x49
 .comment       0x00000000       0x49 ./FreeRtos_CM3/Output/croutine.o
                                 0x4a (size before relaxing)
 .comment       0x00000049       0x4a ./FreeRtos_CM3/Output/event_groups.o
 .comment       0x00000049       0x4a ./FreeRtos_CM3/Output/heap_4.o
 .comment       0x00000049       0x4a ./FreeRtos_CM3/Output/list.o
 .comment       0x00000049       0x4a ./FreeRtos_CM3/Output/port.o
 .comment       0x00000049       0x4a ./FreeRtos_CM3/Output/queue.o
 .comment       0x00000049       0x4a ./FreeRtos_CM3/Output/stream_buffer.o
 .comment       0x00000049       0x4a ./FreeRtos_CM3/Output/tasks.o
 .comment       0x00000049       0x4a ./FreeRtos_CM3/Output/timers.o
 .comment       0x00000049       0x4a ./Output/config.o
 .comment       0x00000049       0x4a ./Output/freeRTOS_hook.o
 .comment       0x00000049       0x4a ./Output/handler.o
 .comment       0x00000049       0x4a ./Output/main.o
 .comment       0x00000049       0x4a ./Output/startup_STM32F1.o
 .comment       0x00000049       0x4a ./Output/ADC_Driver.o
 .comment       0x00000049       0x4a ./Output/DMA_Driver.o
 .comment       0x00000049       0x4a ./Output/FLASH_Driver.o
 .comment       0x00000049       0x4a ./Output/GPIO_Driver.o
 .comment       0x00000049       0x4a ./Output/I2C_Driver.o
 .comment       0x00000049       0x4a ./Output/RCC_Driver.o
 .comment       0x00000049       0x4a ./Output/TIM_Driver.o
 .comment       0x00000049       0x4a ./Output/Kalman_Filter.o
 .comment       0x00000049       0x4a ./Output/Servo.o

.ARM.attributes
                0x00000000       0x2b
 .ARM.attributes
                0x00000000       0x2d ./FreeRtos_CM3/Output/croutine.o
 .ARM.attributes
                0x0000002d       0x2d ./FreeRtos_CM3/Output/event_groups.o
 .ARM.attributes
                0x0000005a       0x2d ./FreeRtos_CM3/Output/heap_4.o
 .ARM.attributes
                0x00000087       0x2d ./FreeRtos_CM3/Output/list.o
 .ARM.attributes
                0x000000b4       0x2d ./FreeRtos_CM3/Output/port.o
 .ARM.attributes
                0x000000e1       0x2d ./FreeRtos_CM3/Output/queue.o
 .ARM.attributes
                0x0000010e       0x2d ./FreeRtos_CM3/Output/stream_buffer.o
 .ARM.attributes
                0x0000013b       0x2d ./FreeRtos_CM3/Output/tasks.o
 .ARM.attributes
                0x00000168       0x2d ./FreeRtos_CM3/Output/timers.o
 .ARM.attributes
                0x00000195       0x2d ./Output/config.o
 .ARM.attributes
                0x000001c2       0x2d ./Output/freeRTOS_hook.o
 .ARM.attributes
                0x000001ef       0x2d ./Output/handler.o
 .ARM.attributes
                0x0000021c       0x2d ./Output/main.o
 .ARM.attributes
                0x00000249       0x2d ./Output/startup_STM32F1.o
 .ARM.attributes
                0x00000276       0x2d ./Output/ADC_Driver.o
 .ARM.attributes
                0x000002a3       0x2d ./Output/DMA_Driver.o
 .ARM.attributes
                0x000002d0       0x2d ./Output/FLASH_Driver.o
 .ARM.attributes
                0x000002fd       0x2d ./Output/GPIO_Driver.o
 .ARM.attributes
                0x0000032a       0x2d ./Output/I2C_Driver.o
 .ARM.attributes
                0x00000357       0x2d ./Output/RCC_Driver.o
 .ARM.attributes
                0x00000384       0x2d ./Output/TIM_Driver.o
 .ARM.attributes
                0x000003b1       0x2d ./Output/Kalman_Filter.o
 .ARM.attributes
                0x000003de       0x2d ./Output/Servo.o
 .ARM.attributes
                0x0000040b       0x1b d:/gcc_arm_msys2/bin/../lib/gcc/arm-none-eabi/10.3.1/../../../../arm-none-eabi/lib/thumb/v7-m/nofp\libc.a(lib_a-memcpy.o)
 .ARM.attributes
                0x00000426       0x2d d:/gcc_arm_msys2/bin/../lib/gcc/arm-none-eabi/10.3.1/../../../../arm-none-eabi/lib/thumb/v7-m/nofp\libc.a(lib_a-memset.o)
 .ARM.attributes
                0x00000453       0x2d d:/gcc_arm_msys2/bin/../lib/gcc/arm-none-eabi/10.3.1/../../../../arm-none-eabi/lib/thumb/v7-m/nofp\libm.a(lib_a-w_pow.o)
 .ARM.attributes
                0x00000480       0x2d d:/gcc_arm_msys2/bin/../lib/gcc/arm-none-eabi/10.3.1/../../../../arm-none-eabi/lib/thumb/v7-m/nofp\libm.a(lib_a-e_pow.o)
 .ARM.attributes
                0x000004ad       0x2d d:/gcc_arm_msys2/bin/../lib/gcc/arm-none-eabi/10.3.1/../../../../arm-none-eabi/lib/thumb/v7-m/nofp\libm.a(lib_a-e_sqrt.o)
 .ARM.attributes
                0x000004da       0x2d d:/gcc_arm_msys2/bin/../lib/gcc/arm-none-eabi/10.3.1/../../../../arm-none-eabi/lib/thumb/v7-m/nofp\libm.a(lib_a-math_err.o)
 .ARM.attributes
                0x00000507       0x2d d:/gcc_arm_msys2/bin/../lib/gcc/arm-none-eabi/10.3.1/../../../../arm-none-eabi/lib/thumb/v7-m/nofp\libm.a(lib_a-s_fabs.o)
 .ARM.attributes
                0x00000534       0x2d d:/gcc_arm_msys2/bin/../lib/gcc/arm-none-eabi/10.3.1/../../../../arm-none-eabi/lib/thumb/v7-m/nofp\libm.a(lib_a-s_finite.o)
 .ARM.attributes
                0x00000561       0x2d d:/gcc_arm_msys2/bin/../lib/gcc/arm-none-eabi/10.3.1/../../../../arm-none-eabi/lib/thumb/v7-m/nofp\libm.a(lib_a-s_scalbn.o)
 .ARM.attributes
                0x0000058e       0x1d d:/gcc_arm_msys2/bin/../lib/gcc/arm-none-eabi/10.3.1/thumb/v7-m/nofp\libgcc.a(_arm_muldf3.o)
 .ARM.attributes
                0x000005ab       0x1d d:/gcc_arm_msys2/bin/../lib/gcc/arm-none-eabi/10.3.1/thumb/v7-m/nofp\libgcc.a(_arm_mulsf3.o)
 .ARM.attributes
                0x000005c8       0x1d d:/gcc_arm_msys2/bin/../lib/gcc/arm-none-eabi/10.3.1/thumb/v7-m/nofp\libgcc.a(_arm_addsubdf3.o)
 .ARM.attributes
                0x000005e5       0x1d d:/gcc_arm_msys2/bin/../lib/gcc/arm-none-eabi/10.3.1/thumb/v7-m/nofp\libgcc.a(_arm_muldivdf3.o)
 .ARM.attributes
                0x00000602       0x1d d:/gcc_arm_msys2/bin/../lib/gcc/arm-none-eabi/10.3.1/thumb/v7-m/nofp\libgcc.a(_arm_cmpdf2.o)
 .ARM.attributes
                0x0000061f       0x1d d:/gcc_arm_msys2/bin/../lib/gcc/arm-none-eabi/10.3.1/thumb/v7-m/nofp\libgcc.a(_arm_unorddf2.o)
 .ARM.attributes
                0x0000063c       0x1d d:/gcc_arm_msys2/bin/../lib/gcc/arm-none-eabi/10.3.1/thumb/v7-m/nofp\libgcc.a(_arm_fixunsdfsi.o)
 .ARM.attributes
                0x00000659       0x1d d:/gcc_arm_msys2/bin/../lib/gcc/arm-none-eabi/10.3.1/thumb/v7-m/nofp\libgcc.a(_arm_addsubsf3.o)
 .ARM.attributes
                0x00000676       0x1d d:/gcc_arm_msys2/bin/../lib/gcc/arm-none-eabi/10.3.1/thumb/v7-m/nofp\libgcc.a(_arm_muldivsf3.o)
 .ARM.attributes
                0x00000693       0x2d d:/gcc_arm_msys2/bin/../lib/gcc/arm-none-eabi/10.3.1/../../../../arm-none-eabi/lib/thumb/v7-m/nofp\libc.a(lib_a-errno.o)
 .ARM.attributes
                0x000006c0       0x2d d:/gcc_arm_msys2/bin/../lib/gcc/arm-none-eabi/10.3.1/../../../../arm-none-eabi/lib/thumb/v7-m/nofp\libc.a(lib_a-impure.o)

.debug_frame    0x00000000     0x222c
 .debug_frame   0x00000000      0x180 ./FreeRtos_CM3/Output/event_groups.o
 .debug_frame   0x00000180      0x150 ./FreeRtos_CM3/Output/heap_4.o
 .debug_frame   0x000002d0       0xd8 ./FreeRtos_CM3/Output/list.o
 .debug_frame   0x000003a8      0x198 ./FreeRtos_CM3/Output/port.o
 .debug_frame   0x00000540      0x35c ./FreeRtos_CM3/Output/queue.o
 .debug_frame   0x0000089c      0x334 ./FreeRtos_CM3/Output/stream_buffer.o
 .debug_frame   0x00000bd0      0x710 ./FreeRtos_CM3/Output/tasks.o
 .debug_frame   0x000012e0      0x378 ./FreeRtos_CM3/Output/timers.o
 .debug_frame   0x00001658       0x2c ./Output/config.o
 .debug_frame   0x00001684       0x44 ./Output/freeRTOS_hook.o
 .debug_frame   0x000016c8       0x2c ./Output/handler.o
 .debug_frame   0x000016f4       0x50 ./Output/main.o
 .debug_frame   0x00001744       0x50 ./Output/startup_STM32F1.o
 .debug_frame   0x00001794       0x68 ./Output/ADC_Driver.o
 .debug_frame   0x000017fc       0x58 ./Output/DMA_Driver.o
 .debug_frame   0x00001854       0x90 ./Output/GPIO_Driver.o
 .debug_frame   0x000018e4      0x110 ./Output/I2C_Driver.o
 .debug_frame   0x000019f4       0x98 ./Output/RCC_Driver.o
 .debug_frame   0x00001a8c       0xd4 ./Output/TIM_Driver.o
 .debug_frame   0x00001b60       0xd0 ./Output/Kalman_Filter.o
 .debug_frame   0x00001c30       0x60 ./Output/Servo.o
 .debug_frame   0x00001c90       0x2c d:/gcc_arm_msys2/bin/../lib/gcc/arm-none-eabi/10.3.1/../../../../arm-none-eabi/lib/thumb/v7-m/nofp\libc.a(lib_a-memset.o)
 .debug_frame   0x00001cbc       0x34 d:/gcc_arm_msys2/bin/../lib/gcc/arm-none-eabi/10.3.1/../../../../arm-none-eabi/lib/thumb/v7-m/nofp\libm.a(lib_a-w_pow.o)
 .debug_frame   0x00001cf0       0x7c d:/gcc_arm_msys2/bin/../lib/gcc/arm-none-eabi/10.3.1/../../../../arm-none-eabi/lib/thumb/v7-m/nofp\libm.a(lib_a-e_pow.o)
 .debug_frame   0x00001d6c       0x34 d:/gcc_arm_msys2/bin/../lib/gcc/arm-none-eabi/10.3.1/../../../../arm-none-eabi/lib/thumb/v7-m/nofp\libm.a(lib_a-e_sqrt.o)
 .debug_frame   0x00001da0      0x124 d:/gcc_arm_msys2/bin/../lib/gcc/arm-none-eabi/10.3.1/../../../../arm-none-eabi/lib/thumb/v7-m/nofp\libm.a(lib_a-math_err.o)
 .debug_frame   0x00001ec4       0x20 d:/gcc_arm_msys2/bin/../lib/gcc/arm-none-eabi/10.3.1/../../../../arm-none-eabi/lib/thumb/v7-m/nofp\libm.a(lib_a-s_fabs.o)
 .debug_frame   0x00001ee4       0x20 d:/gcc_arm_msys2/bin/../lib/gcc/arm-none-eabi/10.3.1/../../../../arm-none-eabi/lib/thumb/v7-m/nofp\libm.a(lib_a-s_finite.o)
 .debug_frame   0x00001f04       0x2c d:/gcc_arm_msys2/bin/../lib/gcc/arm-none-eabi/10.3.1/../../../../arm-none-eabi/lib/thumb/v7-m/nofp\libm.a(lib_a-s_scalbn.o)
 .debug_frame   0x00001f30       0x30 d:/gcc_arm_msys2/bin/../lib/gcc/arm-none-eabi/10.3.1/thumb/v7-m/nofp\libgcc.a(_arm_muldf3.o)
 .debug_frame   0x00001f60       0x24 d:/gcc_arm_msys2/bin/../lib/gcc/arm-none-eabi/10.3.1/thumb/v7-m/nofp\libgcc.a(_arm_mulsf3.o)
 .debug_frame   0x00001f84       0xac d:/gcc_arm_msys2/bin/../lib/gcc/arm-none-eabi/10.3.1/thumb/v7-m/nofp\libgcc.a(_arm_addsubdf3.o)
 .debug_frame   0x00002030       0x50 d:/gcc_arm_msys2/bin/../lib/gcc/arm-none-eabi/10.3.1/thumb/v7-m/nofp\libgcc.a(_arm_muldivdf3.o)
 .debug_frame   0x00002080       0xc4 d:/gcc_arm_msys2/bin/../lib/gcc/arm-none-eabi/10.3.1/thumb/v7-m/nofp\libgcc.a(_arm_cmpdf2.o)
 .debug_frame   0x00002144       0x20 d:/gcc_arm_msys2/bin/../lib/gcc/arm-none-eabi/10.3.1/thumb/v7-m/nofp\libgcc.a(_arm_unorddf2.o)
 .debug_frame   0x00002164       0x24 d:/gcc_arm_msys2/bin/../lib/gcc/arm-none-eabi/10.3.1/thumb/v7-m/nofp\libgcc.a(_arm_fixunsdfsi.o)
 .debug_frame   0x00002188       0x4c d:/gcc_arm_msys2/bin/../lib/gcc/arm-none-eabi/10.3.1/thumb/v7-m/nofp\libgcc.a(_arm_addsubsf3.o)
 .debug_frame   0x000021d4       0x38 d:/gcc_arm_msys2/bin/../lib/gcc/arm-none-eabi/10.3.1/thumb/v7-m/nofp\libgcc.a(_arm_muldivsf3.o)
 .debug_frame   0x0000220c       0x20 d:/gcc_arm_msys2/bin/../lib/gcc/arm-none-eabi/10.3.1/../../../../arm-none-eabi/lib/thumb/v7-m/nofp\libc.a(lib_a-errno.o)
