Archive member included to satisfy reference by file (symbol)

d:/gcc_arm_msys2/bin/../lib/gcc/arm-none-eabi/10.3.1/../../../../arm-none-eabi/lib/thumb/v7-m/nofp\libc.a(lib_a-memcpy.o)
                              ./FreeRtos_CM3/Output/queue.o (memcpy)
d:/gcc_arm_msys2/bin/../lib/gcc/arm-none-eabi/10.3.1/../../../../arm-none-eabi/lib/thumb/v7-m/nofp\libc.a(lib_a-memset.o)
                              ./FreeRtos_CM3/Output/heap_4.o (memset)
d:/gcc_arm_msys2/bin/../lib/gcc/arm-none-eabi/10.3.1/../../../../arm-none-eabi/lib/thumb/v7-m/nofp\libm.a(lib_a-w_pow.o)
                              ./Output/RCC_Driver.o (pow)
d:/gcc_arm_msys2/bin/../lib/gcc/arm-none-eabi/10.3.1/../../../../arm-none-eabi/lib/thumb/v7-m/nofp\libm.a(lib_a-e_pow.o)
                              d:/gcc_arm_msys2/bin/../lib/gcc/arm-none-eabi/10.3.1/../../../../arm-none-eabi/lib/thumb/v7-m/nofp\libm.a(lib_a-w_pow.o) (__ieee754_pow)
d:/gcc_arm_msys2/bin/../lib/gcc/arm-none-eabi/10.3.1/../../../../arm-none-eabi/lib/thumb/v7-m/nofp\libm.a(lib_a-e_sqrt.o)
                              d:/gcc_arm_msys2/bin/../lib/gcc/arm-none-eabi/10.3.1/../../../../arm-none-eabi/lib/thumb/v7-m/nofp\libm.a(lib_a-e_pow.o) (__ieee754_sqrt)
d:/gcc_arm_msys2/bin/../lib/gcc/arm-none-eabi/10.3.1/../../../../arm-none-eabi/lib/thumb/v7-m/nofp\libm.a(lib_a-math_err.o)
                              d:/gcc_arm_msys2/bin/../lib/gcc/arm-none-eabi/10.3.1/../../../../arm-none-eabi/lib/thumb/v7-m/nofp\libm.a(lib_a-e_pow.o) (__math_uflow)
d:/gcc_arm_msys2/bin/../lib/gcc/arm-none-eabi/10.3.1/../../../../arm-none-eabi/lib/thumb/v7-m/nofp\libm.a(lib_a-s_fabs.o)
                              d:/gcc_arm_msys2/bin/../lib/gcc/arm-none-eabi/10.3.1/../../../../arm-none-eabi/lib/thumb/v7-m/nofp\libm.a(lib_a-e_pow.o) (fabs)
d:/gcc_arm_msys2/bin/../lib/gcc/arm-none-eabi/10.3.1/../../../../arm-none-eabi/lib/thumb/v7-m/nofp\libm.a(lib_a-s_finite.o)
                              d:/gcc_arm_msys2/bin/../lib/gcc/arm-none-eabi/10.3.1/../../../../arm-none-eabi/lib/thumb/v7-m/nofp\libm.a(lib_a-w_pow.o) (finite)
d:/gcc_arm_msys2/bin/../lib/gcc/arm-none-eabi/10.3.1/../../../../arm-none-eabi/lib/thumb/v7-m/nofp\libm.a(lib_a-s_scalbn.o)
                              d:/gcc_arm_msys2/bin/../lib/gcc/arm-none-eabi/10.3.1/../../../../arm-none-eabi/lib/thumb/v7-m/nofp\libm.a(lib_a-e_pow.o) (scalbn)
d:/gcc_arm_msys2/bin/../lib/gcc/arm-none-eabi/10.3.1/thumb/v7-m/nofp\libgcc.a(_arm_muldf3.o)
                              d:/gcc_arm_msys2/bin/../lib/gcc/arm-none-eabi/10.3.1/../../../../arm-none-eabi/lib/thumb/v7-m/nofp\libm.a(lib_a-e_pow.o) (__aeabi_dmul)
d:/gcc_arm_msys2/bin/../lib/gcc/arm-none-eabi/10.3.1/thumb/v7-m/nofp\libgcc.a(_arm_mulsf3.o)
                              ./Output/Kalman_Filter.o (__aeabi_fmul)
d:/gcc_arm_msys2/bin/../lib/gcc/arm-none-eabi/10.3.1/thumb/v7-m/nofp\libgcc.a(_arm_addsubdf3.o)
                              d:/gcc_arm_msys2/bin/../lib/gcc/arm-none-eabi/10.3.1/../../../../arm-none-eabi/lib/thumb/v7-m/nofp\libm.a(lib_a-e_pow.o) (__aeabi_dsub)
d:/gcc_arm_msys2/bin/../lib/gcc/arm-none-eabi/10.3.1/thumb/v7-m/nofp\libgcc.a(_arm_muldivdf3.o)
                              ./Output/RCC_Driver.o (__aeabi_ddiv)
d:/gcc_arm_msys2/bin/../lib/gcc/arm-none-eabi/10.3.1/thumb/v7-m/nofp\libgcc.a(_arm_cmpdf2.o)
                              d:/gcc_arm_msys2/bin/../lib/gcc/arm-none-eabi/10.3.1/../../../../arm-none-eabi/lib/thumb/v7-m/nofp\libm.a(lib_a-w_pow.o) (__aeabi_dcmpeq)
d:/gcc_arm_msys2/bin/../lib/gcc/arm-none-eabi/10.3.1/thumb/v7-m/nofp\libgcc.a(_arm_unorddf2.o)
                              d:/gcc_arm_msys2/bin/../lib/gcc/arm-none-eabi/10.3.1/../../../../arm-none-eabi/lib/thumb/v7-m/nofp\libm.a(lib_a-w_pow.o) (__aeabi_dcmpun)
d:/gcc_arm_msys2/bin/../lib/gcc/arm-none-eabi/10.3.1/thumb/v7-m/nofp\libgcc.a(_arm_fixunsdfsi.o)
                              ./Output/RCC_Driver.o (__aeabi_d2uiz)
d:/gcc_arm_msys2/bin/../lib/gcc/arm-none-eabi/10.3.1/thumb/v7-m/nofp\libgcc.a(_arm_addsubsf3.o)
                              ./Output/Kalman_Filter.o (__aeabi_fsub)
d:/gcc_arm_msys2/bin/../lib/gcc/arm-none-eabi/10.3.1/thumb/v7-m/nofp\libgcc.a(_arm_muldivsf3.o)
                              ./Output/Kalman_Filter.o (__aeabi_fdiv)
d:/gcc_arm_msys2/bin/../lib/gcc/arm-none-eabi/10.3.1/../../../../arm-none-eabi/lib/thumb/v7-m/nofp\libc.a(lib_a-errno.o)
                              d:/gcc_arm_msys2/bin/../lib/gcc/arm-none-eabi/10.3.1/../../../../arm-none-eabi/lib/thumb/v7-m/nofp\libm.a(lib_a-w_pow.o) (__errno)
d:/gcc_arm_msys2/bin/../lib/gcc/arm-none-eabi/10.3.1/../../../../arm-none-eabi/lib/thumb/v7-m/nofp\libc.a(lib_a-impure.o)
                              d:/gcc_arm_msys2/bin/../lib/gcc/arm-none-eabi/10.3.1/../../../../arm-none-eabi/lib/thumb/v7-m/nofp\libc.a(lib_a-errno.o) (_impure_ptr)

Memory Configuration

Name             Origin             Length             Attributes
FLASH            0x08000000         0x00010000         xr
SRAM             0x20000000         0x00005000         xrw
*default*        0x00000000         0xffffffff

Linker script and memory map

LOAD ./FreeRtos_CM3/Output/croutine.o
LOAD ./FreeRtos_CM3/Output/event_groups.o
LOAD ./FreeRtos_CM3/Output/heap_4.o
LOAD ./FreeRtos_CM3/Output/list.o
LOAD ./FreeRtos_CM3/Output/port.o
LOAD ./FreeRtos_CM3/Output/queue.o
LOAD ./FreeRtos_CM3/Output/stream_buffer.o
LOAD ./FreeRtos_CM3/Output/tasks.o
LOAD ./FreeRtos_CM3/Output/timers.o
LOAD ./Output/config.o
LOAD ./Output/freeRTOS_hook.o
LOAD ./Output/handler.o
LOAD ./Output/main.o
LOAD ./Output/startup_STM32F1.o
LOAD ./Output/ADC_Driver.o
LOAD ./Output/DMA_Driver.o
LOAD ./Output/FLASH_Driver.o
LOAD ./Output/GPIO_Driver.o
LOAD ./Output/I2C_Driver.o
LOAD ./Output/RCC_Driver.o
LOAD ./Output/TIM_Driver.o
LOAD ./Output/Kalman_Filter.o
LOAD d:/gcc_arm_msys2/bin/../lib/gcc/arm-none-eabi/10.3.1/../../../../arm-none-eabi/lib/thumb/v7-m/nofp\libc.a
LOAD d:/gcc_arm_msys2/bin/../lib/gcc/arm-none-eabi/10.3.1/../../../../arm-none-eabi/lib/thumb/v7-m/nofp\libm.a
LOAD d:/gcc_arm_msys2/bin/../lib/gcc/arm-none-eabi/10.3.1/thumb/v7-m/nofp\libgcc.a
START GROUP
LOAD d:/gcc_arm_msys2/bin/../lib/gcc/arm-none-eabi/10.3.1/thumb/v7-m/nofp\libgcc.a
LOAD d:/gcc_arm_msys2/bin/../lib/gcc/arm-none-eabi/10.3.1/../../../../arm-none-eabi/lib/thumb/v7-m/nofp\libc.a
END GROUP

.text           0x08000000     0x7dc8
 *(.isr_vector)
 .isr_vector    0x08000000       0xec ./Output/startup_STM32F1.o
                0x08000000                vectors
 *(.isr_vector)
 *(.text)
 .text          0x080000ec        0x0 ./FreeRtos_CM3/Output/croutine.o
 .text          0x080000ec      0x5e8 ./FreeRtos_CM3/Output/event_groups.o
                0x080000ec                xEventGroupCreate
                0x0800011a                xEventGroupSync
                0x08000278                xEventGroupWaitBits
                0x08000414                xEventGroupClearBits
                0x08000484                xEventGroupGetBitsFromISR
                0x080004ca                xEventGroupSetBits
                0x080005e0                vEventGroupDelete
                0x0800065e                vEventGroupSetBitsCallback
                0x08000678                vEventGroupClearBitsCallback
 .text          0x080006d4      0x4ec ./FreeRtos_CM3/Output/heap_4.o
                0x080006d4                pvPortMalloc
                0x08000850                vPortFree
                0x08000908                xPortGetFreeHeapSize
                0x0800091c                xPortGetMinimumEverFreeHeapSize
                0x08000930                vPortInitialiseBlocks
                0x0800093c                pvPortCalloc
                0x08000b04                vPortGetHeapStats
 .text          0x08000bc0      0x15e ./FreeRtos_CM3/Output/list.o
                0x08000bc0                vListInitialise
                0x08000bfe                vListInitialiseItem
                0x08000c16                vListInsertEnd
                0x08000c5c                vListInsert
                0x08000ccc                uxListRemove
 *fill*         0x08000d1e        0x2 
 .text          0x08000d20      0x40c ./FreeRtos_CM3/Output/port.o
                0x08000d20                pxPortInitialiseStack
                0x08000dd0                SVC_Handler
                0x08000e16                xPortStartScheduler
                0x08000ef8                vPortEndScheduler
                0x08000f2c                vPortEnterCritical
                0x08000f8c                vPortExitCritical
                0x08000fdc                PendSV_Handler
                0x08001026                SysTick_Handler
                0x0800106c                vPortSetupTimerInterrupt
                0x080010b0                vPortValidateInterruptPriority
 .text          0x0800112c     0x11bc ./FreeRtos_CM3/Output/queue.o
                0x0800112c                xQueueGenericReset
                0x0800124c                xQueueGenericCreate
                0x08001326                xQueueGenericSend
                0x08001524                xQueueGenericSendFromISR
                0x08001688                xQueueGiveFromISR
                0x080017d0                xQueueReceive
                0x08001990                xQueueSemaphoreTake
                0x08001b34                xQueuePeek
                0x08001cf8                xQueueReceiveFromISR
                0x08001e26                xQueuePeekFromISR
                0x08001ef8                uxQueueMessagesWaiting
                0x08001f34                uxQueueSpacesAvailable
                0x08001f7a                uxQueueMessagesWaitingFromISR
                0x08001fb4                vQueueDelete
                0x080021be                xQueueIsQueueEmptyFromISR
                0x08002234                xQueueIsQueueFullFromISR
                0x0800227e                vQueueWaitForMessageRestricted
 .text          0x080022e8      0xcd6 ./FreeRtos_CM3/Output/stream_buffer.o
                0x080022e8                xStreamBufferGenericCreate
                0x080023b6                vStreamBufferDelete
                0x08002404                xStreamBufferReset
                0x08002482                xStreamBufferSetTriggerLevel
                0x080024dc                xStreamBufferSpacesAvailable
                0x08002550                xStreamBufferBytesAvailable
                0x0800258a                xStreamBufferSend
                0x08002724                xStreamBufferSendFromISR
                0x0800289a                xStreamBufferReceive
                0x080029ca                xStreamBufferNextMessageLengthBytes
                0x08002a52                xStreamBufferReceiveFromISR
                0x08002baa                xStreamBufferIsEmpty
                0x08002bf8                xStreamBufferIsFull
                0x08002c58                xStreamBufferSendCompletedFromISR
                0x08002ce2                xStreamBufferReceiveCompletedFromISR
 *fill*         0x08002fbe        0x2 
 .text          0x08002fc0     0x2530 ./FreeRtos_CM3/Output/tasks.o
                0x08002fc0                xTaskCreate
                0x08003288                vTaskDelete
                0x080033b0                xTaskDelayUntil
                0x080034ac                vTaskDelay
                0x08003514                uxTaskPriorityGet
                0x08003548                uxTaskPriorityGetFromISR
                0x080035a0                vTaskPrioritySet
                0x08003734                vTaskSuspend
                0x080038d4                vTaskResume
                0x080039e0                xTaskResumeFromISR
                0x08003b1c                vTaskStartScheduler
                0x08003bc0                vTaskEndScheduler
                0x08003bf0                vTaskSuspendAll
                0x08003c0c                xTaskResumeAll
                0x08003e04                xTaskGetTickCount
                0x08003e20                xTaskGetTickCountFromISR
                0x08003e44                uxTaskGetNumberOfTasks
                0x08003e58                pcTaskGetName
                0x08003ea0                xTaskCatchUpTicks
                0x08003ef8                xTaskIncrementTick
                0x08004124                vTaskSwitchContext
                0x08004224                vTaskPlaceOnEventList
                0x0800426c                vTaskPlaceOnUnorderedEventList
                0x08004318                vTaskPlaceOnEventListRestricted
                0x080043a4                xTaskRemoveFromEventList
                0x08004550                vTaskRemoveFromUnorderedEventList
                0x080046d0                vTaskSetTimeOutState
                0x0800471c                vTaskInternalSetTimeOutState
                0x08004748                xTaskCheckForTimeOut
                0x08004814                vTaskMissedYield
                0x0800498c                xTaskGetCurrentTaskHandle
                0x080049a8                xTaskGetSchedulerState
                0x080049e4                uxTaskResetEventItemValue
                0x08004a14                ulTaskGenericNotifyTake
                0x08004aec                xTaskGenericNotifyWait
                0x08004bf4                xTaskGenericNotify
                0x08004e48                xTaskGenericNotifyFromISR
                0x0800510c                vTaskGenericNotifyGiveFromISR
                0x0800531c                xTaskGenericNotifyStateClear
                0x08005390                ulTaskGenericNotifyValueClear
 .text          0x080054f0      0x8b8 ./FreeRtos_CM3/Output/timers.o
                0x080054f0                xTimerCreateTimerTask
                0x08005554                xTimerCreate
                0x08005606                xTimerGenericCommand
                0x080056a0                xTimerGetTimerDaemonTaskHandle
                0x080056d8                xTimerGetPeriod
                0x0800570e                vTimerSetReloadMode
                0x08005774                xTimerGetReloadMode
                0x080057c6                uxTimerGetReloadMode
                0x080057de                xTimerGetExpiryTime
                0x08005818                pcTimerGetName
                0x08005cd4                xTimerIsTimerActive
                0x08005d26                pvTimerGetTimerID
                0x08005d66                vTimerSetTimerID
 .text          0x08005da8       0x38 ./Output/config.o
                0x08005da8                config_STM32F1
 .text          0x08005de0       0x12 ./Output/freeRTOS_hook.o
                0x08005de0                vApplicationMallocFailedHook
                0x08005de6                vApplicationStackOverflowHook
 .text          0x08005df2        0xa ./Output/handler.o
                0x08005df2                HardFault_Handler
 .text          0x08005dfc       0x50 ./Output/main.o
                0x08005dfc                vTaskBlinkLED
                0x08005e20                main
 .text          0x08005e4c       0x90 ./Output/startup_STM32F1.o
                0x08005e4c                Reset_Handler
                0x08005ed0                EXTI2_IRQHandler
                0x08005ed0                DebugMon_Handler
                0x08005ed0                TIM1_CC_IRQHandler
                0x08005ed0                NMI_Handler
                0x08005ed0                EXTI3_IRQHandler
                0x08005ed0                EXTI0_IRQHandler
                0x08005ed0                I2C2_EV_IRQHandler
                0x08005ed0                UsageFault_Handler
                0x08005ed0                ADC1_2_IRQHandler
                0x08005ed0                SPI1_IRQHandler
                0x08005ed0                TAMPER_IRQHandler
                0x08005ed0                DMA1_Channel4_IRQHandler
                0x08005ed0                USART3_IRQHandler
                0x08005ed0                RTC_IRQHandler
                0x08005ed0                DMA1_Channel7_IRQHandler
                0x08005ed0                RTC_Alarm_IRQHandler
                0x08005ed0                CAN1_RX1_IRQHandler
                0x08005ed0                TIM4_IRQHandler
                0x08005ed0                I2C1_EV_IRQHandler
                0x08005ed0                DMA1_Channel6_IRQHandler
                0x08005ed0                TIM3_IRQHandler
                0x08005ed0                RCC_IRQHandler
                0x08005ed0                TIM1_TRG_COM_IRQHandler
                0x08005ed0                DMA1_Channel1_IRQHandler
                0x08005ed0                Default_Handler
                0x08005ed0                EXTI15_10_IRQHandler
                0x08005ed0                EXTI9_5_IRQHandler
                0x08005ed0                SPI2_IRQHandler
                0x08005ed0                MemManage_Handler
                0x08005ed0                DMA1_Channel5_IRQHandler
                0x08005ed0                EXTI4_IRQHandler
                0x08005ed0                USB_LP_CAN1_RX0_IRQHandler
                0x08005ed0                USB_HP_CAN1_TX_IRQHandler
                0x08005ed0                DMA1_Channel3_IRQHandler
                0x08005ed0                TIM1_UP_IRQHandler
                0x08005ed0                WWDG_IRQHandler
                0x08005ed0                TIM2_IRQHandler
                0x08005ed0                PVD_Handler
                0x08005ed0                TIM1_BRK_IRQHandler
                0x08005ed0                EXTI1_IRQHandler
                0x08005ed0                USART2_IRQHandler
                0x08005ed0                I2C2_ER_IRQHandler
                0x08005ed0                DMA1_Channel2_IRQHandler
                0x08005ed0                CAN1_SCE_IRQHandler
                0x08005ed0                FLASH_IRQHandler
                0x08005ed0                BusFault_Handler
                0x08005ed0                USART1_IRQHandler
                0x08005ed0                I2C1_ER_IRQHandler
                0x08005ed0                USBWakeUp_IRQHandler
 .text          0x08005edc      0x108 ./Output/ADC_Driver.o
                0x08005edc                config_ADC1
 .text          0x08005fe4       0xd4 ./Output/DMA_Driver.o
                0x08005fe4                config_DMA1
                0x08006080                initDMAChannel
 .text          0x080060b8        0x0 ./Output/FLASH_Driver.o
 .text          0x080060b8       0xc8 ./Output/GPIO_Driver.o
                0x080060b8                config_GPIOA
                0x080060e8                config_GPIOC
                0x0800611c                config_GPIOB
                0x08006154                config_AFIO
 .text          0x08006180      0x444 ./Output/I2C_Driver.o
                0x08006180                config_I2C
                0x0800621c                start_I2C
                0x08006260                stop_I2C
                0x08006280                send_address_I2C
                0x080062c0                write_I2C
                0x08006304                write_mutil_I2C
                0x08006360                read_I2C
 *fill*         0x080065c4        0x4 
 .text          0x080065c8      0x2fc ./Output/RCC_Driver.o
                0x080065c8                config_RCC
 .text          0x080068c4       0xac ./Output/TIM_Driver.o
                0x080068c4                toggle_led
                0x080068e8                config_TIM4
                0x08006938                delayUs
 .text          0x08006970      0x1b8 ./Output/Kalman_Filter.o
                0x08006970                Kalman_init
                0x080069aa                Kalman_update
                0x08006a52                compute_mean
                0x08006aa6                compute_variance
                0x08006b16                kalman_filter_init_with_sample
 .text          0x08006b28       0xec d:/gcc_arm_msys2/bin/../lib/gcc/arm-none-eabi/10.3.1/../../../../arm-none-eabi/lib/thumb/v7-m/nofp\libc.a(lib_a-memcpy.o)
                0x08006b28                memcpy
 .text          0x08006c14        0x0 d:/gcc_arm_msys2/bin/../lib/gcc/arm-none-eabi/10.3.1/../../../../arm-none-eabi/lib/thumb/v7-m/nofp\libc.a(lib_a-memset.o)
 .text          0x08006c14        0x0 d:/gcc_arm_msys2/bin/../lib/gcc/arm-none-eabi/10.3.1/../../../../arm-none-eabi/lib/thumb/v7-m/nofp\libm.a(lib_a-w_pow.o)
 .text          0x08006c14        0x0 d:/gcc_arm_msys2/bin/../lib/gcc/arm-none-eabi/10.3.1/../../../../arm-none-eabi/lib/thumb/v7-m/nofp\libm.a(lib_a-e_pow.o)
 .text          0x08006c14        0x0 d:/gcc_arm_msys2/bin/../lib/gcc/arm-none-eabi/10.3.1/../../../../arm-none-eabi/lib/thumb/v7-m/nofp\libm.a(lib_a-e_sqrt.o)
 .text          0x08006c14        0x0 d:/gcc_arm_msys2/bin/../lib/gcc/arm-none-eabi/10.3.1/../../../../arm-none-eabi/lib/thumb/v7-m/nofp\libm.a(lib_a-math_err.o)
 .text          0x08006c14        0x0 d:/gcc_arm_msys2/bin/../lib/gcc/arm-none-eabi/10.3.1/../../../../arm-none-eabi/lib/thumb/v7-m/nofp\libm.a(lib_a-s_fabs.o)
 .text          0x08006c14        0x0 d:/gcc_arm_msys2/bin/../lib/gcc/arm-none-eabi/10.3.1/../../../../arm-none-eabi/lib/thumb/v7-m/nofp\libm.a(lib_a-s_finite.o)
 .text          0x08006c14        0x0 d:/gcc_arm_msys2/bin/../lib/gcc/arm-none-eabi/10.3.1/../../../../arm-none-eabi/lib/thumb/v7-m/nofp\libm.a(lib_a-s_scalbn.o)
 .text          0x08006c14      0x254 d:/gcc_arm_msys2/bin/../lib/gcc/arm-none-eabi/10.3.1/thumb/v7-m/nofp\libgcc.a(_arm_muldf3.o)
 .text          0x08006e68      0x168 d:/gcc_arm_msys2/bin/../lib/gcc/arm-none-eabi/10.3.1/thumb/v7-m/nofp\libgcc.a(_arm_mulsf3.o)
 .text          0x08006fd0      0x378 d:/gcc_arm_msys2/bin/../lib/gcc/arm-none-eabi/10.3.1/thumb/v7-m/nofp\libgcc.a(_arm_addsubdf3.o)
                0x08006fd0                __aeabi_drsub
                0x08006fd8                __aeabi_dsub
                0x08006fd8                __subdf3
                0x08006fdc                __aeabi_dadd
                0x08006fdc                __adddf3
                0x08007254                __floatunsidf
                0x08007254                __aeabi_ui2d
                0x08007274                __floatsidf
                0x08007274                __aeabi_i2d
                0x08007298                __aeabi_f2d
                0x08007298                __extendsfdf2
                0x080072dc                __floatundidf
                0x080072dc                __aeabi_ul2d
                0x080072ec                __floatdidf
                0x080072ec                __aeabi_l2d
 .text          0x08007348      0x424 d:/gcc_arm_msys2/bin/../lib/gcc/arm-none-eabi/10.3.1/thumb/v7-m/nofp\libgcc.a(_arm_muldivdf3.o)
                0x08007348                __aeabi_dmul
                0x08007348                __muldf3
                0x0800759c                __divdf3
                0x0800759c                __aeabi_ddiv
 .text          0x0800776c      0x110 d:/gcc_arm_msys2/bin/../lib/gcc/arm-none-eabi/10.3.1/thumb/v7-m/nofp\libgcc.a(_arm_cmpdf2.o)
                0x0800776c                __gtdf2
                0x0800776c                __gedf2
                0x08007774                __ltdf2
                0x08007774                __ledf2
                0x0800777c                __nedf2
                0x0800777c                __eqdf2
                0x0800777c                __cmpdf2
                0x080077f8                __aeabi_cdrcmple
                0x08007808                __aeabi_cdcmpeq
                0x08007808                __aeabi_cdcmple
                0x08007818                __aeabi_dcmpeq
                0x0800782c                __aeabi_dcmplt
                0x08007840                __aeabi_dcmple
                0x08007854                __aeabi_dcmpge
                0x08007868                __aeabi_dcmpgt
 .text          0x0800787c       0x2c d:/gcc_arm_msys2/bin/../lib/gcc/arm-none-eabi/10.3.1/thumb/v7-m/nofp\libgcc.a(_arm_unorddf2.o)
                0x0800787c                __unorddf2
                0x0800787c                __aeabi_dcmpun
 .text          0x080078a8       0x40 d:/gcc_arm_msys2/bin/../lib/gcc/arm-none-eabi/10.3.1/thumb/v7-m/nofp\libgcc.a(_arm_fixunsdfsi.o)
                0x080078a8                __aeabi_d2uiz
                0x080078a8                __fixunsdfsi
 .text          0x080078e8      0x21c d:/gcc_arm_msys2/bin/../lib/gcc/arm-none-eabi/10.3.1/thumb/v7-m/nofp\libgcc.a(_arm_addsubsf3.o)
                0x080078e8                __aeabi_frsub
                0x080078f0                __subsf3
                0x080078f0                __aeabi_fsub
                0x080078f4                __aeabi_fadd
                0x080078f4                __addsf3
                0x08007a54                __aeabi_ui2f
                0x08007a54                __floatunsisf
                0x08007a5c                __aeabi_i2f
                0x08007a5c                __floatsisf
                0x08007a78                __aeabi_ul2f
                0x08007a78                __floatundisf
                0x08007a88                __aeabi_l2f
                0x08007a88                __floatdisf
 .text          0x08007b04      0x2a0 d:/gcc_arm_msys2/bin/../lib/gcc/arm-none-eabi/10.3.1/thumb/v7-m/nofp\libgcc.a(_arm_muldivsf3.o)
                0x08007b04                __mulsf3
                0x08007b04                __aeabi_fmul
                0x08007c6c                __aeabi_fdiv
                0x08007c6c                __divsf3
 .text          0x08007da4        0x0 d:/gcc_arm_msys2/bin/../lib/gcc/arm-none-eabi/10.3.1/../../../../arm-none-eabi/lib/thumb/v7-m/nofp\libc.a(lib_a-errno.o)
 .text          0x08007da4        0x0 d:/gcc_arm_msys2/bin/../lib/gcc/arm-none-eabi/10.3.1/../../../../arm-none-eabi/lib/thumb/v7-m/nofp\libc.a(lib_a-impure.o)
 *(.rodata)
 .rodata        0x08007da4        0x4 ./FreeRtos_CM3/Output/heap_4.o
 .rodata        0x08007da8        0x4 ./FreeRtos_CM3/Output/port.o
 .rodata        0x08007dac        0x5 ./FreeRtos_CM3/Output/tasks.o
 *fill*         0x08007db1        0x3 
 .rodata        0x08007db4        0x8 ./FreeRtos_CM3/Output/timers.o
 .rodata        0x08007dbc        0xa ./Output/main.o
                0x08007dc8                . = ALIGN (0x4)
 *fill*         0x08007dc6        0x2 
                0x08007dc8                _etext = .
                0x08008e44                _la_data = LOADADDR (.data)

.glue_7         0x08007dc8        0x0
 .glue_7        0x08007dc8        0x0 linker stubs

.glue_7t        0x08007dc8        0x0
 .glue_7t       0x08007dc8        0x0 linker stubs

.vfp11_veneer   0x08007dc8        0x0
 .vfp11_veneer  0x08007dc8        0x0 linker stubs

.v4_bx          0x08007dc8        0x0
 .v4_bx         0x08007dc8        0x0 linker stubs

.iplt           0x08007dc8        0x0
 .iplt          0x08007dc8        0x0 ./FreeRtos_CM3/Output/event_groups.o

.text.memset    0x08007dc8       0xa4
 .text.memset   0x08007dc8       0xa4 d:/gcc_arm_msys2/bin/../lib/gcc/arm-none-eabi/10.3.1/../../../../arm-none-eabi/lib/thumb/v7-m/nofp\libc.a(lib_a-memset.o)
                0x08007dc8                memset

.text.pow       0x08007e6c       0xdc
 .text.pow      0x08007e6c       0xdc d:/gcc_arm_msys2/bin/../lib/gcc/arm-none-eabi/10.3.1/../../../../arm-none-eabi/lib/thumb/v7-m/nofp\libm.a(lib_a-w_pow.o)
                0x08007e6c                pow

.text.__ieee754_pow
                0x08007f48      0xb08
 .text.__ieee754_pow
                0x08007f48      0xb08 d:/gcc_arm_msys2/bin/../lib/gcc/arm-none-eabi/10.3.1/../../../../arm-none-eabi/lib/thumb/v7-m/nofp\libm.a(lib_a-e_pow.o)
                0x08007f48                __ieee754_pow

.text.__ieee754_sqrt
                0x08008a50      0x18c
 .text.__ieee754_sqrt
                0x08008a50      0x18c d:/gcc_arm_msys2/bin/../lib/gcc/arm-none-eabi/10.3.1/../../../../arm-none-eabi/lib/thumb/v7-m/nofp\libm.a(lib_a-e_sqrt.o)
                0x08008a50                __ieee754_sqrt

.text.with_errno
                0x08008bdc       0x18
 .text.with_errno
                0x08008bdc       0x18 d:/gcc_arm_msys2/bin/../lib/gcc/arm-none-eabi/10.3.1/../../../../arm-none-eabi/lib/thumb/v7-m/nofp\libm.a(lib_a-math_err.o)

.text.xflow     0x08008bf4       0x30
 .text.xflow    0x08008bf4       0x30 d:/gcc_arm_msys2/bin/../lib/gcc/arm-none-eabi/10.3.1/../../../../arm-none-eabi/lib/thumb/v7-m/nofp\libm.a(lib_a-math_err.o)

.text.__math_uflow
                0x08008c24        0xc
 .text.__math_uflow
                0x08008c24        0xc d:/gcc_arm_msys2/bin/../lib/gcc/arm-none-eabi/10.3.1/../../../../arm-none-eabi/lib/thumb/v7-m/nofp\libm.a(lib_a-math_err.o)
                0x08008c24                __math_uflow

.text.__math_may_uflow
                0x08008c30        0xc
 .text.__math_may_uflow
                0x08008c30        0xc d:/gcc_arm_msys2/bin/../lib/gcc/arm-none-eabi/10.3.1/../../../../arm-none-eabi/lib/thumb/v7-m/nofp\libm.a(lib_a-math_err.o)
                0x08008c30                __math_may_uflow

.text.__math_oflow
                0x08008c3c        0xc
 .text.__math_oflow
                0x08008c3c        0xc d:/gcc_arm_msys2/bin/../lib/gcc/arm-none-eabi/10.3.1/../../../../arm-none-eabi/lib/thumb/v7-m/nofp\libm.a(lib_a-math_err.o)
                0x08008c3c                __math_oflow

.text.__math_divzero
                0x08008c48       0x34
 .text.__math_divzero
                0x08008c48       0x34 d:/gcc_arm_msys2/bin/../lib/gcc/arm-none-eabi/10.3.1/../../../../arm-none-eabi/lib/thumb/v7-m/nofp\libm.a(lib_a-math_err.o)
                0x08008c48                __math_divzero

.text.__math_invalid
                0x08008c7c       0x3c
 .text.__math_invalid
                0x08008c7c       0x3c d:/gcc_arm_msys2/bin/../lib/gcc/arm-none-eabi/10.3.1/../../../../arm-none-eabi/lib/thumb/v7-m/nofp\libm.a(lib_a-math_err.o)
                0x08008c7c                __math_invalid

.text.__math_check_uflow
                0x08008cb8       0x24
 .text.__math_check_uflow
                0x08008cb8       0x24 d:/gcc_arm_msys2/bin/../lib/gcc/arm-none-eabi/10.3.1/../../../../arm-none-eabi/lib/thumb/v7-m/nofp\libm.a(lib_a-math_err.o)
                0x08008cb8                __math_check_uflow

.text.__math_check_oflow
                0x08008cdc       0x44
 .text.__math_check_oflow
                0x08008cdc       0x44 d:/gcc_arm_msys2/bin/../lib/gcc/arm-none-eabi/10.3.1/../../../../arm-none-eabi/lib/thumb/v7-m/nofp\libm.a(lib_a-math_err.o)
                0x08008cdc                __math_check_oflow

.text.fabs      0x08008d20        0x8
 .text.fabs     0x08008d20        0x8 d:/gcc_arm_msys2/bin/../lib/gcc/arm-none-eabi/10.3.1/../../../../arm-none-eabi/lib/thumb/v7-m/nofp\libm.a(lib_a-s_fabs.o)
                0x08008d20                fabs

.text.finite    0x08008d28        0xc
 .text.finite   0x08008d28        0xc d:/gcc_arm_msys2/bin/../lib/gcc/arm-none-eabi/10.3.1/../../../../arm-none-eabi/lib/thumb/v7-m/nofp\libm.a(lib_a-s_finite.o)
                0x08008d28                finite

.text.scalbn    0x08008d38       0xfc
 .text.scalbn   0x08008d38       0xfc d:/gcc_arm_msys2/bin/../lib/gcc/arm-none-eabi/10.3.1/../../../../arm-none-eabi/lib/thumb/v7-m/nofp\libm.a(lib_a-s_scalbn.o)
                0x08008d38                scalbn

.text.__errno   0x08008e34        0xc
 .text.__errno  0x08008e34        0xc d:/gcc_arm_msys2/bin/../lib/gcc/arm-none-eabi/10.3.1/../../../../arm-none-eabi/lib/thumb/v7-m/nofp\libc.a(lib_a-errno.o)
                0x08008e34                __errno

.rodata._global_impure_ptr
                0x08008e40        0x4
 .rodata._global_impure_ptr
                0x08008e40        0x4 d:/gcc_arm_msys2/bin/../lib/gcc/arm-none-eabi/10.3.1/../../../../arm-none-eabi/lib/thumb/v7-m/nofp\libc.a(lib_a-impure.o)
                0x08008e40                _global_impure_ptr

.rel.dyn        0x08008e44        0x0
 .rel.iplt      0x08008e44        0x0 ./FreeRtos_CM3/Output/event_groups.o

.data           0x20000000        0x8 load address 0x08008e44
                0x20000000                _sdata = .
 *(.data)
 .data          0x20000000        0x0 ./FreeRtos_CM3/Output/croutine.o
 .data          0x20000000        0x0 ./FreeRtos_CM3/Output/event_groups.o
 .data          0x20000000        0x0 ./FreeRtos_CM3/Output/heap_4.o
 .data          0x20000000        0x0 ./FreeRtos_CM3/Output/list.o
 .data          0x20000000        0x4 ./FreeRtos_CM3/Output/port.o
 .data          0x20000004        0x0 ./FreeRtos_CM3/Output/queue.o
 .data          0x20000004        0x0 ./FreeRtos_CM3/Output/stream_buffer.o
 .data          0x20000004        0x4 ./FreeRtos_CM3/Output/tasks.o
                0x20000004                uxTopUsedPriority
 .data          0x20000008        0x0 ./FreeRtos_CM3/Output/timers.o
 .data          0x20000008        0x0 ./Output/config.o
 .data          0x20000008        0x0 ./Output/freeRTOS_hook.o
 .data          0x20000008        0x0 ./Output/handler.o
 .data          0x20000008        0x0 ./Output/main.o
 .data          0x20000008        0x0 ./Output/startup_STM32F1.o
 .data          0x20000008        0x0 ./Output/ADC_Driver.o
 .data          0x20000008        0x0 ./Output/DMA_Driver.o
 .data          0x20000008        0x0 ./Output/FLASH_Driver.o
 .data          0x20000008        0x0 ./Output/GPIO_Driver.o
 .data          0x20000008        0x0 ./Output/I2C_Driver.o
 .data          0x20000008        0x0 ./Output/RCC_Driver.o
 .data          0x20000008        0x0 ./Output/TIM_Driver.o
 .data          0x20000008        0x0 ./Output/Kalman_Filter.o
 .data          0x20000008        0x0 d:/gcc_arm_msys2/bin/../lib/gcc/arm-none-eabi/10.3.1/../../../../arm-none-eabi/lib/thumb/v7-m/nofp\libc.a(lib_a-memcpy.o)
 .data          0x20000008        0x0 d:/gcc_arm_msys2/bin/../lib/gcc/arm-none-eabi/10.3.1/../../../../arm-none-eabi/lib/thumb/v7-m/nofp\libc.a(lib_a-memset.o)
 .data          0x20000008        0x0 d:/gcc_arm_msys2/bin/../lib/gcc/arm-none-eabi/10.3.1/../../../../arm-none-eabi/lib/thumb/v7-m/nofp\libm.a(lib_a-w_pow.o)
 .data          0x20000008        0x0 d:/gcc_arm_msys2/bin/../lib/gcc/arm-none-eabi/10.3.1/../../../../arm-none-eabi/lib/thumb/v7-m/nofp\libm.a(lib_a-e_pow.o)
 .data          0x20000008        0x0 d:/gcc_arm_msys2/bin/../lib/gcc/arm-none-eabi/10.3.1/../../../../arm-none-eabi/lib/thumb/v7-m/nofp\libm.a(lib_a-e_sqrt.o)
 .data          0x20000008        0x0 d:/gcc_arm_msys2/bin/../lib/gcc/arm-none-eabi/10.3.1/../../../../arm-none-eabi/lib/thumb/v7-m/nofp\libm.a(lib_a-math_err.o)
 .data          0x20000008        0x0 d:/gcc_arm_msys2/bin/../lib/gcc/arm-none-eabi/10.3.1/../../../../arm-none-eabi/lib/thumb/v7-m/nofp\libm.a(lib_a-s_fabs.o)
 .data          0x20000008        0x0 d:/gcc_arm_msys2/bin/../lib/gcc/arm-none-eabi/10.3.1/../../../../arm-none-eabi/lib/thumb/v7-m/nofp\libm.a(lib_a-s_finite.o)
 .data          0x20000008        0x0 d:/gcc_arm_msys2/bin/../lib/gcc/arm-none-eabi/10.3.1/../../../../arm-none-eabi/lib/thumb/v7-m/nofp\libm.a(lib_a-s_scalbn.o)
 .data          0x20000008        0x0 d:/gcc_arm_msys2/bin/../lib/gcc/arm-none-eabi/10.3.1/thumb/v7-m/nofp\libgcc.a(_arm_muldf3.o)
 .data          0x20000008        0x0 d:/gcc_arm_msys2/bin/../lib/gcc/arm-none-eabi/10.3.1/thumb/v7-m/nofp\libgcc.a(_arm_mulsf3.o)
 .data          0x20000008        0x0 d:/gcc_arm_msys2/bin/../lib/gcc/arm-none-eabi/10.3.1/thumb/v7-m/nofp\libgcc.a(_arm_addsubdf3.o)
 .data          0x20000008        0x0 d:/gcc_arm_msys2/bin/../lib/gcc/arm-none-eabi/10.3.1/thumb/v7-m/nofp\libgcc.a(_arm_muldivdf3.o)
 .data          0x20000008        0x0 d:/gcc_arm_msys2/bin/../lib/gcc/arm-none-eabi/10.3.1/thumb/v7-m/nofp\libgcc.a(_arm_cmpdf2.o)
 .data          0x20000008        0x0 d:/gcc_arm_msys2/bin/../lib/gcc/arm-none-eabi/10.3.1/thumb/v7-m/nofp\libgcc.a(_arm_unorddf2.o)
 .data          0x20000008        0x0 d:/gcc_arm_msys2/bin/../lib/gcc/arm-none-eabi/10.3.1/thumb/v7-m/nofp\libgcc.a(_arm_fixunsdfsi.o)
 .data          0x20000008        0x0 d:/gcc_arm_msys2/bin/../lib/gcc/arm-none-eabi/10.3.1/thumb/v7-m/nofp\libgcc.a(_arm_addsubsf3.o)
 .data          0x20000008        0x0 d:/gcc_arm_msys2/bin/../lib/gcc/arm-none-eabi/10.3.1/thumb/v7-m/nofp\libgcc.a(_arm_muldivsf3.o)
 .data          0x20000008        0x0 d:/gcc_arm_msys2/bin/../lib/gcc/arm-none-eabi/10.3.1/../../../../arm-none-eabi/lib/thumb/v7-m/nofp\libc.a(lib_a-errno.o)
 .data          0x20000008        0x0 d:/gcc_arm_msys2/bin/../lib/gcc/arm-none-eabi/10.3.1/../../../../arm-none-eabi/lib/thumb/v7-m/nofp\libc.a(lib_a-impure.o)
                0x20000008                . = ALIGN (0x4)
                0x20000008                _edata = .

.igot.plt       0x20000008        0x0 load address 0x08008e4c
 .igot.plt      0x20000008        0x0 ./FreeRtos_CM3/Output/event_groups.o

.data._impure_ptr
                0x20000008        0x4 load address 0x08008e4c
 .data._impure_ptr
                0x20000008        0x4 d:/gcc_arm_msys2/bin/../lib/gcc/arm-none-eabi/10.3.1/../../../../arm-none-eabi/lib/thumb/v7-m/nofp\libc.a(lib_a-impure.o)
                0x20000008                _impure_ptr

.data.impure_data
                0x20000010      0x428 load address 0x08008e50
 .data.impure_data
                0x20000010      0x428 d:/gcc_arm_msys2/bin/../lib/gcc/arm-none-eabi/10.3.1/../../../../arm-none-eabi/lib/thumb/v7-m/nofp\libc.a(lib_a-impure.o)

.bss            0x20000438     0x2998 load address 0x08009278
                0x20000438                _sbss = .
 *(.bss)
 .bss           0x20000438        0x0 ./FreeRtos_CM3/Output/croutine.o
 .bss           0x20000438        0x0 ./FreeRtos_CM3/Output/event_groups.o
 .bss           0x20000438     0x281c ./FreeRtos_CM3/Output/heap_4.o
 .bss           0x20002c54        0x0 ./FreeRtos_CM3/Output/list.o
 .bss           0x20002c54        0x8 ./FreeRtos_CM3/Output/port.o
 .bss           0x20002c5c        0x0 ./FreeRtos_CM3/Output/queue.o
 .bss           0x20002c5c        0x0 ./FreeRtos_CM3/Output/stream_buffer.o
 .bss           0x20002c5c      0x104 ./FreeRtos_CM3/Output/tasks.o
                0x20002c5c                pxCurrentTCB
 .bss           0x20002d60       0x3c ./FreeRtos_CM3/Output/timers.o
 .bss           0x20002d9c        0x0 ./Output/config.o
 .bss           0x20002d9c        0x0 ./Output/freeRTOS_hook.o
 .bss           0x20002d9c        0x0 ./Output/handler.o
 .bss           0x20002d9c        0x0 ./Output/main.o
 .bss           0x20002d9c        0x0 ./Output/startup_STM32F1.o
 .bss           0x20002d9c       0x24 ./Output/ADC_Driver.o
                0x20002d9c                clockADC
                0x20002da0                valueADC1
 .bss           0x20002dc0        0x0 ./Output/DMA_Driver.o
 .bss           0x20002dc0        0x0 ./Output/FLASH_Driver.o
 .bss           0x20002dc0        0x0 ./Output/GPIO_Driver.o
 .bss           0x20002dc0        0x0 ./Output/I2C_Driver.o
 .bss           0x20002dc0       0x10 ./Output/RCC_Driver.o
                0x20002dc0                SystemCoreClock
                0x20002dc4                clockOfHCLK
                0x20002dc8                clockOfPCLK1
                0x20002dcc                clockOfPCLK2
 .bss           0x20002dd0        0x0 ./Output/TIM_Driver.o
 .bss           0x20002dd0        0x0 ./Output/Kalman_Filter.o
 .bss           0x20002dd0        0x0 d:/gcc_arm_msys2/bin/../lib/gcc/arm-none-eabi/10.3.1/../../../../arm-none-eabi/lib/thumb/v7-m/nofp\libc.a(lib_a-memcpy.o)
 .bss           0x20002dd0        0x0 d:/gcc_arm_msys2/bin/../lib/gcc/arm-none-eabi/10.3.1/../../../../arm-none-eabi/lib/thumb/v7-m/nofp\libc.a(lib_a-memset.o)
 .bss           0x20002dd0        0x0 d:/gcc_arm_msys2/bin/../lib/gcc/arm-none-eabi/10.3.1/../../../../arm-none-eabi/lib/thumb/v7-m/nofp\libm.a(lib_a-w_pow.o)
 .bss           0x20002dd0        0x0 d:/gcc_arm_msys2/bin/../lib/gcc/arm-none-eabi/10.3.1/../../../../arm-none-eabi/lib/thumb/v7-m/nofp\libm.a(lib_a-e_pow.o)
 .bss           0x20002dd0        0x0 d:/gcc_arm_msys2/bin/../lib/gcc/arm-none-eabi/10.3.1/../../../../arm-none-eabi/lib/thumb/v7-m/nofp\libm.a(lib_a-e_sqrt.o)
 .bss           0x20002dd0        0x0 d:/gcc_arm_msys2/bin/../lib/gcc/arm-none-eabi/10.3.1/../../../../arm-none-eabi/lib/thumb/v7-m/nofp\libm.a(lib_a-math_err.o)
 .bss           0x20002dd0        0x0 d:/gcc_arm_msys2/bin/../lib/gcc/arm-none-eabi/10.3.1/../../../../arm-none-eabi/lib/thumb/v7-m/nofp\libm.a(lib_a-s_fabs.o)
 .bss           0x20002dd0        0x0 d:/gcc_arm_msys2/bin/../lib/gcc/arm-none-eabi/10.3.1/../../../../arm-none-eabi/lib/thumb/v7-m/nofp\libm.a(lib_a-s_finite.o)
 .bss           0x20002dd0        0x0 d:/gcc_arm_msys2/bin/../lib/gcc/arm-none-eabi/10.3.1/../../../../arm-none-eabi/lib/thumb/v7-m/nofp\libm.a(lib_a-s_scalbn.o)
 .bss           0x20002dd0        0x0 d:/gcc_arm_msys2/bin/../lib/gcc/arm-none-eabi/10.3.1/thumb/v7-m/nofp\libgcc.a(_arm_muldf3.o)
 .bss           0x20002dd0        0x0 d:/gcc_arm_msys2/bin/../lib/gcc/arm-none-eabi/10.3.1/thumb/v7-m/nofp\libgcc.a(_arm_mulsf3.o)
 .bss           0x20002dd0        0x0 d:/gcc_arm_msys2/bin/../lib/gcc/arm-none-eabi/10.3.1/thumb/v7-m/nofp\libgcc.a(_arm_addsubdf3.o)
 .bss           0x20002dd0        0x0 d:/gcc_arm_msys2/bin/../lib/gcc/arm-none-eabi/10.3.1/thumb/v7-m/nofp\libgcc.a(_arm_muldivdf3.o)
 .bss           0x20002dd0        0x0 d:/gcc_arm_msys2/bin/../lib/gcc/arm-none-eabi/10.3.1/thumb/v7-m/nofp\libgcc.a(_arm_cmpdf2.o)
 .bss           0x20002dd0        0x0 d:/gcc_arm_msys2/bin/../lib/gcc/arm-none-eabi/10.3.1/thumb/v7-m/nofp\libgcc.a(_arm_unorddf2.o)
 .bss           0x20002dd0        0x0 d:/gcc_arm_msys2/bin/../lib/gcc/arm-none-eabi/10.3.1/thumb/v7-m/nofp\libgcc.a(_arm_fixunsdfsi.o)
 .bss           0x20002dd0        0x0 d:/gcc_arm_msys2/bin/../lib/gcc/arm-none-eabi/10.3.1/thumb/v7-m/nofp\libgcc.a(_arm_addsubsf3.o)
 .bss           0x20002dd0        0x0 d:/gcc_arm_msys2/bin/../lib/gcc/arm-none-eabi/10.3.1/thumb/v7-m/nofp\libgcc.a(_arm_muldivsf3.o)
 .bss           0x20002dd0        0x0 d:/gcc_arm_msys2/bin/../lib/gcc/arm-none-eabi/10.3.1/../../../../arm-none-eabi/lib/thumb/v7-m/nofp\libc.a(lib_a-errno.o)
 .bss           0x20002dd0        0x0 d:/gcc_arm_msys2/bin/../lib/gcc/arm-none-eabi/10.3.1/../../../../arm-none-eabi/lib/thumb/v7-m/nofp\libc.a(lib_a-impure.o)
 *(.COMMON)
                0x20002dd0                . = ALIGN (0x4)
                0x20002dd0                _ebss = .
OUTPUT(./Bin/robot_line.elf elf32-littlearm)
LOAD linker stubs

.debug_info     0x00000000     0x8144
 .debug_info    0x00000000       0x72 ./FreeRtos_CM3/Output/croutine.o
 .debug_info    0x00000072      0x892 ./FreeRtos_CM3/Output/event_groups.o
 .debug_info    0x00000904      0x500 ./FreeRtos_CM3/Output/heap_4.o
 .debug_info    0x00000e04      0x2cd ./FreeRtos_CM3/Output/list.o
 .debug_info    0x000010d1      0x49d ./FreeRtos_CM3/Output/port.o
 .debug_info    0x0000156e     0x132c ./FreeRtos_CM3/Output/queue.o
 .debug_info    0x0000289a     0x1131 ./FreeRtos_CM3/Output/stream_buffer.o
 .debug_info    0x000039cb     0x1eb5 ./FreeRtos_CM3/Output/tasks.o
 .debug_info    0x00005880      0xc19 ./FreeRtos_CM3/Output/timers.o
 .debug_info    0x00006499      0x26a ./Output/config.o
 .debug_info    0x00006703       0xec ./Output/freeRTOS_hook.o
 .debug_info    0x000067ef       0x9a ./Output/handler.o
 .debug_info    0x00006889      0x158 ./Output/main.o
 .debug_info    0x000069e1      0x183 ./Output/startup_STM32F1.o
 .debug_info    0x00006b64      0x353 ./Output/ADC_Driver.o
 .debug_info    0x00006eb7      0x21c ./Output/DMA_Driver.o
 .debug_info    0x000070d3       0x80 ./Output/FLASH_Driver.o
 .debug_info    0x00007153      0x261 ./Output/GPIO_Driver.o
 .debug_info    0x000073b4      0x3e2 ./Output/I2C_Driver.o
 .debug_info    0x00007796      0x314 ./Output/RCC_Driver.o
 .debug_info    0x00007aaa      0x430 ./Output/TIM_Driver.o
 .debug_info    0x00007eda      0x26a ./Output/Kalman_Filter.o

.debug_abbrev   0x00000000     0x1aae
 .debug_abbrev  0x00000000       0x26 ./FreeRtos_CM3/Output/croutine.o
 .debug_abbrev  0x00000026      0x20b ./FreeRtos_CM3/Output/event_groups.o
 .debug_abbrev  0x00000231      0x1f2 ./FreeRtos_CM3/Output/heap_4.o
 .debug_abbrev  0x00000423       0xef ./FreeRtos_CM3/Output/list.o
 .debug_abbrev  0x00000512      0x22c ./FreeRtos_CM3/Output/port.o
 .debug_abbrev  0x0000073e      0x207 ./FreeRtos_CM3/Output/queue.o
 .debug_abbrev  0x00000945      0x220 ./FreeRtos_CM3/Output/stream_buffer.o
 .debug_abbrev  0x00000b65      0x2b8 ./FreeRtos_CM3/Output/tasks.o
 .debug_abbrev  0x00000e1d      0x20e ./FreeRtos_CM3/Output/timers.o
 .debug_abbrev  0x0000102b       0xbf ./Output/config.o
 .debug_abbrev  0x000010ea       0x92 ./Output/freeRTOS_hook.o
 .debug_abbrev  0x0000117c       0x44 ./Output/handler.o
 .debug_abbrev  0x000011c0       0xbd ./Output/main.o
 .debug_abbrev  0x0000127d       0xeb ./Output/startup_STM32F1.o
 .debug_abbrev  0x00001368      0x182 ./Output/ADC_Driver.o
 .debug_abbrev  0x000014ea      0x106 ./Output/DMA_Driver.o
 .debug_abbrev  0x000015f0       0x26 ./Output/FLASH_Driver.o
 .debug_abbrev  0x00001616       0x9d ./Output/GPIO_Driver.o
 .debug_abbrev  0x000016b3       0xf7 ./Output/I2C_Driver.o
 .debug_abbrev  0x000017aa      0x12f ./Output/RCC_Driver.o
 .debug_abbrev  0x000018d9       0xd2 ./Output/TIM_Driver.o
 .debug_abbrev  0x000019ab      0x103 ./Output/Kalman_Filter.o

.debug_aranges  0x00000000      0x2b0
 .debug_aranges
                0x00000000       0x18 ./FreeRtos_CM3/Output/croutine.o
 .debug_aranges
                0x00000018       0x20 ./FreeRtos_CM3/Output/event_groups.o
 .debug_aranges
                0x00000038       0x20 ./FreeRtos_CM3/Output/heap_4.o
 .debug_aranges
                0x00000058       0x20 ./FreeRtos_CM3/Output/list.o
 .debug_aranges
                0x00000078       0x20 ./FreeRtos_CM3/Output/port.o
 .debug_aranges
                0x00000098       0x20 ./FreeRtos_CM3/Output/queue.o
 .debug_aranges
                0x000000b8       0x20 ./FreeRtos_CM3/Output/stream_buffer.o
 .debug_aranges
                0x000000d8       0x20 ./FreeRtos_CM3/Output/tasks.o
 .debug_aranges
                0x000000f8       0x20 ./FreeRtos_CM3/Output/timers.o
 .debug_aranges
                0x00000118       0x20 ./Output/config.o
 .debug_aranges
                0x00000138       0x20 ./Output/freeRTOS_hook.o
 .debug_aranges
                0x00000158       0x20 ./Output/handler.o
 .debug_aranges
                0x00000178       0x20 ./Output/main.o
 .debug_aranges
                0x00000198       0x20 ./Output/startup_STM32F1.o
 .debug_aranges
                0x000001b8       0x20 ./Output/ADC_Driver.o
 .debug_aranges
                0x000001d8       0x20 ./Output/DMA_Driver.o
 .debug_aranges
                0x000001f8       0x18 ./Output/FLASH_Driver.o
 .debug_aranges
                0x00000210       0x20 ./Output/GPIO_Driver.o
 .debug_aranges
                0x00000230       0x20 ./Output/I2C_Driver.o
 .debug_aranges
                0x00000250       0x20 ./Output/RCC_Driver.o
 .debug_aranges
                0x00000270       0x20 ./Output/TIM_Driver.o
 .debug_aranges
                0x00000290       0x20 ./Output/Kalman_Filter.o

.debug_line     0x00000000     0x4ac3
 .debug_line    0x00000000       0x1d ./FreeRtos_CM3/Output/croutine.o
 .debug_line    0x0000001d      0x47d ./FreeRtos_CM3/Output/event_groups.o
 .debug_line    0x0000049a      0x407 ./FreeRtos_CM3/Output/heap_4.o
 .debug_line    0x000008a1      0x1b5 ./FreeRtos_CM3/Output/list.o
 .debug_line    0x00000a56      0x315 ./FreeRtos_CM3/Output/port.o
 .debug_line    0x00000d6b      0xcb5 ./FreeRtos_CM3/Output/queue.o
 .debug_line    0x00001a20      0x8d7 ./FreeRtos_CM3/Output/stream_buffer.o
 .debug_line    0x000022f7     0x112a ./FreeRtos_CM3/Output/tasks.o
 .debug_line    0x00003421      0x567 ./FreeRtos_CM3/Output/timers.o
 .debug_line    0x00003988      0x113 ./Output/config.o
 .debug_line    0x00003a9b       0x8d ./Output/freeRTOS_hook.o
 .debug_line    0x00003b28       0x52 ./Output/handler.o
 .debug_line    0x00003b7a      0x147 ./Output/main.o
 .debug_line    0x00003cc1       0xf2 ./Output/startup_STM32F1.o
 .debug_line    0x00003db3      0x17a ./Output/ADC_Driver.o
 .debug_line    0x00003f2d      0x130 ./Output/DMA_Driver.o
 .debug_line    0x0000405d       0x1d ./Output/FLASH_Driver.o
 .debug_line    0x0000407a      0x13a ./Output/GPIO_Driver.o
 .debug_line    0x000041b4      0x3b4 ./Output/I2C_Driver.o
 .debug_line    0x00004568      0x299 ./Output/RCC_Driver.o
 .debug_line    0x00004801      0x173 ./Output/TIM_Driver.o
 .debug_line    0x00004974      0x14f ./Output/Kalman_Filter.o

.debug_str      0x00000000     0x285d
 .debug_str     0x00000000       0xef ./FreeRtos_CM3/Output/croutine.o
                                0x128 (size before relaxing)
 .debug_str     0x000000ef      0x38e ./FreeRtos_CM3/Output/event_groups.o
                                0x4f5 (size before relaxing)
 .debug_str     0x0000047d      0x2ec ./FreeRtos_CM3/Output/heap_4.o
                                0x460 (size before relaxing)
 .debug_str     0x00000769       0x89 ./FreeRtos_CM3/Output/list.o
                                0x277 (size before relaxing)
 .debug_str     0x000007f2      0x21c ./FreeRtos_CM3/Output/port.o
                                0x3bf (size before relaxing)
 .debug_str     0x00000a0e      0x467 ./FreeRtos_CM3/Output/queue.o
                                0x720 (size before relaxing)
 .debug_str     0x00000e75      0x4e5 ./FreeRtos_CM3/Output/stream_buffer.o
                                0x778 (size before relaxing)
 .debug_str     0x0000135a      0x992 ./FreeRtos_CM3/Output/tasks.o
                                0xd7a (size before relaxing)
 .debug_str     0x00001cec      0x42d ./FreeRtos_CM3/Output/timers.o
                                0x711 (size before relaxing)
 .debug_str     0x00002119       0xc5 ./Output/config.o
                                0x1f5 (size before relaxing)
 .debug_str     0x000021de       0x5d ./Output/freeRTOS_hook.o
                                0x1ac (size before relaxing)
 .debug_str     0x0000223b       0x2e ./Output/handler.o
                                0x14b (size before relaxing)
 .debug_str     0x00002269       0x43 ./Output/main.o
                                0x18c (size before relaxing)
 .debug_str     0x000022ac       0x88 ./Output/startup_STM32F1.o
                                0x1a5 (size before relaxing)
 .debug_str     0x00002334       0xae ./Output/ADC_Driver.o
                                0x267 (size before relaxing)
 .debug_str     0x000023e2       0x63 ./Output/DMA_Driver.o
                                0x210 (size before relaxing)
 .debug_str     0x00002445       0x22 ./Output/FLASH_Driver.o
                                0x13f (size before relaxing)
 .debug_str     0x00002467       0x81 ./Output/GPIO_Driver.o
                                0x208 (size before relaxing)
 .debug_str     0x000024e8       0xf0 ./Output/I2C_Driver.o
                                0x2a2 (size before relaxing)
 .debug_str     0x000025d8       0xd1 ./Output/RCC_Driver.o
                                0x289 (size before relaxing)
 .debug_str     0x000026a9       0xfc ./Output/TIM_Driver.o
                                0x2f1 (size before relaxing)
 .debug_str     0x000027a5       0xb8 ./Output/Kalman_Filter.o
                                0x1df (size before relaxing)

.comment        0x00000000       0x49
 .comment       0x00000000       0x49 ./FreeRtos_CM3/Output/croutine.o
                                 0x4a (size before relaxing)
 .comment       0x00000049       0x4a ./FreeRtos_CM3/Output/event_groups.o
 .comment       0x00000049       0x4a ./FreeRtos_CM3/Output/heap_4.o
 .comment       0x00000049       0x4a ./FreeRtos_CM3/Output/list.o
 .comment       0x00000049       0x4a ./FreeRtos_CM3/Output/port.o
 .comment       0x00000049       0x4a ./FreeRtos_CM3/Output/queue.o
 .comment       0x00000049       0x4a ./FreeRtos_CM3/Output/stream_buffer.o
 .comment       0x00000049       0x4a ./FreeRtos_CM3/Output/tasks.o
 .comment       0x00000049       0x4a ./FreeRtos_CM3/Output/timers.o
 .comment       0x00000049       0x4a ./Output/config.o
 .comment       0x00000049       0x4a ./Output/freeRTOS_hook.o
 .comment       0x00000049       0x4a ./Output/handler.o
 .comment       0x00000049       0x4a ./Output/main.o
 .comment       0x00000049       0x4a ./Output/startup_STM32F1.o
 .comment       0x00000049       0x4a ./Output/ADC_Driver.o
 .comment       0x00000049       0x4a ./Output/DMA_Driver.o
 .comment       0x00000049       0x4a ./Output/FLASH_Driver.o
 .comment       0x00000049       0x4a ./Output/GPIO_Driver.o
 .comment       0x00000049       0x4a ./Output/I2C_Driver.o
 .comment       0x00000049       0x4a ./Output/RCC_Driver.o
 .comment       0x00000049       0x4a ./Output/TIM_Driver.o
 .comment       0x00000049       0x4a ./Output/Kalman_Filter.o

.ARM.attributes
                0x00000000       0x2b
 .ARM.attributes
                0x00000000       0x2d ./FreeRtos_CM3/Output/croutine.o
 .ARM.attributes
                0x0000002d       0x2d ./FreeRtos_CM3/Output/event_groups.o
 .ARM.attributes
                0x0000005a       0x2d ./FreeRtos_CM3/Output/heap_4.o
 .ARM.attributes
                0x00000087       0x2d ./FreeRtos_CM3/Output/list.o
 .ARM.attributes
                0x000000b4       0x2d ./FreeRtos_CM3/Output/port.o
 .ARM.attributes
                0x000000e1       0x2d ./FreeRtos_CM3/Output/queue.o
 .ARM.attributes
                0x0000010e       0x2d ./FreeRtos_CM3/Output/stream_buffer.o
 .ARM.attributes
                0x0000013b       0x2d ./FreeRtos_CM3/Output/tasks.o
 .ARM.attributes
                0x00000168       0x2d ./FreeRtos_CM3/Output/timers.o
 .ARM.attributes
                0x00000195       0x2d ./Output/config.o
 .ARM.attributes
                0x000001c2       0x2d ./Output/freeRTOS_hook.o
 .ARM.attributes
                0x000001ef       0x2d ./Output/handler.o
 .ARM.attributes
                0x0000021c       0x2d ./Output/main.o
 .ARM.attributes
                0x00000249       0x2d ./Output/startup_STM32F1.o
 .ARM.attributes
                0x00000276       0x2d ./Output/ADC_Driver.o
 .ARM.attributes
                0x000002a3       0x2d ./Output/DMA_Driver.o
 .ARM.attributes
                0x000002d0       0x2d ./Output/FLASH_Driver.o
 .ARM.attributes
                0x000002fd       0x2d ./Output/GPIO_Driver.o
 .ARM.attributes
                0x0000032a       0x2d ./Output/I2C_Driver.o
 .ARM.attributes
                0x00000357       0x2d ./Output/RCC_Driver.o
 .ARM.attributes
                0x00000384       0x2d ./Output/TIM_Driver.o
 .ARM.attributes
                0x000003b1       0x2d ./Output/Kalman_Filter.o
 .ARM.attributes
                0x000003de       0x1b d:/gcc_arm_msys2/bin/../lib/gcc/arm-none-eabi/10.3.1/../../../../arm-none-eabi/lib/thumb/v7-m/nofp\libc.a(lib_a-memcpy.o)
 .ARM.attributes
                0x000003f9       0x2d d:/gcc_arm_msys2/bin/../lib/gcc/arm-none-eabi/10.3.1/../../../../arm-none-eabi/lib/thumb/v7-m/nofp\libc.a(lib_a-memset.o)
 .ARM.attributes
                0x00000426       0x2d d:/gcc_arm_msys2/bin/../lib/gcc/arm-none-eabi/10.3.1/../../../../arm-none-eabi/lib/thumb/v7-m/nofp\libm.a(lib_a-w_pow.o)
 .ARM.attributes
                0x00000453       0x2d d:/gcc_arm_msys2/bin/../lib/gcc/arm-none-eabi/10.3.1/../../../../arm-none-eabi/lib/thumb/v7-m/nofp\libm.a(lib_a-e_pow.o)
 .ARM.attributes
                0x00000480       0x2d d:/gcc_arm_msys2/bin/../lib/gcc/arm-none-eabi/10.3.1/../../../../arm-none-eabi/lib/thumb/v7-m/nofp\libm.a(lib_a-e_sqrt.o)
 .ARM.attributes
                0x000004ad       0x2d d:/gcc_arm_msys2/bin/../lib/gcc/arm-none-eabi/10.3.1/../../../../arm-none-eabi/lib/thumb/v7-m/nofp\libm.a(lib_a-math_err.o)
 .ARM.attributes
                0x000004da       0x2d d:/gcc_arm_msys2/bin/../lib/gcc/arm-none-eabi/10.3.1/../../../../arm-none-eabi/lib/thumb/v7-m/nofp\libm.a(lib_a-s_fabs.o)
 .ARM.attributes
                0x00000507       0x2d d:/gcc_arm_msys2/bin/../lib/gcc/arm-none-eabi/10.3.1/../../../../arm-none-eabi/lib/thumb/v7-m/nofp\libm.a(lib_a-s_finite.o)
 .ARM.attributes
                0x00000534       0x2d d:/gcc_arm_msys2/bin/../lib/gcc/arm-none-eabi/10.3.1/../../../../arm-none-eabi/lib/thumb/v7-m/nofp\libm.a(lib_a-s_scalbn.o)
 .ARM.attributes
                0x00000561       0x1d d:/gcc_arm_msys2/bin/../lib/gcc/arm-none-eabi/10.3.1/thumb/v7-m/nofp\libgcc.a(_arm_muldf3.o)
 .ARM.attributes
                0x0000057e       0x1d d:/gcc_arm_msys2/bin/../lib/gcc/arm-none-eabi/10.3.1/thumb/v7-m/nofp\libgcc.a(_arm_mulsf3.o)
 .ARM.attributes
                0x0000059b       0x1d d:/gcc_arm_msys2/bin/../lib/gcc/arm-none-eabi/10.3.1/thumb/v7-m/nofp\libgcc.a(_arm_addsubdf3.o)
 .ARM.attributes
                0x000005b8       0x1d d:/gcc_arm_msys2/bin/../lib/gcc/arm-none-eabi/10.3.1/thumb/v7-m/nofp\libgcc.a(_arm_muldivdf3.o)
 .ARM.attributes
                0x000005d5       0x1d d:/gcc_arm_msys2/bin/../lib/gcc/arm-none-eabi/10.3.1/thumb/v7-m/nofp\libgcc.a(_arm_cmpdf2.o)
 .ARM.attributes
                0x000005f2       0x1d d:/gcc_arm_msys2/bin/../lib/gcc/arm-none-eabi/10.3.1/thumb/v7-m/nofp\libgcc.a(_arm_unorddf2.o)
 .ARM.attributes
                0x0000060f       0x1d d:/gcc_arm_msys2/bin/../lib/gcc/arm-none-eabi/10.3.1/thumb/v7-m/nofp\libgcc.a(_arm_fixunsdfsi.o)
 .ARM.attributes
                0x0000062c       0x1d d:/gcc_arm_msys2/bin/../lib/gcc/arm-none-eabi/10.3.1/thumb/v7-m/nofp\libgcc.a(_arm_addsubsf3.o)
 .ARM.attributes
                0x00000649       0x1d d:/gcc_arm_msys2/bin/../lib/gcc/arm-none-eabi/10.3.1/thumb/v7-m/nofp\libgcc.a(_arm_muldivsf3.o)
 .ARM.attributes
                0x00000666       0x2d d:/gcc_arm_msys2/bin/../lib/gcc/arm-none-eabi/10.3.1/../../../../arm-none-eabi/lib/thumb/v7-m/nofp\libc.a(lib_a-errno.o)
 .ARM.attributes
                0x00000693       0x2d d:/gcc_arm_msys2/bin/../lib/gcc/arm-none-eabi/10.3.1/../../../../arm-none-eabi/lib/thumb/v7-m/nofp\libc.a(lib_a-impure.o)

.debug_frame    0x00000000     0x216c
 .debug_frame   0x00000000      0x180 ./FreeRtos_CM3/Output/event_groups.o
 .debug_frame   0x00000180      0x150 ./FreeRtos_CM3/Output/heap_4.o
 .debug_frame   0x000002d0       0xd8 ./FreeRtos_CM3/Output/list.o
 .debug_frame   0x000003a8      0x198 ./FreeRtos_CM3/Output/port.o
 .debug_frame   0x00000540      0x35c ./FreeRtos_CM3/Output/queue.o
 .debug_frame   0x0000089c      0x334 ./FreeRtos_CM3/Output/stream_buffer.o
 .debug_frame   0x00000bd0      0x710 ./FreeRtos_CM3/Output/tasks.o
 .debug_frame   0x000012e0      0x378 ./FreeRtos_CM3/Output/timers.o
 .debug_frame   0x00001658       0x2c ./Output/config.o
 .debug_frame   0x00001684       0x44 ./Output/freeRTOS_hook.o
 .debug_frame   0x000016c8       0x2c ./Output/handler.o
 .debug_frame   0x000016f4       0x50 ./Output/main.o
 .debug_frame   0x00001744       0x50 ./Output/startup_STM32F1.o
 .debug_frame   0x00001794       0x68 ./Output/ADC_Driver.o
 .debug_frame   0x000017fc       0x58 ./Output/DMA_Driver.o
 .debug_frame   0x00001854       0x90 ./Output/GPIO_Driver.o
 .debug_frame   0x000018e4      0x110 ./Output/I2C_Driver.o
 .debug_frame   0x000019f4       0x98 ./Output/RCC_Driver.o
 .debug_frame   0x00001a8c       0x74 ./Output/TIM_Driver.o
 .debug_frame   0x00001b00       0xd0 ./Output/Kalman_Filter.o
 .debug_frame   0x00001bd0       0x2c d:/gcc_arm_msys2/bin/../lib/gcc/arm-none-eabi/10.3.1/../../../../arm-none-eabi/lib/thumb/v7-m/nofp\libc.a(lib_a-memset.o)
 .debug_frame   0x00001bfc       0x34 d:/gcc_arm_msys2/bin/../lib/gcc/arm-none-eabi/10.3.1/../../../../arm-none-eabi/lib/thumb/v7-m/nofp\libm.a(lib_a-w_pow.o)
 .debug_frame   0x00001c30       0x7c d:/gcc_arm_msys2/bin/../lib/gcc/arm-none-eabi/10.3.1/../../../../arm-none-eabi/lib/thumb/v7-m/nofp\libm.a(lib_a-e_pow.o)
 .debug_frame   0x00001cac       0x34 d:/gcc_arm_msys2/bin/../lib/gcc/arm-none-eabi/10.3.1/../../../../arm-none-eabi/lib/thumb/v7-m/nofp\libm.a(lib_a-e_sqrt.o)
 .debug_frame   0x00001ce0      0x124 d:/gcc_arm_msys2/bin/../lib/gcc/arm-none-eabi/10.3.1/../../../../arm-none-eabi/lib/thumb/v7-m/nofp\libm.a(lib_a-math_err.o)
 .debug_frame   0x00001e04       0x20 d:/gcc_arm_msys2/bin/../lib/gcc/arm-none-eabi/10.3.1/../../../../arm-none-eabi/lib/thumb/v7-m/nofp\libm.a(lib_a-s_fabs.o)
 .debug_frame   0x00001e24       0x20 d:/gcc_arm_msys2/bin/../lib/gcc/arm-none-eabi/10.3.1/../../../../arm-none-eabi/lib/thumb/v7-m/nofp\libm.a(lib_a-s_finite.o)
 .debug_frame   0x00001e44       0x2c d:/gcc_arm_msys2/bin/../lib/gcc/arm-none-eabi/10.3.1/../../../../arm-none-eabi/lib/thumb/v7-m/nofp\libm.a(lib_a-s_scalbn.o)
 .debug_frame   0x00001e70       0x30 d:/gcc_arm_msys2/bin/../lib/gcc/arm-none-eabi/10.3.1/thumb/v7-m/nofp\libgcc.a(_arm_muldf3.o)
 .debug_frame   0x00001ea0       0x24 d:/gcc_arm_msys2/bin/../lib/gcc/arm-none-eabi/10.3.1/thumb/v7-m/nofp\libgcc.a(_arm_mulsf3.o)
 .debug_frame   0x00001ec4       0xac d:/gcc_arm_msys2/bin/../lib/gcc/arm-none-eabi/10.3.1/thumb/v7-m/nofp\libgcc.a(_arm_addsubdf3.o)
 .debug_frame   0x00001f70       0x50 d:/gcc_arm_msys2/bin/../lib/gcc/arm-none-eabi/10.3.1/thumb/v7-m/nofp\libgcc.a(_arm_muldivdf3.o)
 .debug_frame   0x00001fc0       0xc4 d:/gcc_arm_msys2/bin/../lib/gcc/arm-none-eabi/10.3.1/thumb/v7-m/nofp\libgcc.a(_arm_cmpdf2.o)
 .debug_frame   0x00002084       0x20 d:/gcc_arm_msys2/bin/../lib/gcc/arm-none-eabi/10.3.1/thumb/v7-m/nofp\libgcc.a(_arm_unorddf2.o)
 .debug_frame   0x000020a4       0x24 d:/gcc_arm_msys2/bin/../lib/gcc/arm-none-eabi/10.3.1/thumb/v7-m/nofp\libgcc.a(_arm_fixunsdfsi.o)
 .debug_frame   0x000020c8       0x4c d:/gcc_arm_msys2/bin/../lib/gcc/arm-none-eabi/10.3.1/thumb/v7-m/nofp\libgcc.a(_arm_addsubsf3.o)
 .debug_frame   0x00002114       0x38 d:/gcc_arm_msys2/bin/../lib/gcc/arm-none-eabi/10.3.1/thumb/v7-m/nofp\libgcc.a(_arm_muldivsf3.o)
 .debug_frame   0x0000214c       0x20 d:/gcc_arm_msys2/bin/../lib/gcc/arm-none-eabi/10.3.1/../../../../arm-none-eabi/lib/thumb/v7-m/nofp\libc.a(lib_a-errno.o)
